---
http_interactions:
- request:
    method: post
    uri: https://gtg.steem.house:8090/
    body:
      encoding: UTF-8
      string: '{"jsonrpc":"2.0","method":"condenser_api.get_feed_history","params":[],"id":1}'
    headers:
      Content-Type:
      - application/json
      User-Agent:
      - radiator/0.4.1
      Accept-Encoding:
      - gzip;q=1.0,deflate;q=0.6,identity;q=0.3
      Accept:
      - "*/*"
      Connection:
      - keep-alive
      Keep-Alive:
      - '30'
  response:
    status:
      code: 200
      message: OK
    headers:
      Server:
      - nginx
      Date:
      - Sun, 13 May 2018 05:50:25 GMT
      Content-Length:
      - '4789'
      Connection:
      - keep-alive
      Access-Control-Allow-Origin:
      - "*"
      Access-Control-Allow-Methods:
      - GET, POST, OPTIONS
      Access-Control-Allow-Headers:
      - DNT,Keep-Alive,User-Agent,X-Requested-With,If-Modified-Since,Cache-Control,Content-Type,Content-Range,Range
    body:
      encoding: UTF-8
      string: '{"id":1,"error":{"code":1,"message":"10 assert_exception: Assert Exception\nitr
        != _by_name.end(): no method with name ''condenser_api.get_feed_history''\n    {\"name\":\"condenser_api.get_feed_history\",\"api\":{\"get_account_bandwidth\":42,\"get_account_count\":35,\"get_account_history\":37,\"get_account_references\":32,\"get_account_votes\":57,\"get_accounts\":31,\"get_active_votes\":56,\"get_active_witnesses\":67,\"get_block\":18,\"get_block_header\":17,\"get_chain_properties\":23,\"get_comment_discussions_by_payout\":5,\"get_config\":21,\"get_content\":58,\"get_content_replies\":59,\"get_conversion_requests\":36,\"get_current_median_history_price\":25,\"get_discussions_by_active\":8,\"get_discussions_by_author_before_date\":60,\"get_discussions_by_blog\":14,\"get_discussions_by_cashout\":9,\"get_discussions_by_children\":11,\"get_discussions_by_comments\":15,\"get_discussions_by_created\":7,\"get_discussions_by_feed\":13,\"get_discussions_by_hot\":12,\"get_discussions_by_payout\":3,\"get_discussions_by_promoted\":16,\"get_discussions_by_trending\":6,\"get_discussions_by_votes\":10,\"get_dynamic_global_properties\":22,\"get_escrow\":40,\"get_expiring_vesting_delegations\":46,\"get_feed_history\":24,\"get_hardfork_version\":27,\"get_key_references\":30,\"get_liquidity_queue\":49,\"get_miner_queue\":68,\"get_next_scheduled_hardfork\":28,\"get_open_orders\":48,\"get_ops_in_block\":19,\"get_order_book\":47,\"get_owner_history\":38,\"get_post_discussions_by_payout\":4,\"get_potential_signatures\":53,\"get_recovery_request\":39,\"get_replies_by_last_update\":61,\"get_required_signatures\":52,\"get_reward_fund\":29,\"get_savings_withdraw_from\":43,\"get_savings_withdraw_to\":44,\"get_state\":20,\"get_tags_used_by_author\":2,\"get_transaction\":51,\"get_transaction_hex\":50,\"get_trending_tags\":1,\"get_vesting_delegations\":45,\"get_withdraw_routes\":41,\"get_witness_by_account\":63,\"get_witness_count\":66,\"get_witness_schedule\":26,\"get_witnesses\":62,\"get_witnesses_by_vote\":64,\"lookup_account_names\":33,\"lookup_accounts\":34,\"lookup_witness_accounts\":65,\"set_block_applied_callback\":0,\"verify_account_authority\":55,\"verify_authority\":54}}\n    th_a  api_connection.hpp:109
        call\n\n    {\"call.method\":\"condenser_api.get_feed_history\",\"call.params\":[]}\n    th_a  websocket_api.cpp:124
        on_message","data":{"code":10,"name":"assert_exception","message":"Assert
        Exception","stack":[{"context":{"level":"error","file":"api_connection.hpp","line":109,"method":"call","hostname":"","thread_name":"th_a","timestamp":"2018-05-13T05:50:25"},"format":"itr
        != _by_name.end(): no method with name ''${name}''","data":{"name":"condenser_api.get_feed_history","api":{"get_account_bandwidth":42,"get_account_count":35,"get_account_history":37,"get_account_references":32,"get_account_votes":57,"get_accounts":31,"get_active_votes":56,"get_active_witnesses":67,"get_block":18,"get_block_header":17,"get_chain_properties":23,"get_comment_discussions_by_payout":5,"get_config":21,"get_content":58,"get_content_replies":59,"get_conversion_requests":36,"get_current_median_history_price":25,"get_discussions_by_active":8,"get_discussions_by_author_before_date":60,"get_discussions_by_blog":14,"get_discussions_by_cashout":9,"get_discussions_by_children":11,"get_discussions_by_comments":15,"get_discussions_by_created":7,"get_discussions_by_feed":13,"get_discussions_by_hot":12,"get_discussions_by_payout":3,"get_discussions_by_promoted":16,"get_discussions_by_trending":6,"get_discussions_by_votes":10,"get_dynamic_global_properties":22,"get_escrow":40,"get_expiring_vesting_delegations":46,"get_feed_history":24,"get_hardfork_version":27,"get_key_references":30,"get_liquidity_queue":49,"get_miner_queue":68,"get_next_scheduled_hardfork":28,"get_open_orders":48,"get_ops_in_block":19,"get_order_book":47,"get_owner_history":38,"get_post_discussions_by_payout":4,"get_potential_signatures":53,"get_recovery_request":39,"get_replies_by_last_update":61,"get_required_signatures":52,"get_reward_fund":29,"get_savings_withdraw_from":43,"get_savings_withdraw_to":44,"get_state":20,"get_tags_used_by_author":2,"get_transaction":51,"get_transaction_hex":50,"get_trending_tags":1,"get_vesting_delegations":45,"get_withdraw_routes":41,"get_witness_by_account":63,"get_witness_count":66,"get_witness_schedule":26,"get_witnesses":62,"get_witnesses_by_vote":64,"lookup_account_names":33,"lookup_accounts":34,"lookup_witness_accounts":65,"set_block_applied_callback":0,"verify_account_authority":55,"verify_authority":54}}},{"context":{"level":"warn","file":"websocket_api.cpp","line":124,"method":"on_message","hostname":"","thread_name":"th_a","timestamp":"2018-05-13T05:50:25"},"format":"","data":{"call.method":"condenser_api.get_feed_history","call.params":[]}}]}}}'
    http_version: 
  recorded_at: Sun, 13 May 2018 05:50:25 GMT
- request:
    method: get
    uri: https://gtg.steem.house:8090/health
    body:
      encoding: US-ASCII
      string: ''
    headers:
      Accept-Encoding:
      - gzip;q=1.0,deflate;q=0.6,identity;q=0.3
      Accept:
      - "*/*"
      User-Agent:
      - Ruby
  response:
    status:
      code: 504
      message: Gateway Time-out
    headers:
      Server:
      - nginx
      Date:
      - Sun, 13 May 2018 05:50:55 GMT
      Content-Type:
      - text/html
      Content-Length:
      - '192'
      Connection:
      - keep-alive
    body:
      encoding: UTF-8
      string: "<html>\r\n<head><title>504 Gateway Time-out</title></head>\r\n<body
        bgcolor=\"white\">\r\n<center><h1>504 Gateway Time-out</h1></center>\r\n<hr><center>nginx/1.10.3
        (Ubuntu)</center>\r\n</body>\r\n</html>\r\n"
    http_version: 
  recorded_at: Sun, 13 May 2018 05:50:56 GMT
- request:
    method: get
    uri: https://steemd.pevo.science/health
    body:
      encoding: US-ASCII
      string: ''
    headers:
      Accept-Encoding:
      - gzip;q=1.0,deflate;q=0.6,identity;q=0.3
      Accept:
      - "*/*"
      User-Agent:
      - Ruby
  response:
    status:
      code: 200
      message: OK
    headers:
      Server:
      - nginx/1.10.3 (Ubuntu)
      Date:
      - Sun, 13 May 2018 05:50:56 GMT
      Content-Length:
      - '131'
      Connection:
      - keep-alive
      Access-Control-Allow-Origin:
      - "*"
      Access-Control-Allow-Methods:
      - GET, POST, OPTIONS, POST
    body:
      encoding: UTF-8
      string: |-
        11 eof_exception: End Of File
        stringstream
            {}
            th_a  sstream.cpp:109 peek

            {"str":""}
            th_a  json.cpp:479 from_string
    http_version: 
  recorded_at: Sun, 13 May 2018 05:50:57 GMT
- request:
    method: post
    uri: https://steemd.pevo.science/
    body:
      encoding: UTF-8
      string: '{"jsonrpc":"2.0","method":"condenser_api.get_feed_history","params":[],"id":1}'
    headers:
      Content-Type:
      - application/json
      User-Agent:
      - radiator/0.4.1
      Accept-Encoding:
      - gzip;q=1.0,deflate;q=0.6,identity;q=0.3
      Accept:
      - "*/*"
      Connection:
      - keep-alive
      Keep-Alive:
      - '30'
  response:
    status:
      code: 200
      message: OK
    headers:
      Server:
      - nginx/1.10.3 (Ubuntu)
      Date:
      - Sun, 13 May 2018 05:50:57 GMT
      Content-Length:
      - '4789'
      Connection:
      - keep-alive
      Access-Control-Allow-Origin:
      - "*"
      Access-Control-Allow-Methods:
      - GET, POST, OPTIONS, POST
    body:
      encoding: UTF-8
      string: '{"id":1,"error":{"code":1,"message":"10 assert_exception: Assert Exception\nitr
        != _by_name.end(): no method with name ''condenser_api.get_feed_history''\n    {\"name\":\"condenser_api.get_feed_history\",\"api\":{\"get_account_bandwidth\":42,\"get_account_count\":35,\"get_account_history\":37,\"get_account_references\":32,\"get_account_votes\":57,\"get_accounts\":31,\"get_active_votes\":56,\"get_active_witnesses\":67,\"get_block\":18,\"get_block_header\":17,\"get_chain_properties\":23,\"get_comment_discussions_by_payout\":5,\"get_config\":21,\"get_content\":58,\"get_content_replies\":59,\"get_conversion_requests\":36,\"get_current_median_history_price\":25,\"get_discussions_by_active\":8,\"get_discussions_by_author_before_date\":60,\"get_discussions_by_blog\":14,\"get_discussions_by_cashout\":9,\"get_discussions_by_children\":11,\"get_discussions_by_comments\":15,\"get_discussions_by_created\":7,\"get_discussions_by_feed\":13,\"get_discussions_by_hot\":12,\"get_discussions_by_payout\":3,\"get_discussions_by_promoted\":16,\"get_discussions_by_trending\":6,\"get_discussions_by_votes\":10,\"get_dynamic_global_properties\":22,\"get_escrow\":40,\"get_expiring_vesting_delegations\":46,\"get_feed_history\":24,\"get_hardfork_version\":27,\"get_key_references\":30,\"get_liquidity_queue\":49,\"get_miner_queue\":68,\"get_next_scheduled_hardfork\":28,\"get_open_orders\":48,\"get_ops_in_block\":19,\"get_order_book\":47,\"get_owner_history\":38,\"get_post_discussions_by_payout\":4,\"get_potential_signatures\":53,\"get_recovery_request\":39,\"get_replies_by_last_update\":61,\"get_required_signatures\":52,\"get_reward_fund\":29,\"get_savings_withdraw_from\":43,\"get_savings_withdraw_to\":44,\"get_state\":20,\"get_tags_used_by_author\":2,\"get_transaction\":51,\"get_transaction_hex\":50,\"get_trending_tags\":1,\"get_vesting_delegations\":45,\"get_withdraw_routes\":41,\"get_witness_by_account\":63,\"get_witness_count\":66,\"get_witness_schedule\":26,\"get_witnesses\":62,\"get_witnesses_by_vote\":64,\"lookup_account_names\":33,\"lookup_accounts\":34,\"lookup_witness_accounts\":65,\"set_block_applied_callback\":0,\"verify_account_authority\":55,\"verify_authority\":54}}\n    th_a  api_connection.hpp:109
        call\n\n    {\"call.method\":\"condenser_api.get_feed_history\",\"call.params\":[]}\n    th_a  websocket_api.cpp:124
        on_message","data":{"code":10,"name":"assert_exception","message":"Assert
        Exception","stack":[{"context":{"level":"error","file":"api_connection.hpp","line":109,"method":"call","hostname":"","thread_name":"th_a","timestamp":"2018-05-13T05:50:57"},"format":"itr
        != _by_name.end(): no method with name ''${name}''","data":{"name":"condenser_api.get_feed_history","api":{"get_account_bandwidth":42,"get_account_count":35,"get_account_history":37,"get_account_references":32,"get_account_votes":57,"get_accounts":31,"get_active_votes":56,"get_active_witnesses":67,"get_block":18,"get_block_header":17,"get_chain_properties":23,"get_comment_discussions_by_payout":5,"get_config":21,"get_content":58,"get_content_replies":59,"get_conversion_requests":36,"get_current_median_history_price":25,"get_discussions_by_active":8,"get_discussions_by_author_before_date":60,"get_discussions_by_blog":14,"get_discussions_by_cashout":9,"get_discussions_by_children":11,"get_discussions_by_comments":15,"get_discussions_by_created":7,"get_discussions_by_feed":13,"get_discussions_by_hot":12,"get_discussions_by_payout":3,"get_discussions_by_promoted":16,"get_discussions_by_trending":6,"get_discussions_by_votes":10,"get_dynamic_global_properties":22,"get_escrow":40,"get_expiring_vesting_delegations":46,"get_feed_history":24,"get_hardfork_version":27,"get_key_references":30,"get_liquidity_queue":49,"get_miner_queue":68,"get_next_scheduled_hardfork":28,"get_open_orders":48,"get_ops_in_block":19,"get_order_book":47,"get_owner_history":38,"get_post_discussions_by_payout":4,"get_potential_signatures":53,"get_recovery_request":39,"get_replies_by_last_update":61,"get_required_signatures":52,"get_reward_fund":29,"get_savings_withdraw_from":43,"get_savings_withdraw_to":44,"get_state":20,"get_tags_used_by_author":2,"get_transaction":51,"get_transaction_hex":50,"get_trending_tags":1,"get_vesting_delegations":45,"get_withdraw_routes":41,"get_witness_by_account":63,"get_witness_count":66,"get_witness_schedule":26,"get_witnesses":62,"get_witnesses_by_vote":64,"lookup_account_names":33,"lookup_accounts":34,"lookup_witness_accounts":65,"set_block_applied_callback":0,"verify_account_authority":55,"verify_authority":54}}},{"context":{"level":"warn","file":"websocket_api.cpp","line":124,"method":"on_message","hostname":"","thread_name":"th_a","timestamp":"2018-05-13T05:50:57"},"format":"","data":{"call.method":"condenser_api.get_feed_history","call.params":[]}}]}}}'
    http_version: 
  recorded_at: Sun, 13 May 2018 05:50:57 GMT
- request:
    method: get
    uri: https://api.steemitstage.com/health
    body:
      encoding: US-ASCII
      string: ''
    headers:
      Accept-Encoding:
      - gzip;q=1.0,deflate;q=0.6,identity;q=0.3
      Accept:
      - "*/*"
      User-Agent:
      - Ruby
  response:
    status:
      code: 200
      message: OK
    headers:
      Date:
      - Sun, 13 May 2018 05:50:58 GMT
      Content-Type:
      - application/json
      Content-Length:
      - '136'
      Connection:
      - keep-alive
      Server:
      - nginx
      X-Jussi-Request-Id:
      - '000063021419808039'
      X-Amzn-Trace-Id:
      - Root=1-5af7d242-24e1ba70472b1d50dc8f2da0
      Access-Control-Allow-Origin:
      - "*"
      Access-Control-Allow-Methods:
      - GET, POST, OPTIONS
      Access-Control-Allow-Headers:
      - DNT,Keep-Alive,User-Agent,X-Requested-With,If-Modified-Since,Cache-Control,Content-Type,Content-Range,Range
      Strict-Transport-Security:
      - max-age=31557600; includeSubDomains; preload
      Content-Security-Policy:
      - upgrade-insecure-requests
    body:
      encoding: UTF-8
      string: '{"status":"OK","datetime":"2018-05-13T05:50:58.227383","source_commit":"24ca097c3768608061af6ca629317facfbfde1a4","docker_tag":"latest"}'
    http_version: 
  recorded_at: Sun, 13 May 2018 05:50:58 GMT
- request:
    method: post
    uri: https://api.steemitstage.com/
    body:
      encoding: UTF-8
      string: '{"jsonrpc":"2.0","method":"condenser_api.get_feed_history","params":[],"id":1}'
    headers:
      Content-Type:
      - application/json
      User-Agent:
      - radiator/0.4.1
      Accept-Encoding:
      - gzip;q=1.0,deflate;q=0.6,identity;q=0.3
      Accept:
      - "*/*"
      Connection:
      - keep-alive
      Keep-Alive:
      - '30'
  response:
    status:
      code: 200
      message: OK
    headers:
      Date:
      - Sun, 13 May 2018 05:50:58 GMT
      Content-Type:
      - application/json
      Transfer-Encoding:
      - chunked
      Connection:
      - keep-alive
      Server:
      - nginx
      X-Jussi-Request-Id:
      - '001096278081231447'
      X-Amzn-Trace-Id:
      - Root=1-5af7d242-5f480920175635f0e088b7e0
      Access-Control-Allow-Origin:
      - "*"
      Access-Control-Allow-Methods:
      - GET, POST, OPTIONS
      Access-Control-Allow-Headers:
      - DNT,Keep-Alive,User-Agent,X-Requested-With,If-Modified-Since,Cache-Control,Content-Type,Content-Range,Range
      Strict-Transport-Security:
      - max-age=31557600; includeSubDomains; preload
      Content-Security-Policy:
      - upgrade-insecure-requests
    body:
      encoding: ASCII-8BIT
      string: '{"jsonrpc":"2.0","result":{"id":0,"current_median_history":{"base":"2.834
        SBD","quote":"1.000 STEEM"},"price_history":[{"base":"3.513 SBD","quote":"1.000
        STEEM"},{"base":"3.491 SBD","quote":"1.000 STEEM"},{"base":"3.486 SBD","quote":"1.000
        STEEM"},{"base":"3.480 SBD","quote":"1.000 STEEM"},{"base":"3.479 SBD","quote":"1.000
        STEEM"},{"base":"3.465 SBD","quote":"1.000 STEEM"},{"base":"3.467 SBD","quote":"1.000
        STEEM"},{"base":"3.452 SBD","quote":"1.000 STEEM"},{"base":"3.387 SBD","quote":"1.000
        STEEM"},{"base":"3.381 SBD","quote":"1.000 STEEM"},{"base":"3.384 SBD","quote":"1.000
        STEEM"},{"base":"3.394 SBD","quote":"1.000 STEEM"},{"base":"3.398 SBD","quote":"1.000
        STEEM"},{"base":"3.388 SBD","quote":"1.000 STEEM"},{"base":"3.390 SBD","quote":"1.000
        STEEM"},{"base":"3.396 SBD","quote":"1.000 STEEM"},{"base":"3.384 SBD","quote":"1.000
        STEEM"},{"base":"3.384 SBD","quote":"1.000 STEEM"},{"base":"3.382 SBD","quote":"1.000
        STEEM"},{"base":"3.384 SBD","quote":"1.000 STEEM"},{"base":"3.398 SBD","quote":"1.000
        STEEM"},{"base":"3.399 SBD","quote":"1.000 STEEM"},{"base":"3.421 SBD","quote":"1.000
        STEEM"},{"base":"3.381 SBD","quote":"1.000 STEEM"},{"base":"3.342 SBD","quote":"1.000
        STEEM"},{"base":"3.341 SBD","quote":"1.000 STEEM"},{"base":"3.319 SBD","quote":"1.000
        STEEM"},{"base":"3.317 SBD","quote":"1.000 STEEM"},{"base":"3.288 SBD","quote":"1.000
        STEEM"},{"base":"3.264 SBD","quote":"1.000 STEEM"},{"base":"3.171 SBD","quote":"1.000
        STEEM"},{"base":"3.138 SBD","quote":"1.000 STEEM"},{"base":"3.097 SBD","quote":"1.000
        STEEM"},{"base":"3.098 SBD","quote":"1.000 STEEM"},{"base":"3.094 SBD","quote":"1.000
        STEEM"},{"base":"3.106 SBD","quote":"1.000 STEEM"},{"base":"3.098 SBD","quote":"1.000
        STEEM"},{"base":"2.834 SBD","quote":"1.000 STEEM"},{"base":"2.815 SBD","quote":"1.000
        STEEM"},{"base":"2.815 SBD","quote":"1.000 STEEM"},{"base":"2.773 SBD","quote":"1.000
        STEEM"},{"base":"2.751 SBD","quote":"1.000 STEEM"},{"base":"2.654 SBD","quote":"1.000
        STEEM"},{"base":"2.689 SBD","quote":"1.000 STEEM"},{"base":"2.737 SBD","quote":"1.000
        STEEM"},{"base":"2.766 SBD","quote":"1.000 STEEM"},{"base":"2.785 SBD","quote":"1.000
        STEEM"},{"base":"2.829 SBD","quote":"1.000 STEEM"},{"base":"2.829 SBD","quote":"1.000
        STEEM"},{"base":"2.848 SBD","quote":"1.000 STEEM"},{"base":"2.839 SBD","quote":"1.000
        STEEM"},{"base":"2.776 SBD","quote":"1.000 STEEM"},{"base":"2.759 SBD","quote":"1.000
        STEEM"},{"base":"2.824 SBD","quote":"1.000 STEEM"},{"base":"2.824 SBD","quote":"1.000
        STEEM"},{"base":"2.818 SBD","quote":"1.000 STEEM"},{"base":"2.807 SBD","quote":"1.000
        STEEM"},{"base":"2.792 SBD","quote":"1.000 STEEM"},{"base":"2.733 SBD","quote":"1.000
        STEEM"},{"base":"2.706 SBD","quote":"1.000 STEEM"},{"base":"2.571 SBD","quote":"1.000
        STEEM"},{"base":"2.594 SBD","quote":"1.000 STEEM"},{"base":"2.606 SBD","quote":"1.000
        STEEM"},{"base":"2.606 SBD","quote":"1.000 STEEM"},{"base":"2.715 SBD","quote":"1.000
        STEEM"},{"base":"2.738 SBD","quote":"1.000 STEEM"},{"base":"2.792 SBD","quote":"1.000
        STEEM"},{"base":"2.848 SBD","quote":"1.000 STEEM"},{"base":"2.796 SBD","quote":"1.000
        STEEM"},{"base":"2.732 SBD","quote":"1.000 STEEM"},{"base":"2.674 SBD","quote":"1.000
        STEEM"},{"base":"2.674 SBD","quote":"1.000 STEEM"},{"base":"2.685 SBD","quote":"1.000
        STEEM"},{"base":"2.694 SBD","quote":"1.000 STEEM"},{"base":"2.708 SBD","quote":"1.000
        STEEM"},{"base":"2.703 SBD","quote":"1.000 STEEM"},{"base":"2.712 SBD","quote":"1.000
        STEEM"},{"base":"2.769 SBD","quote":"1.000 STEEM"},{"base":"2.775 SBD","quote":"1.000
        STEEM"},{"base":"2.757 SBD","quote":"1.000 STEEM"},{"base":"2.723 SBD","quote":"1.000
        STEEM"},{"base":"2.818 SBD","quote":"1.000 STEEM"},{"base":"2.836 SBD","quote":"1.000
        STEEM"},{"base":"2.818 SBD","quote":"1.000 STEEM"}]},"id":1}'
    http_version: 
  recorded_at: Sun, 13 May 2018 05:50:58 GMT
- request:
    method: post
    uri: https://api.steemitstage.com/
    body:
      encoding: UTF-8
      string: '{"jsonrpc":"2.0","method":"condenser_api.get_dynamic_global_properties","params":[],"id":2}'
    headers:
      Content-Type:
      - application/json
      User-Agent:
      - radiator/0.4.1
      Accept-Encoding:
      - gzip;q=1.0,deflate;q=0.6,identity;q=0.3
      Accept:
      - "*/*"
      Connection:
      - keep-alive
      Keep-Alive:
      - '30'
  response:
    status:
      code: 200
      message: OK
    headers:
      Date:
      - Sun, 13 May 2018 05:50:59 GMT
      Content-Type:
      - application/json
      Transfer-Encoding:
      - chunked
      Connection:
      - keep-alive
      Server:
      - nginx
      X-Jussi-Request-Id:
      - '000037556319413871'
      X-Amzn-Trace-Id:
      - Root=1-5af7d243-5574d28e8d5db6fd5ae0ebb7
      Access-Control-Allow-Origin:
      - "*"
      Access-Control-Allow-Methods:
      - GET, POST, OPTIONS
      Access-Control-Allow-Headers:
      - DNT,Keep-Alive,User-Agent,X-Requested-With,If-Modified-Since,Cache-Control,Content-Type,Content-Range,Range
      Strict-Transport-Security:
      - max-age=31557600; includeSubDomains; preload
      Content-Security-Policy:
      - upgrade-insecure-requests
    body:
      encoding: ASCII-8BIT
      string: '{"jsonrpc":"2.0","result":{"head_block_number":22386131,"head_block_id":"015595d3f575af4f5c90155fe5af55543e1273b3","time":"2018-05-13T05:50:57","current_witness":"jerrybanfield","total_pow":514415,"num_pow_witnesses":172,"virtual_supply":"273038698.792
        STEEM","current_supply":"268270656.358 STEEM","confidential_supply":"0.000
        STEEM","current_sbd_supply":"13512632.260 SBD","confidential_sbd_supply":"0.000
        SBD","total_vesting_fund_steem":"191177206.752 STEEM","total_vesting_shares":"389087776324.915806
        VESTS","total_reward_fund_steem":"0.000 STEEM","total_reward_shares2":"0","pending_rewarded_vesting_shares":"371465078.703096
        VESTS","pending_rewarded_vesting_steem":"181089.160 STEEM","sbd_interest_rate":0,"sbd_print_rate":10000,"maximum_block_size":65536,"current_aslot":22451819,"recent_slots_filled":"340282366920938463463374607431768211455","participation_count":128,"last_irreversible_block_num":22386113,"vote_power_reserve_rate":10,"average_block_size":11486,"current_reserve_ratio":200000000,"max_virtual_bandwidth":"264241152000000000000"},"id":2}'
    http_version: 
  recorded_at: Sun, 13 May 2018 05:50:59 GMT
- request:
    method: post
    uri: https://api.steemitstage.com/
    body:
      encoding: UTF-8
      string: '{"jsonrpc":"2.0","method":"condenser_api.get_dynamic_global_properties","params":[],"id":3}'
    headers:
      Content-Type:
      - application/json
      User-Agent:
      - radiator/0.4.1
      Accept-Encoding:
      - gzip;q=1.0,deflate;q=0.6,identity;q=0.3
      Accept:
      - "*/*"
      Connection:
      - keep-alive
      Keep-Alive:
      - '30'
  response:
    status:
      code: 200
      message: OK
    headers:
      Date:
      - Sun, 13 May 2018 05:50:59 GMT
      Content-Type:
      - application/json
      Transfer-Encoding:
      - chunked
      Connection:
      - keep-alive
      Server:
      - nginx
      X-Jussi-Cache-Hit:
      - appbase.condenser_api.get_dynamic_global_properties.params=[]
      X-Jussi-Request-Id:
      - '000213116232520957'
      X-Amzn-Trace-Id:
      - Root=1-5af7d243-c71d316ae8b10b387e03c5ae
      Access-Control-Allow-Origin:
      - "*"
      Access-Control-Allow-Methods:
      - GET, POST, OPTIONS
      Access-Control-Allow-Headers:
      - DNT,Keep-Alive,User-Agent,X-Requested-With,If-Modified-Since,Cache-Control,Content-Type,Content-Range,Range
      Strict-Transport-Security:
      - max-age=31557600; includeSubDomains; preload
      Content-Security-Policy:
      - upgrade-insecure-requests
    body:
      encoding: ASCII-8BIT
      string: '{"id":3,"jsonrpc":"2.0","result":{"head_block_number":22386131,"head_block_id":"015595d3f575af4f5c90155fe5af55543e1273b3","time":"2018-05-13T05:50:57","current_witness":"jerrybanfield","total_pow":514415,"num_pow_witnesses":172,"virtual_supply":"273038698.792
        STEEM","current_supply":"268270656.358 STEEM","confidential_supply":"0.000
        STEEM","current_sbd_supply":"13512632.260 SBD","confidential_sbd_supply":"0.000
        SBD","total_vesting_fund_steem":"191177206.752 STEEM","total_vesting_shares":"389087776324.915806
        VESTS","total_reward_fund_steem":"0.000 STEEM","total_reward_shares2":"0","pending_rewarded_vesting_shares":"371465078.703096
        VESTS","pending_rewarded_vesting_steem":"181089.160 STEEM","sbd_interest_rate":0,"sbd_print_rate":10000,"maximum_block_size":65536,"current_aslot":22451819,"recent_slots_filled":"340282366920938463463374607431768211455","participation_count":128,"last_irreversible_block_num":22386113,"vote_power_reserve_rate":10,"average_block_size":11486,"current_reserve_ratio":200000000,"max_virtual_bandwidth":"264241152000000000000"}}'
    http_version: 
  recorded_at: Sun, 13 May 2018 05:50:59 GMT
- request:
    method: post
    uri: https://api.steemitstage.com/
    body:
      encoding: UTF-8
      string: '{"jsonrpc":"2.0","method":"condenser_api.get_reward_fund","params":["post"],"id":4}'
    headers:
      Content-Type:
      - application/json
      User-Agent:
      - radiator/0.4.1
      Accept-Encoding:
      - gzip;q=1.0,deflate;q=0.6,identity;q=0.3
      Accept:
      - "*/*"
      Connection:
      - keep-alive
      Keep-Alive:
      - '30'
  response:
    status:
      code: 200
      message: OK
    headers:
      Date:
      - Sun, 13 May 2018 05:50:59 GMT
      Content-Type:
      - application/json
      Content-Length:
      - '333'
      Connection:
      - keep-alive
      Server:
      - nginx
      X-Jussi-Request-Id:
      - '000905898915052655'
      X-Amzn-Trace-Id:
      - Root=1-5af7d243-0c5b5a47111c0fe0ad794fbd
      Access-Control-Allow-Origin:
      - "*"
      Access-Control-Allow-Methods:
      - GET, POST, OPTIONS
      Access-Control-Allow-Headers:
      - DNT,Keep-Alive,User-Agent,X-Requested-With,If-Modified-Since,Cache-Control,Content-Type,Content-Range,Range
      Strict-Transport-Security:
      - max-age=31557600; includeSubDomains; preload
      Content-Security-Policy:
      - upgrade-insecure-requests
    body:
      encoding: UTF-8
      string: '{"jsonrpc":"2.0","result":{"id":0,"name":"post","reward_balance":"738914.653
        STEEM","recent_claims":"454579517881775015","last_update":"2018-05-13T05:50:57","content_constant":"2000000000000","percent_curation_rewards":2500,"percent_content_rewards":10000,"author_reward_curve":"linear","curation_reward_curve":"square_root"},"id":4}'
    http_version: 
  recorded_at: Sun, 13 May 2018 05:50:59 GMT
- request:
    method: post
    uri: https://api.steemit.com/
    body:
      encoding: UTF-8
      string: '{"jsonrpc":"2.0","method":"condenser_api.get_feed_history","params":[],"id":1}'
    headers:
      Content-Type:
      - application/json
      User-Agent:
      - radiator/0.4.1
      Accept-Encoding:
      - gzip;q=1.0,deflate;q=0.6,identity;q=0.3
      Accept:
      - "*/*"
      Connection:
      - keep-alive
      Keep-Alive:
      - '30'
  response:
    status:
      code: 200
      message: OK
    headers:
      Date:
      - Sun, 13 May 2018 06:03:09 GMT
      Content-Type:
      - application/json
      Transfer-Encoding:
      - chunked
      Connection:
      - keep-alive
      Server:
      - nginx
      X-Jussi-Request-Id:
      - '000411550820963136'
      X-Amzn-Trace-Id:
      - Root=1-5af7d51d-7e2805b44c8480175f4dbc8e
      Access-Control-Allow-Origin:
      - "*"
      Access-Control-Allow-Methods:
      - GET, POST, OPTIONS
      Access-Control-Allow-Headers:
      - DNT,Keep-Alive,User-Agent,X-Requested-With,If-Modified-Since,Cache-Control,Content-Type,Content-Range,Range
      Strict-Transport-Security:
      - max-age=31557600; includeSubDomains; preload
      Content-Security-Policy:
      - upgrade-insecure-requests
    body:
      encoding: ASCII-8BIT
      string: '{"jsonrpc":"2.0","result":{"id":0,"current_median_history":{"base":"2.834
        SBD","quote":"1.000 STEEM"},"price_history":[{"base":"3.513 SBD","quote":"1.000
        STEEM"},{"base":"3.491 SBD","quote":"1.000 STEEM"},{"base":"3.486 SBD","quote":"1.000
        STEEM"},{"base":"3.480 SBD","quote":"1.000 STEEM"},{"base":"3.479 SBD","quote":"1.000
        STEEM"},{"base":"3.465 SBD","quote":"1.000 STEEM"},{"base":"3.467 SBD","quote":"1.000
        STEEM"},{"base":"3.452 SBD","quote":"1.000 STEEM"},{"base":"3.387 SBD","quote":"1.000
        STEEM"},{"base":"3.381 SBD","quote":"1.000 STEEM"},{"base":"3.384 SBD","quote":"1.000
        STEEM"},{"base":"3.394 SBD","quote":"1.000 STEEM"},{"base":"3.398 SBD","quote":"1.000
        STEEM"},{"base":"3.388 SBD","quote":"1.000 STEEM"},{"base":"3.390 SBD","quote":"1.000
        STEEM"},{"base":"3.396 SBD","quote":"1.000 STEEM"},{"base":"3.384 SBD","quote":"1.000
        STEEM"},{"base":"3.384 SBD","quote":"1.000 STEEM"},{"base":"3.382 SBD","quote":"1.000
        STEEM"},{"base":"3.384 SBD","quote":"1.000 STEEM"},{"base":"3.398 SBD","quote":"1.000
        STEEM"},{"base":"3.399 SBD","quote":"1.000 STEEM"},{"base":"3.421 SBD","quote":"1.000
        STEEM"},{"base":"3.381 SBD","quote":"1.000 STEEM"},{"base":"3.342 SBD","quote":"1.000
        STEEM"},{"base":"3.341 SBD","quote":"1.000 STEEM"},{"base":"3.319 SBD","quote":"1.000
        STEEM"},{"base":"3.317 SBD","quote":"1.000 STEEM"},{"base":"3.288 SBD","quote":"1.000
        STEEM"},{"base":"3.264 SBD","quote":"1.000 STEEM"},{"base":"3.171 SBD","quote":"1.000
        STEEM"},{"base":"3.138 SBD","quote":"1.000 STEEM"},{"base":"3.097 SBD","quote":"1.000
        STEEM"},{"base":"3.098 SBD","quote":"1.000 STEEM"},{"base":"3.094 SBD","quote":"1.000
        STEEM"},{"base":"3.106 SBD","quote":"1.000 STEEM"},{"base":"3.098 SBD","quote":"1.000
        STEEM"},{"base":"2.834 SBD","quote":"1.000 STEEM"},{"base":"2.815 SBD","quote":"1.000
        STEEM"},{"base":"2.815 SBD","quote":"1.000 STEEM"},{"base":"2.773 SBD","quote":"1.000
        STEEM"},{"base":"2.751 SBD","quote":"1.000 STEEM"},{"base":"2.654 SBD","quote":"1.000
        STEEM"},{"base":"2.689 SBD","quote":"1.000 STEEM"},{"base":"2.737 SBD","quote":"1.000
        STEEM"},{"base":"2.766 SBD","quote":"1.000 STEEM"},{"base":"2.785 SBD","quote":"1.000
        STEEM"},{"base":"2.829 SBD","quote":"1.000 STEEM"},{"base":"2.829 SBD","quote":"1.000
        STEEM"},{"base":"2.848 SBD","quote":"1.000 STEEM"},{"base":"2.839 SBD","quote":"1.000
        STEEM"},{"base":"2.776 SBD","quote":"1.000 STEEM"},{"base":"2.759 SBD","quote":"1.000
        STEEM"},{"base":"2.824 SBD","quote":"1.000 STEEM"},{"base":"2.824 SBD","quote":"1.000
        STEEM"},{"base":"2.818 SBD","quote":"1.000 STEEM"},{"base":"2.807 SBD","quote":"1.000
        STEEM"},{"base":"2.792 SBD","quote":"1.000 STEEM"},{"base":"2.733 SBD","quote":"1.000
        STEEM"},{"base":"2.706 SBD","quote":"1.000 STEEM"},{"base":"2.571 SBD","quote":"1.000
        STEEM"},{"base":"2.594 SBD","quote":"1.000 STEEM"},{"base":"2.606 SBD","quote":"1.000
        STEEM"},{"base":"2.606 SBD","quote":"1.000 STEEM"},{"base":"2.715 SBD","quote":"1.000
        STEEM"},{"base":"2.738 SBD","quote":"1.000 STEEM"},{"base":"2.792 SBD","quote":"1.000
        STEEM"},{"base":"2.848 SBD","quote":"1.000 STEEM"},{"base":"2.796 SBD","quote":"1.000
        STEEM"},{"base":"2.732 SBD","quote":"1.000 STEEM"},{"base":"2.674 SBD","quote":"1.000
        STEEM"},{"base":"2.674 SBD","quote":"1.000 STEEM"},{"base":"2.685 SBD","quote":"1.000
        STEEM"},{"base":"2.694 SBD","quote":"1.000 STEEM"},{"base":"2.708 SBD","quote":"1.000
        STEEM"},{"base":"2.703 SBD","quote":"1.000 STEEM"},{"base":"2.712 SBD","quote":"1.000
        STEEM"},{"base":"2.769 SBD","quote":"1.000 STEEM"},{"base":"2.775 SBD","quote":"1.000
        STEEM"},{"base":"2.757 SBD","quote":"1.000 STEEM"},{"base":"2.723 SBD","quote":"1.000
        STEEM"},{"base":"2.818 SBD","quote":"1.000 STEEM"},{"base":"2.836 SBD","quote":"1.000
        STEEM"},{"base":"2.818 SBD","quote":"1.000 STEEM"}]},"id":1}'
    http_version: 
  recorded_at: Sun, 13 May 2018 06:03:09 GMT
- request:
    method: post
    uri: https://api.steemit.com/
    body:
      encoding: UTF-8
      string: '{"jsonrpc":"2.0","method":"condenser_api.get_dynamic_global_properties","params":[],"id":2}'
    headers:
      Content-Type:
      - application/json
      User-Agent:
      - radiator/0.4.1
      Accept-Encoding:
      - gzip;q=1.0,deflate;q=0.6,identity;q=0.3
      Accept:
      - "*/*"
      Connection:
      - keep-alive
      Keep-Alive:
      - '30'
  response:
    status:
      code: 200
      message: OK
    headers:
      Date:
      - Sun, 13 May 2018 06:03:10 GMT
      Content-Type:
      - application/json
      Transfer-Encoding:
      - chunked
      Connection:
      - keep-alive
      Server:
      - nginx
      X-Jussi-Request-Id:
      - '001070160856615260'
      X-Amzn-Trace-Id:
      - Root=1-5af7d51d-f2f0996a090eb9566655bb3a
      Access-Control-Allow-Origin:
      - "*"
      Access-Control-Allow-Methods:
      - GET, POST, OPTIONS
      Access-Control-Allow-Headers:
      - DNT,Keep-Alive,User-Agent,X-Requested-With,If-Modified-Since,Cache-Control,Content-Type,Content-Range,Range
      Strict-Transport-Security:
      - max-age=31557600; includeSubDomains; preload
      Content-Security-Policy:
      - upgrade-insecure-requests
    body:
      encoding: ASCII-8BIT
      string: '{"jsonrpc":"2.0","result":{"head_block_number":22386375,"head_block_id":"015596c783f2661bdf9863157b37ac99465136b6","time":"2018-05-13T06:03:09","current_witness":"clayop","total_pow":514415,"num_pow_witnesses":172,"virtual_supply":"273039261.429
        STEEM","current_supply":"268271065.829 STEEM","confidential_supply":"0.000
        STEEM","current_sbd_supply":"13513066.332 SBD","confidential_sbd_supply":"0.000
        SBD","total_vesting_fund_steem":"191177429.778 STEEM","total_vesting_shares":"389088058406.858564
        VESTS","total_reward_fund_steem":"0.000 STEEM","total_reward_shares2":"0","pending_rewarded_vesting_shares":"371476381.817732
        VESTS","pending_rewarded_vesting_steem":"181094.717 STEEM","sbd_interest_rate":0,"sbd_print_rate":10000,"maximum_block_size":65536,"current_aslot":22452063,"recent_slots_filled":"340282366920938463463374607431768211455","participation_count":128,"last_irreversible_block_num":22386360,"vote_power_reserve_rate":10,"average_block_size":12690,"current_reserve_ratio":200000000,"max_virtual_bandwidth":"264241152000000000000"},"id":2}'
    http_version: 
  recorded_at: Sun, 13 May 2018 06:03:10 GMT
- request:
    method: post
    uri: https://api.steemit.com/
    body:
      encoding: UTF-8
      string: '{"jsonrpc":"2.0","method":"condenser_api.get_dynamic_global_properties","params":[],"id":3}'
    headers:
      Content-Type:
      - application/json
      User-Agent:
      - radiator/0.4.1
      Accept-Encoding:
      - gzip;q=1.0,deflate;q=0.6,identity;q=0.3
      Accept:
      - "*/*"
      Connection:
      - keep-alive
      Keep-Alive:
      - '30'
  response:
    status:
      code: 200
      message: OK
    headers:
      Date:
      - Sun, 13 May 2018 06:03:10 GMT
      Content-Type:
      - application/json
      Transfer-Encoding:
      - chunked
      Connection:
      - keep-alive
      Server:
      - nginx
      X-Jussi-Cache-Hit:
      - appbase.condenser_api.get_dynamic_global_properties.params=[]
      X-Jussi-Request-Id:
      - '000160259243762599'
      X-Amzn-Trace-Id:
      - Root=1-5af7d51e-1fcbbc0008e1ff0cc093dc84
      Access-Control-Allow-Origin:
      - "*"
      Access-Control-Allow-Methods:
      - GET, POST, OPTIONS
      Access-Control-Allow-Headers:
      - DNT,Keep-Alive,User-Agent,X-Requested-With,If-Modified-Since,Cache-Control,Content-Type,Content-Range,Range
      Strict-Transport-Security:
      - max-age=31557600; includeSubDomains; preload
      Content-Security-Policy:
      - upgrade-insecure-requests
    body:
      encoding: ASCII-8BIT
      string: '{"id":3,"jsonrpc":"2.0","result":{"head_block_number":22386375,"head_block_id":"015596c783f2661bdf9863157b37ac99465136b6","time":"2018-05-13T06:03:09","current_witness":"clayop","total_pow":514415,"num_pow_witnesses":172,"virtual_supply":"273039261.429
        STEEM","current_supply":"268271065.829 STEEM","confidential_supply":"0.000
        STEEM","current_sbd_supply":"13513066.332 SBD","confidential_sbd_supply":"0.000
        SBD","total_vesting_fund_steem":"191177429.778 STEEM","total_vesting_shares":"389088058406.858564
        VESTS","total_reward_fund_steem":"0.000 STEEM","total_reward_shares2":"0","pending_rewarded_vesting_shares":"371476381.817732
        VESTS","pending_rewarded_vesting_steem":"181094.717 STEEM","sbd_interest_rate":0,"sbd_print_rate":10000,"maximum_block_size":65536,"current_aslot":22452063,"recent_slots_filled":"340282366920938463463374607431768211455","participation_count":128,"last_irreversible_block_num":22386360,"vote_power_reserve_rate":10,"average_block_size":12690,"current_reserve_ratio":200000000,"max_virtual_bandwidth":"264241152000000000000"}}'
    http_version: 
  recorded_at: Sun, 13 May 2018 06:03:10 GMT
- request:
    method: post
    uri: https://api.steemit.com/
    body:
      encoding: UTF-8
      string: '{"jsonrpc":"2.0","method":"condenser_api.get_reward_fund","params":["post"],"id":4}'
    headers:
      Content-Type:
      - application/json
      User-Agent:
      - radiator/0.4.1
      Accept-Encoding:
      - gzip;q=1.0,deflate;q=0.6,identity;q=0.3
      Accept:
      - "*/*"
      Connection:
      - keep-alive
      Keep-Alive:
      - '30'
  response:
    status:
      code: 200
      message: OK
    headers:
      Date:
      - Sun, 13 May 2018 06:03:11 GMT
      Content-Type:
      - application/json
      Content-Length:
      - '333'
      Connection:
      - keep-alive
      Server:
      - nginx
      X-Jussi-Request-Id:
      - '000546352254184930'
      X-Amzn-Trace-Id:
      - Root=1-5af7d51e-fd897f542a079870d050f4ce
      Access-Control-Allow-Origin:
      - "*"
      Access-Control-Allow-Methods:
      - GET, POST, OPTIONS
      Access-Control-Allow-Headers:
      - DNT,Keep-Alive,User-Agent,X-Requested-With,If-Modified-Since,Cache-Control,Content-Type,Content-Range,Range
      Strict-Transport-Security:
      - max-age=31557600; includeSubDomains; preload
      Content-Security-Policy:
      - upgrade-insecure-requests
    body:
      encoding: UTF-8
      string: '{"jsonrpc":"2.0","result":{"id":0,"name":"post","reward_balance":"738951.384
        STEEM","recent_claims":"454560395530342865","last_update":"2018-05-13T06:03:09","content_constant":"2000000000000","percent_curation_rewards":2500,"percent_content_rewards":10000,"author_reward_curve":"linear","curation_reward_curve":"square_root"},"id":4}'
    http_version: 
  recorded_at: Sun, 13 May 2018 06:03:11 GMT
recorded_with: VCR 3.0.3
