---
http_interactions:
- request:
    method: get
    uri: https://poloniex.com/public?command=returnOrderBook&currencyPair=BTC_STEEM&depth=10
    body:
      encoding: US-ASCII
      string: ''
    headers:
      Accept-Encoding:
      - gzip;q=1.0,deflate;q=0.6,identity;q=0.3
      Accept:
      - "*/*"
      User-Agent:
      - Ruby
  response:
    status:
      code: 200
      message: OK
    headers:
      Date:
      - Sun, 13 May 2018 05:52:03 GMT
      Content-Type:
      - application/json
      Transfer-Encoding:
      - chunked
      Connection:
      - keep-alive
      Set-Cookie:
      - __cfduid=d6c8fc23400e585bb2098b2b838da40ce1526190723; expires=Mon, 13-May-19
        05:52:03 GMT; path=/; domain=.poloniex.com; HttpOnly
      Access-Control-Allow-Origin:
      - "*"
      Access-Control-Allow-Methods:
      - GET
      Expect-Ct:
      - max-age=604800, report-uri="https://report-uri.cloudflare.com/cdn-cgi/beacon/expect-ct"
      Server:
      - cloudflare
      Cf-Ray:
      - 41a2db537d6993ae-SJC
    body:
      encoding: ASCII-8BIT
      string: '{"asks":[["0.00030162",274.84398271],["0.00030280",2.34145779],["0.00030331",25.53611772],["0.00030399",0.40599058],["0.00030402",2.33205875],["0.00030433",0.35707392],["0.00030438",16.4653395],["0.00030500",0.36611667],["0.00030525",2.32265748],["0.00030535",42.52147675]],"bids":[["0.00030161",96.86869919],["0.00030144",13.51441283],["0.00030143",450.60784164],["0.00030127",2.4514389],["0.00030050",0.9983361],["0.00030042",32.07661241],["0.00029992",1],["0.00029935",12.68446632],["0.00029845",0.40170053],["0.00029664",168.79867393]],"isFrozen":"0","seq":83948532}'
    http_version: 
  recorded_at: Sun, 13 May 2018 05:52:03 GMT
- request:
    method: get
    uri: https://poloniex.com/public?command=returnOrderBook&currencyPair=BTC_SBD&depth=10
    body:
      encoding: US-ASCII
      string: ''
    headers:
      Accept-Encoding:
      - gzip;q=1.0,deflate;q=0.6,identity;q=0.3
      Accept:
      - "*/*"
      User-Agent:
      - Ruby
  response:
    status:
      code: 200
      message: OK
    headers:
      Date:
      - Sun, 13 May 2018 05:52:03 GMT
      Content-Type:
      - application/json
      Transfer-Encoding:
      - chunked
      Connection:
      - keep-alive
      Set-Cookie:
      - __cfduid=d132609272792dd5a4f9f4d0454f0fd2b1526190723; expires=Mon, 13-May-19
        05:52:03 GMT; path=/; domain=.poloniex.com; HttpOnly
      Access-Control-Allow-Origin:
      - "*"
      Access-Control-Allow-Methods:
      - GET
      Expect-Ct:
      - max-age=604800, report-uri="https://report-uri.cloudflare.com/cdn-cgi/beacon/expect-ct"
      Server:
      - cloudflare
      Cf-Ray:
      - 41a2db559d00938a-SJC
    body:
      encoding: ASCII-8BIT
      string: '{"asks":[["0.00028447",1.11067853],["0.00028539",3],["0.00028649",3],["0.00028672",140.97317347],["0.00028683",1.74990385],["0.00028686",0.86487234],["0.00028739",557.68905645],["0.00028785",1.0435],["0.00028898",6],["0.00028931",0.83202981]],"bids":[["0.00028001",173.89967564],["0.00028000",591.78036488],["0.00027650",0.76831826],["0.00027481",10],["0.00027480",975.2547307],["0.00027479",1473.85276029],["0.00027478",1869.19811664],["0.00027082",0.9152],["0.00027034",2.40421701],["0.00027012",1658.22275284]],"isFrozen":"0","seq":22880400}'
    http_version: 
  recorded_at: Sun, 13 May 2018 05:52:03 GMT
- request:
    method: get
    uri: https://poloniex.com/public?command=returnOrderBook&currencyPair=USDT_BTC&depth=10
    body:
      encoding: US-ASCII
      string: ''
    headers:
      Accept-Encoding:
      - gzip;q=1.0,deflate;q=0.6,identity;q=0.3
      Accept:
      - "*/*"
      User-Agent:
      - Ruby
  response:
    status:
      code: 200
      message: OK
    headers:
      Date:
      - Sun, 13 May 2018 05:52:03 GMT
      Content-Type:
      - application/json
      Transfer-Encoding:
      - chunked
      Connection:
      - keep-alive
      Set-Cookie:
      - __cfduid=d6907126808b3e08a3b5fc60a14257e5c1526190723; expires=Mon, 13-May-19
        05:52:03 GMT; path=/; domain=.poloniex.com; HttpOnly
      Access-Control-Allow-Origin:
      - "*"
      Access-Control-Allow-Methods:
      - GET
      Expect-Ct:
      - max-age=604800, report-uri="https://report-uri.cloudflare.com/cdn-cgi/beacon/expect-ct"
      Server:
      - cloudflare
      Cf-Ray:
      - 41a2db5808d3937e-SJC
    body:
      encoding: ASCII-8BIT
      string: '{"asks":[["8400.00000000",0.53869528],["8401.65883948",0.00071556],["8407.36030747",0.00673712],["8408.99556380",0.00023844],["8414.03000000",0.003],["8414.31929840",0.03],["8416.38449000",0.00023823],["8417.88582362",0.00846629],["8418.75312019",2.994],["8420.22000000",0.0013255]],"bids":[["8399.00000000",1.03692725],["8380.80966338",0.4],["8380.41619672",0.4],["8380.32702653",0.01050555],["8380.00000000",0.02422588],["8379.05236560",0.0002381],["8374.21929840",0.03],["8369.32151782",0.0046837],["8369.16000000",0.003],["8362.64868724",0.01670383]],"isFrozen":"0","seq":239043642}'
    http_version: 
  recorded_at: Sun, 13 May 2018 05:52:03 GMT
- request:
    method: get
    uri: https://bittrex.com/api/v1.1/public/getmarketsummary?market=btc-golos
    body:
      encoding: US-ASCII
      string: ''
    headers:
      Accept-Encoding:
      - gzip;q=1.0,deflate;q=0.6,identity;q=0.3
      Accept:
      - "*/*"
      User-Agent:
      - Ruby
  response:
    status:
      code: 200
      message: OK
    headers:
      Date:
      - Sun, 13 May 2018 05:52:17 GMT
      Content-Type:
      - application/json; charset=utf-8
      Content-Length:
      - '248'
      Connection:
      - keep-alive
      Set-Cookie:
      - __cfduid=d6f1860efa28479dccddd64565fac88e51526190724; expires=Mon, 13-May-19
        05:52:04 GMT; path=/; domain=.bittrex.com; HttpOnly
      Cache-Control:
      - public, max-age=1
      Expires:
      - Sun, 13 May 2018 05:52:18 GMT
      Last-Modified:
      - Sun, 13 May 2018 05:52:17 GMT
      Vary:
      - "*, Accept-Encoding"
      Strict-Transport-Security:
      - max-age=15768000
      X-Xss-Protection:
      - 1; mode=block
      X-Content-Type-Options:
      - nosniff
      X-Download-Options:
      - noopen
      Cf-Cache-Status:
      - EXPIRED
      Expect-Ct:
      - max-age=604800, report-uri="https://report-uri.cloudflare.com/cdn-cgi/beacon/expect-ct"
      Server:
      - cloudflare
      Cf-Ray:
      - 41a2db597c7f6d5a-SJC
    body:
      encoding: ASCII-8BIT
      string: '{"success":true,"message":"","result":[{"MarketName":"BTC-GOLOS","High":0.00000893,"Low":0.00000829,"Volume":120879.09545822,"Last":0.00000852,"BaseVolume":1.03918205,"TimeStamp":"2018-05-13T05:51:03.187","Bid":0.00000852,"Ask":0.00000868,"OpenBuyOrders":97,"OpenSellOrders":1988,"PrevDay":0.00000887,"Created":"2017-01-19T23:23:12.41"}]}'
    http_version: 
  recorded_at: Sun, 13 May 2018 05:52:17 GMT
- request:
    method: get
    uri: https://bittrex.com/api/v1.1/public/getmarketsummary?market=btc-gbg
    body:
      encoding: US-ASCII
      string: ''
    headers:
      Accept-Encoding:
      - gzip;q=1.0,deflate;q=0.6,identity;q=0.3
      Accept:
      - "*/*"
      User-Agent:
      - Ruby
  response:
    status:
      code: 200
      message: OK
    headers:
      Date:
      - Sun, 13 May 2018 05:52:17 GMT
      Content-Type:
      - application/json; charset=utf-8
      Content-Length:
      - '251'
      Connection:
      - keep-alive
      Set-Cookie:
      - __cfduid=dc03e5bbb14d8c8538d7ab48d85a7fd8f1526190737; expires=Mon, 13-May-19
        05:52:17 GMT; path=/; domain=.bittrex.com; HttpOnly
      Cache-Control:
      - public, max-age=1
      Expires:
      - Sun, 13 May 2018 05:52:18 GMT
      Last-Modified:
      - Sun, 13 May 2018 05:52:17 GMT
      Vary:
      - "*, Accept-Encoding"
      Strict-Transport-Security:
      - max-age=15768000
      X-Xss-Protection:
      - 1; mode=block
      X-Content-Type-Options:
      - nosniff
      X-Download-Options:
      - noopen
      Cf-Cache-Status:
      - EXPIRED
      Expect-Ct:
      - max-age=604800, report-uri="https://report-uri.cloudflare.com/cdn-cgi/beacon/expect-ct"
      Server:
      - cloudflare
      Cf-Ray:
      - 41a2dbae7bb96d7e-SJC
    body:
      encoding: ASCII-8BIT
      string: '{"success":true,"message":"","result":[{"MarketName":"BTC-GBG","High":0.00000899,"Low":0.00000797,"Volume":83567.78769618,"Last":0.00000841,"BaseVolume":0.71069668,"TimeStamp":"2018-05-13T05:52:09.643","Bid":0.00000815,"Ask":0.00000834,"OpenBuyOrders":67,"OpenSellOrders":1839,"PrevDay":0.00000803,"Created":"2017-02-12T00:38:21.023"}]}'
    http_version: 
  recorded_at: Sun, 13 May 2018 05:52:17 GMT
- request:
    method: get
    uri: https://bittrex.com/api/v1.1/public/getmarketsummary?market=usdt-btc
    body:
      encoding: US-ASCII
      string: ''
    headers:
      Accept-Encoding:
      - gzip;q=1.0,deflate;q=0.6,identity;q=0.3
      Accept:
      - "*/*"
      User-Agent:
      - Ruby
  response:
    status:
      code: 200
      message: OK
    headers:
      Date:
      - Sun, 13 May 2018 05:52:17 GMT
      Content-Type:
      - application/json; charset=utf-8
      Content-Length:
      - '268'
      Connection:
      - keep-alive
      Set-Cookie:
      - __cfduid=d46ae6a6de04a936ec6b769f5c1e7478d1526190737; expires=Mon, 13-May-19
        05:52:17 GMT; path=/; domain=.bittrex.com; HttpOnly
      Cache-Control:
      - public, max-age=1
      Expires:
      - Sun, 13 May 2018 05:52:03 GMT
      Last-Modified:
      - Sun, 13 May 2018 05:52:02 GMT
      Vary:
      - "*, Accept-Encoding"
      Strict-Transport-Security:
      - max-age=15768000
      X-Xss-Protection:
      - 1; mode=block
      X-Content-Type-Options:
      - nosniff
      X-Download-Options:
      - noopen
      Cf-Cache-Status:
      - UPDATING
      Expect-Ct:
      - max-age=604800, report-uri="https://report-uri.cloudflare.com/cdn-cgi/beacon/expect-ct"
      Server:
      - cloudflare
      Cf-Ray:
      - 41a2dbaf2e396d30-SJC
    body:
      encoding: ASCII-8BIT
      string: '{"success":true,"message":"","result":[{"MarketName":"USDT-BTC","High":8649.33300003,"Low":8177.00000000,"Volume":2526.25105403,"Last":8398.71888009,"BaseVolume":21162330.99030817,"TimeStamp":"2018-05-13T05:52:01.72","Bid":8393.32000000,"Ask":8398.71888009,"OpenBuyOrders":2650,"OpenSellOrders":2705,"PrevDay":8310.00000000,"Created":"2015-12-11T06:31:40.633"}]}'
    http_version: 
  recorded_at: Sun, 13 May 2018 05:52:17 GMT
- request:
    method: get
    uri: https://bittrex.com/api/v1.1/public/getmarketsummary?market=btc-steem
    body:
      encoding: US-ASCII
      string: ''
    headers:
      Accept-Encoding:
      - gzip;q=1.0,deflate;q=0.6,identity;q=0.3
      Accept:
      - "*/*"
      User-Agent:
      - Ruby
  response:
    status:
      code: 200
      message: OK
    headers:
      Date:
      - Sun, 13 May 2018 05:52:17 GMT
      Content-Type:
      - application/json; charset=utf-8
      Content-Length:
      - '256'
      Connection:
      - keep-alive
      Set-Cookie:
      - __cfduid=d9cbbe3910f0c05195476297932f79d7e1526190737; expires=Mon, 13-May-19
        05:52:17 GMT; path=/; domain=.bittrex.com; HttpOnly
      Cache-Control:
      - public, max-age=1
      Expires:
      - Sun, 13 May 2018 05:52:18 GMT
      Last-Modified:
      - Sun, 13 May 2018 05:52:17 GMT
      Vary:
      - "*, Accept-Encoding"
      Strict-Transport-Security:
      - max-age=15768000
      X-Xss-Protection:
      - 1; mode=block
      X-Content-Type-Options:
      - nosniff
      X-Download-Options:
      - noopen
      Cf-Cache-Status:
      - EXPIRED
      Expect-Ct:
      - max-age=604800, report-uri="https://report-uri.cloudflare.com/cdn-cgi/beacon/expect-ct"
      Server:
      - cloudflare
      Cf-Ray:
      - 41a2dbb00a0e6d66-SJC
    body:
      encoding: ASCII-8BIT
      string: '{"success":true,"message":"","result":[{"MarketName":"BTC-STEEM","High":0.00034566,"Low":0.00030500,"Volume":282260.37690388,"Last":0.00033664,"BaseVolume":91.40497793,"TimeStamp":"2018-05-13T05:52:17.3","Bid":0.00033631,"Ask":0.00033813,"OpenBuyOrders":433,"OpenSellOrders":3485,"PrevDay":0.00031911,"Created":"2016-04-17T01:22:13.35"}]}'
    http_version: 
  recorded_at: Sun, 13 May 2018 05:52:17 GMT
- request:
    method: get
    uri: https://bittrex.com/api/v1.1/public/getmarketsummary?market=btc-sbd
    body:
      encoding: US-ASCII
      string: ''
    headers:
      Accept-Encoding:
      - gzip;q=1.0,deflate;q=0.6,identity;q=0.3
      Accept:
      - "*/*"
      User-Agent:
      - Ruby
  response:
    status:
      code: 200
      message: OK
    headers:
      Date:
      - Sun, 13 May 2018 05:52:18 GMT
      Content-Type:
      - application/json; charset=utf-8
      Content-Length:
      - '255'
      Connection:
      - keep-alive
      Set-Cookie:
      - __cfduid=d5c37094a298264e27cce7c86b3fcba871526190738; expires=Mon, 13-May-19
        05:52:18 GMT; path=/; domain=.bittrex.com; HttpOnly
      Cache-Control:
      - public, max-age=1
      Expires:
      - Sun, 13 May 2018 05:52:19 GMT
      Last-Modified:
      - Sun, 13 May 2018 05:52:18 GMT
      Vary:
      - "*, Accept-Encoding"
      Strict-Transport-Security:
      - max-age=15768000
      X-Xss-Protection:
      - 1; mode=block
      X-Content-Type-Options:
      - nosniff
      X-Download-Options:
      - noopen
      Cf-Cache-Status:
      - EXPIRED
      Expect-Ct:
      - max-age=604800, report-uri="https://report-uri.cloudflare.com/cdn-cgi/beacon/expect-ct"
      Server:
      - cloudflare
      Cf-Ray:
      - 41a2dbb0ca776d66-SJC
    body:
      encoding: ASCII-8BIT
      string: '{"success":true,"message":"","result":[{"MarketName":"BTC-SBD","High":0.00027685,"Low":0.00024074,"Volume":114354.36754885,"Last":0.00026503,"BaseVolume":29.28131559,"TimeStamp":"2018-05-13T05:52:16.143","Bid":0.00026389,"Ask":0.00026706,"OpenBuyOrders":144,"OpenSellOrders":1883,"PrevDay":0.00024801,"Created":"2016-07-09T19:02:08.943"}]}'
    http_version: 
  recorded_at: Sun, 13 May 2018 05:52:18 GMT
- request:
    method: post
    uri: https://gtg.steem.house:8090/
    body:
      encoding: UTF-8
      string: '{"jsonrpc":"2.0","method":"condenser_api.get_feed_history","params":[],"id":1}'
    headers:
      Content-Type:
      - application/json
      User-Agent:
      - radiator/0.4.1
      Accept-Encoding:
      - gzip;q=1.0,deflate;q=0.6,identity;q=0.3
      Accept:
      - "*/*"
      Connection:
      - keep-alive
      Keep-Alive:
      - '30'
  response:
    status:
      code: 200
      message: OK
    headers:
      Server:
      - nginx
      Date:
      - Sun, 13 May 2018 05:52:20 GMT
      Content-Length:
      - '4789'
      Connection:
      - keep-alive
      Access-Control-Allow-Origin:
      - "*"
      Access-Control-Allow-Methods:
      - GET, POST, OPTIONS
      Access-Control-Allow-Headers:
      - DNT,Keep-Alive,User-Agent,X-Requested-With,If-Modified-Since,Cache-Control,Content-Type,Content-Range,Range
    body:
      encoding: UTF-8
      string: '{"id":1,"error":{"code":1,"message":"10 assert_exception: Assert Exception\nitr
        != _by_name.end(): no method with name ''condenser_api.get_feed_history''\n    {\"name\":\"condenser_api.get_feed_history\",\"api\":{\"get_account_bandwidth\":42,\"get_account_count\":35,\"get_account_history\":37,\"get_account_references\":32,\"get_account_votes\":57,\"get_accounts\":31,\"get_active_votes\":56,\"get_active_witnesses\":67,\"get_block\":18,\"get_block_header\":17,\"get_chain_properties\":23,\"get_comment_discussions_by_payout\":5,\"get_config\":21,\"get_content\":58,\"get_content_replies\":59,\"get_conversion_requests\":36,\"get_current_median_history_price\":25,\"get_discussions_by_active\":8,\"get_discussions_by_author_before_date\":60,\"get_discussions_by_blog\":14,\"get_discussions_by_cashout\":9,\"get_discussions_by_children\":11,\"get_discussions_by_comments\":15,\"get_discussions_by_created\":7,\"get_discussions_by_feed\":13,\"get_discussions_by_hot\":12,\"get_discussions_by_payout\":3,\"get_discussions_by_promoted\":16,\"get_discussions_by_trending\":6,\"get_discussions_by_votes\":10,\"get_dynamic_global_properties\":22,\"get_escrow\":40,\"get_expiring_vesting_delegations\":46,\"get_feed_history\":24,\"get_hardfork_version\":27,\"get_key_references\":30,\"get_liquidity_queue\":49,\"get_miner_queue\":68,\"get_next_scheduled_hardfork\":28,\"get_open_orders\":48,\"get_ops_in_block\":19,\"get_order_book\":47,\"get_owner_history\":38,\"get_post_discussions_by_payout\":4,\"get_potential_signatures\":53,\"get_recovery_request\":39,\"get_replies_by_last_update\":61,\"get_required_signatures\":52,\"get_reward_fund\":29,\"get_savings_withdraw_from\":43,\"get_savings_withdraw_to\":44,\"get_state\":20,\"get_tags_used_by_author\":2,\"get_transaction\":51,\"get_transaction_hex\":50,\"get_trending_tags\":1,\"get_vesting_delegations\":45,\"get_withdraw_routes\":41,\"get_witness_by_account\":63,\"get_witness_count\":66,\"get_witness_schedule\":26,\"get_witnesses\":62,\"get_witnesses_by_vote\":64,\"lookup_account_names\":33,\"lookup_accounts\":34,\"lookup_witness_accounts\":65,\"set_block_applied_callback\":0,\"verify_account_authority\":55,\"verify_authority\":54}}\n    th_a  api_connection.hpp:109
        call\n\n    {\"call.method\":\"condenser_api.get_feed_history\",\"call.params\":[]}\n    th_a  websocket_api.cpp:124
        on_message","data":{"code":10,"name":"assert_exception","message":"Assert
        Exception","stack":[{"context":{"level":"error","file":"api_connection.hpp","line":109,"method":"call","hostname":"","thread_name":"th_a","timestamp":"2018-05-13T05:52:20"},"format":"itr
        != _by_name.end(): no method with name ''${name}''","data":{"name":"condenser_api.get_feed_history","api":{"get_account_bandwidth":42,"get_account_count":35,"get_account_history":37,"get_account_references":32,"get_account_votes":57,"get_accounts":31,"get_active_votes":56,"get_active_witnesses":67,"get_block":18,"get_block_header":17,"get_chain_properties":23,"get_comment_discussions_by_payout":5,"get_config":21,"get_content":58,"get_content_replies":59,"get_conversion_requests":36,"get_current_median_history_price":25,"get_discussions_by_active":8,"get_discussions_by_author_before_date":60,"get_discussions_by_blog":14,"get_discussions_by_cashout":9,"get_discussions_by_children":11,"get_discussions_by_comments":15,"get_discussions_by_created":7,"get_discussions_by_feed":13,"get_discussions_by_hot":12,"get_discussions_by_payout":3,"get_discussions_by_promoted":16,"get_discussions_by_trending":6,"get_discussions_by_votes":10,"get_dynamic_global_properties":22,"get_escrow":40,"get_expiring_vesting_delegations":46,"get_feed_history":24,"get_hardfork_version":27,"get_key_references":30,"get_liquidity_queue":49,"get_miner_queue":68,"get_next_scheduled_hardfork":28,"get_open_orders":48,"get_ops_in_block":19,"get_order_book":47,"get_owner_history":38,"get_post_discussions_by_payout":4,"get_potential_signatures":53,"get_recovery_request":39,"get_replies_by_last_update":61,"get_required_signatures":52,"get_reward_fund":29,"get_savings_withdraw_from":43,"get_savings_withdraw_to":44,"get_state":20,"get_tags_used_by_author":2,"get_transaction":51,"get_transaction_hex":50,"get_trending_tags":1,"get_vesting_delegations":45,"get_withdraw_routes":41,"get_witness_by_account":63,"get_witness_count":66,"get_witness_schedule":26,"get_witnesses":62,"get_witnesses_by_vote":64,"lookup_account_names":33,"lookup_accounts":34,"lookup_witness_accounts":65,"set_block_applied_callback":0,"verify_account_authority":55,"verify_authority":54}}},{"context":{"level":"warn","file":"websocket_api.cpp","line":124,"method":"on_message","hostname":"","thread_name":"th_a","timestamp":"2018-05-13T05:52:20"},"format":"","data":{"call.method":"condenser_api.get_feed_history","call.params":[]}}]}}}'
    http_version: 
  recorded_at: Sun, 13 May 2018 05:52:20 GMT
- request:
    method: get
    uri: https://gtg.steem.house:8090/health
    body:
      encoding: US-ASCII
      string: ''
    headers:
      Accept-Encoding:
      - gzip;q=1.0,deflate;q=0.6,identity;q=0.3
      Accept:
      - "*/*"
      User-Agent:
      - Ruby
  response:
    status:
      code: 200
      message: OK
    headers:
      Server:
      - nginx
      Date:
      - Sun, 13 May 2018 05:52:21 GMT
      Content-Length:
      - '131'
      Connection:
      - keep-alive
      Access-Control-Allow-Origin:
      - "*"
      Access-Control-Allow-Methods:
      - GET, POST, OPTIONS
      Access-Control-Allow-Headers:
      - DNT,Keep-Alive,User-Agent,X-Requested-With,If-Modified-Since,Cache-Control,Content-Type,Content-Range,Range
    body:
      encoding: UTF-8
      string: |-
        11 eof_exception: End Of File
        stringstream
            {}
            th_a  sstream.cpp:109 peek

            {"str":""}
            th_a  json.cpp:479 from_string
    http_version: 
  recorded_at: Sun, 13 May 2018 05:52:21 GMT
- request:
    method: post
    uri: https://gtg.steem.house:8090/
    body:
      encoding: UTF-8
      string: '{"jsonrpc":"2.0","method":"condenser_api.get_feed_history","params":[],"id":1}'
    headers:
      Content-Type:
      - application/json
      User-Agent:
      - radiator/0.4.1
      Accept-Encoding:
      - gzip;q=1.0,deflate;q=0.6,identity;q=0.3
      Accept:
      - "*/*"
      Connection:
      - keep-alive
      Keep-Alive:
      - '30'
  response:
    status:
      code: 200
      message: OK
    headers:
      Server:
      - nginx
      Date:
      - Sun, 13 May 2018 05:52:22 GMT
      Content-Length:
      - '4789'
      Connection:
      - keep-alive
      Access-Control-Allow-Origin:
      - "*"
      Access-Control-Allow-Methods:
      - GET, POST, OPTIONS
      Access-Control-Allow-Headers:
      - DNT,Keep-Alive,User-Agent,X-Requested-With,If-Modified-Since,Cache-Control,Content-Type,Content-Range,Range
    body:
      encoding: UTF-8
      string: '{"id":1,"error":{"code":1,"message":"10 assert_exception: Assert Exception\nitr
        != _by_name.end(): no method with name ''condenser_api.get_feed_history''\n    {\"name\":\"condenser_api.get_feed_history\",\"api\":{\"get_account_bandwidth\":42,\"get_account_count\":35,\"get_account_history\":37,\"get_account_references\":32,\"get_account_votes\":57,\"get_accounts\":31,\"get_active_votes\":56,\"get_active_witnesses\":67,\"get_block\":18,\"get_block_header\":17,\"get_chain_properties\":23,\"get_comment_discussions_by_payout\":5,\"get_config\":21,\"get_content\":58,\"get_content_replies\":59,\"get_conversion_requests\":36,\"get_current_median_history_price\":25,\"get_discussions_by_active\":8,\"get_discussions_by_author_before_date\":60,\"get_discussions_by_blog\":14,\"get_discussions_by_cashout\":9,\"get_discussions_by_children\":11,\"get_discussions_by_comments\":15,\"get_discussions_by_created\":7,\"get_discussions_by_feed\":13,\"get_discussions_by_hot\":12,\"get_discussions_by_payout\":3,\"get_discussions_by_promoted\":16,\"get_discussions_by_trending\":6,\"get_discussions_by_votes\":10,\"get_dynamic_global_properties\":22,\"get_escrow\":40,\"get_expiring_vesting_delegations\":46,\"get_feed_history\":24,\"get_hardfork_version\":27,\"get_key_references\":30,\"get_liquidity_queue\":49,\"get_miner_queue\":68,\"get_next_scheduled_hardfork\":28,\"get_open_orders\":48,\"get_ops_in_block\":19,\"get_order_book\":47,\"get_owner_history\":38,\"get_post_discussions_by_payout\":4,\"get_potential_signatures\":53,\"get_recovery_request\":39,\"get_replies_by_last_update\":61,\"get_required_signatures\":52,\"get_reward_fund\":29,\"get_savings_withdraw_from\":43,\"get_savings_withdraw_to\":44,\"get_state\":20,\"get_tags_used_by_author\":2,\"get_transaction\":51,\"get_transaction_hex\":50,\"get_trending_tags\":1,\"get_vesting_delegations\":45,\"get_withdraw_routes\":41,\"get_witness_by_account\":63,\"get_witness_count\":66,\"get_witness_schedule\":26,\"get_witnesses\":62,\"get_witnesses_by_vote\":64,\"lookup_account_names\":33,\"lookup_accounts\":34,\"lookup_witness_accounts\":65,\"set_block_applied_callback\":0,\"verify_account_authority\":55,\"verify_authority\":54}}\n    th_a  api_connection.hpp:109
        call\n\n    {\"call.method\":\"condenser_api.get_feed_history\",\"call.params\":[]}\n    th_a  websocket_api.cpp:124
        on_message","data":{"code":10,"name":"assert_exception","message":"Assert
        Exception","stack":[{"context":{"level":"error","file":"api_connection.hpp","line":109,"method":"call","hostname":"","thread_name":"th_a","timestamp":"2018-05-13T05:52:22"},"format":"itr
        != _by_name.end(): no method with name ''${name}''","data":{"name":"condenser_api.get_feed_history","api":{"get_account_bandwidth":42,"get_account_count":35,"get_account_history":37,"get_account_references":32,"get_account_votes":57,"get_accounts":31,"get_active_votes":56,"get_active_witnesses":67,"get_block":18,"get_block_header":17,"get_chain_properties":23,"get_comment_discussions_by_payout":5,"get_config":21,"get_content":58,"get_content_replies":59,"get_conversion_requests":36,"get_current_median_history_price":25,"get_discussions_by_active":8,"get_discussions_by_author_before_date":60,"get_discussions_by_blog":14,"get_discussions_by_cashout":9,"get_discussions_by_children":11,"get_discussions_by_comments":15,"get_discussions_by_created":7,"get_discussions_by_feed":13,"get_discussions_by_hot":12,"get_discussions_by_payout":3,"get_discussions_by_promoted":16,"get_discussions_by_trending":6,"get_discussions_by_votes":10,"get_dynamic_global_properties":22,"get_escrow":40,"get_expiring_vesting_delegations":46,"get_feed_history":24,"get_hardfork_version":27,"get_key_references":30,"get_liquidity_queue":49,"get_miner_queue":68,"get_next_scheduled_hardfork":28,"get_open_orders":48,"get_ops_in_block":19,"get_order_book":47,"get_owner_history":38,"get_post_discussions_by_payout":4,"get_potential_signatures":53,"get_recovery_request":39,"get_replies_by_last_update":61,"get_required_signatures":52,"get_reward_fund":29,"get_savings_withdraw_from":43,"get_savings_withdraw_to":44,"get_state":20,"get_tags_used_by_author":2,"get_transaction":51,"get_transaction_hex":50,"get_trending_tags":1,"get_vesting_delegations":45,"get_withdraw_routes":41,"get_witness_by_account":63,"get_witness_count":66,"get_witness_schedule":26,"get_witnesses":62,"get_witnesses_by_vote":64,"lookup_account_names":33,"lookup_accounts":34,"lookup_witness_accounts":65,"set_block_applied_callback":0,"verify_account_authority":55,"verify_authority":54}}},{"context":{"level":"warn","file":"websocket_api.cpp","line":124,"method":"on_message","hostname":"","thread_name":"th_a","timestamp":"2018-05-13T05:52:22"},"format":"","data":{"call.method":"condenser_api.get_feed_history","call.params":[]}}]}}}'
    http_version: 
  recorded_at: Sun, 13 May 2018 05:52:22 GMT
- request:
    method: get
    uri: https://rpc.steemviz.com/health
    body:
      encoding: US-ASCII
      string: ''
    headers:
      Accept-Encoding:
      - gzip;q=1.0,deflate;q=0.6,identity;q=0.3
      Accept:
      - "*/*"
      User-Agent:
      - Ruby
  response:
    status:
      code: 200
      message: OK
    headers:
      Server:
      - nginx/1.10.3 (Ubuntu)
      Date:
      - Sun, 13 May 2018 05:52:23 GMT
      Content-Length:
      - '131'
      Connection:
      - keep-alive
    body:
      encoding: UTF-8
      string: |-
        11 eof_exception: End Of File
        stringstream
            {}
            th_a  sstream.cpp:109 peek

            {"str":""}
            th_a  json.cpp:479 from_string
    http_version: 
  recorded_at: Sun, 13 May 2018 05:52:23 GMT
- request:
    method: post
    uri: https://rpc.steemviz.com/
    body:
      encoding: UTF-8
      string: '{"jsonrpc":"2.0","method":"condenser_api.get_feed_history","params":[],"id":1}'
    headers:
      Content-Type:
      - application/json
      User-Agent:
      - radiator/0.4.1
      Accept-Encoding:
      - gzip;q=1.0,deflate;q=0.6,identity;q=0.3
      Accept:
      - "*/*"
      Connection:
      - keep-alive
      Keep-Alive:
      - '30'
  response:
    status:
      code: 200
      message: OK
    headers:
      Server:
      - nginx/1.10.3 (Ubuntu)
      Date:
      - Sun, 13 May 2018 05:52:24 GMT
      Content-Length:
      - '4789'
      Connection:
      - keep-alive
    body:
      encoding: UTF-8
      string: '{"id":1,"error":{"code":1,"message":"10 assert_exception: Assert Exception\nitr
        != _by_name.end(): no method with name ''condenser_api.get_feed_history''\n    {\"name\":\"condenser_api.get_feed_history\",\"api\":{\"get_account_bandwidth\":42,\"get_account_count\":35,\"get_account_history\":37,\"get_account_references\":32,\"get_account_votes\":57,\"get_accounts\":31,\"get_active_votes\":56,\"get_active_witnesses\":67,\"get_block\":18,\"get_block_header\":17,\"get_chain_properties\":23,\"get_comment_discussions_by_payout\":5,\"get_config\":21,\"get_content\":58,\"get_content_replies\":59,\"get_conversion_requests\":36,\"get_current_median_history_price\":25,\"get_discussions_by_active\":8,\"get_discussions_by_author_before_date\":60,\"get_discussions_by_blog\":14,\"get_discussions_by_cashout\":9,\"get_discussions_by_children\":11,\"get_discussions_by_comments\":15,\"get_discussions_by_created\":7,\"get_discussions_by_feed\":13,\"get_discussions_by_hot\":12,\"get_discussions_by_payout\":3,\"get_discussions_by_promoted\":16,\"get_discussions_by_trending\":6,\"get_discussions_by_votes\":10,\"get_dynamic_global_properties\":22,\"get_escrow\":40,\"get_expiring_vesting_delegations\":46,\"get_feed_history\":24,\"get_hardfork_version\":27,\"get_key_references\":30,\"get_liquidity_queue\":49,\"get_miner_queue\":68,\"get_next_scheduled_hardfork\":28,\"get_open_orders\":48,\"get_ops_in_block\":19,\"get_order_book\":47,\"get_owner_history\":38,\"get_post_discussions_by_payout\":4,\"get_potential_signatures\":53,\"get_recovery_request\":39,\"get_replies_by_last_update\":61,\"get_required_signatures\":52,\"get_reward_fund\":29,\"get_savings_withdraw_from\":43,\"get_savings_withdraw_to\":44,\"get_state\":20,\"get_tags_used_by_author\":2,\"get_transaction\":51,\"get_transaction_hex\":50,\"get_trending_tags\":1,\"get_vesting_delegations\":45,\"get_withdraw_routes\":41,\"get_witness_by_account\":63,\"get_witness_count\":66,\"get_witness_schedule\":26,\"get_witnesses\":62,\"get_witnesses_by_vote\":64,\"lookup_account_names\":33,\"lookup_accounts\":34,\"lookup_witness_accounts\":65,\"set_block_applied_callback\":0,\"verify_account_authority\":55,\"verify_authority\":54}}\n    th_a  api_connection.hpp:109
        call\n\n    {\"call.method\":\"condenser_api.get_feed_history\",\"call.params\":[]}\n    th_a  websocket_api.cpp:124
        on_message","data":{"code":10,"name":"assert_exception","message":"Assert
        Exception","stack":[{"context":{"level":"error","file":"api_connection.hpp","line":109,"method":"call","hostname":"","thread_name":"th_a","timestamp":"2018-05-13T05:52:24"},"format":"itr
        != _by_name.end(): no method with name ''${name}''","data":{"name":"condenser_api.get_feed_history","api":{"get_account_bandwidth":42,"get_account_count":35,"get_account_history":37,"get_account_references":32,"get_account_votes":57,"get_accounts":31,"get_active_votes":56,"get_active_witnesses":67,"get_block":18,"get_block_header":17,"get_chain_properties":23,"get_comment_discussions_by_payout":5,"get_config":21,"get_content":58,"get_content_replies":59,"get_conversion_requests":36,"get_current_median_history_price":25,"get_discussions_by_active":8,"get_discussions_by_author_before_date":60,"get_discussions_by_blog":14,"get_discussions_by_cashout":9,"get_discussions_by_children":11,"get_discussions_by_comments":15,"get_discussions_by_created":7,"get_discussions_by_feed":13,"get_discussions_by_hot":12,"get_discussions_by_payout":3,"get_discussions_by_promoted":16,"get_discussions_by_trending":6,"get_discussions_by_votes":10,"get_dynamic_global_properties":22,"get_escrow":40,"get_expiring_vesting_delegations":46,"get_feed_history":24,"get_hardfork_version":27,"get_key_references":30,"get_liquidity_queue":49,"get_miner_queue":68,"get_next_scheduled_hardfork":28,"get_open_orders":48,"get_ops_in_block":19,"get_order_book":47,"get_owner_history":38,"get_post_discussions_by_payout":4,"get_potential_signatures":53,"get_recovery_request":39,"get_replies_by_last_update":61,"get_required_signatures":52,"get_reward_fund":29,"get_savings_withdraw_from":43,"get_savings_withdraw_to":44,"get_state":20,"get_tags_used_by_author":2,"get_transaction":51,"get_transaction_hex":50,"get_trending_tags":1,"get_vesting_delegations":45,"get_withdraw_routes":41,"get_witness_by_account":63,"get_witness_count":66,"get_witness_schedule":26,"get_witnesses":62,"get_witnesses_by_vote":64,"lookup_account_names":33,"lookup_accounts":34,"lookup_witness_accounts":65,"set_block_applied_callback":0,"verify_account_authority":55,"verify_authority":54}}},{"context":{"level":"warn","file":"websocket_api.cpp","line":124,"method":"on_message","hostname":"","thread_name":"th_a","timestamp":"2018-05-13T05:52:24"},"format":"","data":{"call.method":"condenser_api.get_feed_history","call.params":[]}}]}}}'
    http_version: 
  recorded_at: Sun, 13 May 2018 05:52:24 GMT
- request:
    method: get
    uri: https://steemd.privex.io/health
    body:
      encoding: US-ASCII
      string: ''
    headers:
      Accept-Encoding:
      - gzip;q=1.0,deflate;q=0.6,identity;q=0.3
      Accept:
      - "*/*"
      User-Agent:
      - Ruby
  response:
    status:
      code: 200
      message: OK
    headers:
      Server:
      - nginx/1.10.3 (Ubuntu)
      Date:
      - Sun, 13 May 2018 05:52:25 GMT
      Content-Length:
      - '131'
      Connection:
      - keep-alive
    body:
      encoding: UTF-8
      string: |-
        11 eof_exception: End Of File
        stringstream
            {}
            th_a  sstream.cpp:109 peek

            {"str":""}
            th_a  json.cpp:479 from_string
    http_version: 
  recorded_at: Sun, 13 May 2018 05:52:25 GMT
- request:
    method: post
    uri: https://steemd.privex.io/
    body:
      encoding: UTF-8
      string: '{"jsonrpc":"2.0","method":"condenser_api.get_feed_history","params":[],"id":1}'
    headers:
      Content-Type:
      - application/json
      User-Agent:
      - radiator/0.4.1
      Accept-Encoding:
      - gzip;q=1.0,deflate;q=0.6,identity;q=0.3
      Accept:
      - "*/*"
      Connection:
      - keep-alive
      Keep-Alive:
      - '30'
  response:
    status:
      code: 200
      message: OK
    headers:
      Server:
      - nginx/1.10.3 (Ubuntu)
      Date:
      - Sun, 13 May 2018 05:52:26 GMT
      Content-Length:
      - '4789'
      Connection:
      - keep-alive
      Access-Control-Allow-Origin:
      - "*"
      Access-Control-Allow-Methods:
      - GET, POST, OPTIONS, POST
    body:
      encoding: UTF-8
      string: '{"id":1,"error":{"code":1,"message":"10 assert_exception: Assert Exception\nitr
        != _by_name.end(): no method with name ''condenser_api.get_feed_history''\n    {\"name\":\"condenser_api.get_feed_history\",\"api\":{\"get_account_bandwidth\":42,\"get_account_count\":35,\"get_account_history\":37,\"get_account_references\":32,\"get_account_votes\":57,\"get_accounts\":31,\"get_active_votes\":56,\"get_active_witnesses\":67,\"get_block\":18,\"get_block_header\":17,\"get_chain_properties\":23,\"get_comment_discussions_by_payout\":5,\"get_config\":21,\"get_content\":58,\"get_content_replies\":59,\"get_conversion_requests\":36,\"get_current_median_history_price\":25,\"get_discussions_by_active\":8,\"get_discussions_by_author_before_date\":60,\"get_discussions_by_blog\":14,\"get_discussions_by_cashout\":9,\"get_discussions_by_children\":11,\"get_discussions_by_comments\":15,\"get_discussions_by_created\":7,\"get_discussions_by_feed\":13,\"get_discussions_by_hot\":12,\"get_discussions_by_payout\":3,\"get_discussions_by_promoted\":16,\"get_discussions_by_trending\":6,\"get_discussions_by_votes\":10,\"get_dynamic_global_properties\":22,\"get_escrow\":40,\"get_expiring_vesting_delegations\":46,\"get_feed_history\":24,\"get_hardfork_version\":27,\"get_key_references\":30,\"get_liquidity_queue\":49,\"get_miner_queue\":68,\"get_next_scheduled_hardfork\":28,\"get_open_orders\":48,\"get_ops_in_block\":19,\"get_order_book\":47,\"get_owner_history\":38,\"get_post_discussions_by_payout\":4,\"get_potential_signatures\":53,\"get_recovery_request\":39,\"get_replies_by_last_update\":61,\"get_required_signatures\":52,\"get_reward_fund\":29,\"get_savings_withdraw_from\":43,\"get_savings_withdraw_to\":44,\"get_state\":20,\"get_tags_used_by_author\":2,\"get_transaction\":51,\"get_transaction_hex\":50,\"get_trending_tags\":1,\"get_vesting_delegations\":45,\"get_withdraw_routes\":41,\"get_witness_by_account\":63,\"get_witness_count\":66,\"get_witness_schedule\":26,\"get_witnesses\":62,\"get_witnesses_by_vote\":64,\"lookup_account_names\":33,\"lookup_accounts\":34,\"lookup_witness_accounts\":65,\"set_block_applied_callback\":0,\"verify_account_authority\":55,\"verify_authority\":54}}\n    th_a  api_connection.hpp:109
        call\n\n    {\"call.method\":\"condenser_api.get_feed_history\",\"call.params\":[]}\n    th_a  websocket_api.cpp:124
        on_message","data":{"code":10,"name":"assert_exception","message":"Assert
        Exception","stack":[{"context":{"level":"error","file":"api_connection.hpp","line":109,"method":"call","hostname":"","thread_name":"th_a","timestamp":"2018-05-13T05:52:26"},"format":"itr
        != _by_name.end(): no method with name ''${name}''","data":{"name":"condenser_api.get_feed_history","api":{"get_account_bandwidth":42,"get_account_count":35,"get_account_history":37,"get_account_references":32,"get_account_votes":57,"get_accounts":31,"get_active_votes":56,"get_active_witnesses":67,"get_block":18,"get_block_header":17,"get_chain_properties":23,"get_comment_discussions_by_payout":5,"get_config":21,"get_content":58,"get_content_replies":59,"get_conversion_requests":36,"get_current_median_history_price":25,"get_discussions_by_active":8,"get_discussions_by_author_before_date":60,"get_discussions_by_blog":14,"get_discussions_by_cashout":9,"get_discussions_by_children":11,"get_discussions_by_comments":15,"get_discussions_by_created":7,"get_discussions_by_feed":13,"get_discussions_by_hot":12,"get_discussions_by_payout":3,"get_discussions_by_promoted":16,"get_discussions_by_trending":6,"get_discussions_by_votes":10,"get_dynamic_global_properties":22,"get_escrow":40,"get_expiring_vesting_delegations":46,"get_feed_history":24,"get_hardfork_version":27,"get_key_references":30,"get_liquidity_queue":49,"get_miner_queue":68,"get_next_scheduled_hardfork":28,"get_open_orders":48,"get_ops_in_block":19,"get_order_book":47,"get_owner_history":38,"get_post_discussions_by_payout":4,"get_potential_signatures":53,"get_recovery_request":39,"get_replies_by_last_update":61,"get_required_signatures":52,"get_reward_fund":29,"get_savings_withdraw_from":43,"get_savings_withdraw_to":44,"get_state":20,"get_tags_used_by_author":2,"get_transaction":51,"get_transaction_hex":50,"get_trending_tags":1,"get_vesting_delegations":45,"get_withdraw_routes":41,"get_witness_by_account":63,"get_witness_count":66,"get_witness_schedule":26,"get_witnesses":62,"get_witnesses_by_vote":64,"lookup_account_names":33,"lookup_accounts":34,"lookup_witness_accounts":65,"set_block_applied_callback":0,"verify_account_authority":55,"verify_authority":54}}},{"context":{"level":"warn","file":"websocket_api.cpp","line":124,"method":"on_message","hostname":"","thread_name":"th_a","timestamp":"2018-05-13T05:52:26"},"format":"","data":{"call.method":"condenser_api.get_feed_history","call.params":[]}}]}}}'
    http_version: 
  recorded_at: Sun, 13 May 2018 05:52:26 GMT
- request:
    method: get
    uri: https://steemd.minnowsupportproject.org/health
    body:
      encoding: US-ASCII
      string: ''
    headers:
      Accept-Encoding:
      - gzip;q=1.0,deflate;q=0.6,identity;q=0.3
      Accept:
      - "*/*"
      User-Agent:
      - Ruby
  response:
    status:
      code: 200
      message: OK
    headers:
      Server:
      - nginx/1.10.3 (Ubuntu)
      Date:
      - Sun, 13 May 2018 05:52:27 GMT
      Content-Length:
      - '131'
      Connection:
      - keep-alive
    body:
      encoding: UTF-8
      string: |-
        11 eof_exception: End Of File
        stringstream
            {}
            th_a  sstream.cpp:109 peek

            {"str":""}
            th_a  json.cpp:478 from_string
    http_version: 
  recorded_at: Sun, 13 May 2018 05:52:27 GMT
- request:
    method: post
    uri: https://steemd.minnowsupportproject.org/
    body:
      encoding: UTF-8
      string: '{"jsonrpc":"2.0","method":"condenser_api.get_feed_history","params":[],"id":1}'
    headers:
      Content-Type:
      - application/json
      User-Agent:
      - radiator/0.4.1
      Accept-Encoding:
      - gzip;q=1.0,deflate;q=0.6,identity;q=0.3
      Accept:
      - "*/*"
      Connection:
      - keep-alive
      Keep-Alive:
      - '30'
  response:
    status:
      code: 200
      message: OK
    headers:
      Server:
      - nginx/1.10.3 (Ubuntu)
      Date:
      - Sun, 13 May 2018 05:52:29 GMT
      Content-Length:
      - '4789'
      Connection:
      - keep-alive
    body:
      encoding: UTF-8
      string: '{"id":1,"error":{"code":1,"message":"10 assert_exception: Assert Exception\nitr
        != _by_name.end(): no method with name ''condenser_api.get_feed_history''\n    {\"name\":\"condenser_api.get_feed_history\",\"api\":{\"get_account_bandwidth\":42,\"get_account_count\":35,\"get_account_history\":37,\"get_account_references\":32,\"get_account_votes\":57,\"get_accounts\":31,\"get_active_votes\":56,\"get_active_witnesses\":67,\"get_block\":18,\"get_block_header\":17,\"get_chain_properties\":23,\"get_comment_discussions_by_payout\":5,\"get_config\":21,\"get_content\":58,\"get_content_replies\":59,\"get_conversion_requests\":36,\"get_current_median_history_price\":25,\"get_discussions_by_active\":8,\"get_discussions_by_author_before_date\":60,\"get_discussions_by_blog\":14,\"get_discussions_by_cashout\":9,\"get_discussions_by_children\":11,\"get_discussions_by_comments\":15,\"get_discussions_by_created\":7,\"get_discussions_by_feed\":13,\"get_discussions_by_hot\":12,\"get_discussions_by_payout\":3,\"get_discussions_by_promoted\":16,\"get_discussions_by_trending\":6,\"get_discussions_by_votes\":10,\"get_dynamic_global_properties\":22,\"get_escrow\":40,\"get_expiring_vesting_delegations\":46,\"get_feed_history\":24,\"get_hardfork_version\":27,\"get_key_references\":30,\"get_liquidity_queue\":49,\"get_miner_queue\":68,\"get_next_scheduled_hardfork\":28,\"get_open_orders\":48,\"get_ops_in_block\":19,\"get_order_book\":47,\"get_owner_history\":38,\"get_post_discussions_by_payout\":4,\"get_potential_signatures\":53,\"get_recovery_request\":39,\"get_replies_by_last_update\":61,\"get_required_signatures\":52,\"get_reward_fund\":29,\"get_savings_withdraw_from\":43,\"get_savings_withdraw_to\":44,\"get_state\":20,\"get_tags_used_by_author\":2,\"get_transaction\":51,\"get_transaction_hex\":50,\"get_trending_tags\":1,\"get_vesting_delegations\":45,\"get_withdraw_routes\":41,\"get_witness_by_account\":63,\"get_witness_count\":66,\"get_witness_schedule\":26,\"get_witnesses\":62,\"get_witnesses_by_vote\":64,\"lookup_account_names\":33,\"lookup_accounts\":34,\"lookup_witness_accounts\":65,\"set_block_applied_callback\":0,\"verify_account_authority\":55,\"verify_authority\":54}}\n    th_a  api_connection.hpp:109
        call\n\n    {\"call.method\":\"condenser_api.get_feed_history\",\"call.params\":[]}\n    th_a  websocket_api.cpp:124
        on_message","data":{"code":10,"name":"assert_exception","message":"Assert
        Exception","stack":[{"context":{"level":"error","file":"api_connection.hpp","line":109,"method":"call","hostname":"","thread_name":"th_a","timestamp":"2018-05-13T05:52:29"},"format":"itr
        != _by_name.end(): no method with name ''${name}''","data":{"name":"condenser_api.get_feed_history","api":{"get_account_bandwidth":42,"get_account_count":35,"get_account_history":37,"get_account_references":32,"get_account_votes":57,"get_accounts":31,"get_active_votes":56,"get_active_witnesses":67,"get_block":18,"get_block_header":17,"get_chain_properties":23,"get_comment_discussions_by_payout":5,"get_config":21,"get_content":58,"get_content_replies":59,"get_conversion_requests":36,"get_current_median_history_price":25,"get_discussions_by_active":8,"get_discussions_by_author_before_date":60,"get_discussions_by_blog":14,"get_discussions_by_cashout":9,"get_discussions_by_children":11,"get_discussions_by_comments":15,"get_discussions_by_created":7,"get_discussions_by_feed":13,"get_discussions_by_hot":12,"get_discussions_by_payout":3,"get_discussions_by_promoted":16,"get_discussions_by_trending":6,"get_discussions_by_votes":10,"get_dynamic_global_properties":22,"get_escrow":40,"get_expiring_vesting_delegations":46,"get_feed_history":24,"get_hardfork_version":27,"get_key_references":30,"get_liquidity_queue":49,"get_miner_queue":68,"get_next_scheduled_hardfork":28,"get_open_orders":48,"get_ops_in_block":19,"get_order_book":47,"get_owner_history":38,"get_post_discussions_by_payout":4,"get_potential_signatures":53,"get_recovery_request":39,"get_replies_by_last_update":61,"get_required_signatures":52,"get_reward_fund":29,"get_savings_withdraw_from":43,"get_savings_withdraw_to":44,"get_state":20,"get_tags_used_by_author":2,"get_transaction":51,"get_transaction_hex":50,"get_trending_tags":1,"get_vesting_delegations":45,"get_withdraw_routes":41,"get_witness_by_account":63,"get_witness_count":66,"get_witness_schedule":26,"get_witnesses":62,"get_witnesses_by_vote":64,"lookup_account_names":33,"lookup_accounts":34,"lookup_witness_accounts":65,"set_block_applied_callback":0,"verify_account_authority":55,"verify_authority":54}}},{"context":{"level":"warn","file":"websocket_api.cpp","line":124,"method":"on_message","hostname":"","thread_name":"th_a","timestamp":"2018-05-13T05:52:29"},"format":"","data":{"call.method":"condenser_api.get_feed_history","call.params":[]}}]}}}'
    http_version: 
  recorded_at: Sun, 13 May 2018 05:52:29 GMT
- request:
    method: get
    uri: https://appbasetest.timcliff.com/health
    body:
      encoding: US-ASCII
      string: ''
    headers:
      Accept-Encoding:
      - gzip;q=1.0,deflate;q=0.6,identity;q=0.3
      Accept:
      - "*/*"
      User-Agent:
      - Ruby
  response:
    status:
      code: 200
      message: OK
    headers:
      Server:
      - nginx/1.10.3 (Ubuntu)
      Date:
      - Sun, 13 May 2018 05:52:29 GMT
      Content-Length:
      - '483'
      Connection:
      - keep-alive
    body:
      encoding: UTF-8
      string: '{"jsonrpc":"2.0","error":{"code":-32000,"message":"End Of File:stringstream","data":{"code":11,"name":"eof_exception","message":"End
        Of File","stack":[{"context":{"level":"error","file":"sstream.cpp","line":109,"method":"peek","hostname":"","timestamp":"2018-05-13T05:52:29"},"format":"stringstream","data":{}},{"context":{"level":"warn","file":"json.cpp","line":478,"method":"from_string","hostname":"","timestamp":"2018-05-13T05:52:29"},"format":"","data":{"str":""}}]}},"id":null}'
    http_version: 
  recorded_at: Sun, 13 May 2018 05:52:30 GMT
- request:
    method: get
    uri: https://api.steemit.com/health
    body:
      encoding: US-ASCII
      string: ''
    headers:
      Accept-Encoding:
      - gzip;q=1.0,deflate;q=0.6,identity;q=0.3
      Accept:
      - "*/*"
      User-Agent:
      - Ruby
  response:
    status:
      code: 200
      message: OK
    headers:
      Date:
      - Sun, 13 May 2018 05:52:30 GMT
      Content-Type:
      - application/json
      Content-Length:
      - '136'
      Connection:
      - keep-alive
      Server:
      - nginx
      X-Jussi-Request-Id:
      - '000350527320114483'
      X-Amzn-Trace-Id:
      - Root=1-5af7d29e-8bab9a2803634ff464ac9d00
      Access-Control-Allow-Origin:
      - "*"
      Access-Control-Allow-Methods:
      - GET, POST, OPTIONS
      Access-Control-Allow-Headers:
      - DNT,Keep-Alive,User-Agent,X-Requested-With,If-Modified-Since,Cache-Control,Content-Type,Content-Range,Range
      Strict-Transport-Security:
      - max-age=31557600; includeSubDomains; preload
      Content-Security-Policy:
      - upgrade-insecure-requests
    body:
      encoding: UTF-8
      string: '{"status":"OK","datetime":"2018-05-13T05:52:30.484381","source_commit":"6281621b66e79fe300ea2f018a3180dc3e5a1154","docker_tag":"latest"}'
    http_version: 
  recorded_at: Sun, 13 May 2018 05:52:30 GMT
- request:
    method: post
    uri: https://api.steemit.com/
    body:
      encoding: UTF-8
      string: '{"jsonrpc":"2.0","method":"condenser_api.get_feed_history","params":[],"id":1}'
    headers:
      Content-Type:
      - application/json
      User-Agent:
      - radiator/0.4.1
      Accept-Encoding:
      - gzip;q=1.0,deflate;q=0.6,identity;q=0.3
      Accept:
      - "*/*"
      Connection:
      - keep-alive
      Keep-Alive:
      - '30'
  response:
    status:
      code: 200
      message: OK
    headers:
      Date:
      - Sun, 13 May 2018 05:52:31 GMT
      Content-Type:
      - application/json
      Transfer-Encoding:
      - chunked
      Connection:
      - keep-alive
      Server:
      - nginx
      X-Jussi-Request-Id:
      - '000450398215585753'
      X-Amzn-Trace-Id:
      - Root=1-5af7d29f-68befd1e78f8a1f2b45e04c2
      Access-Control-Allow-Origin:
      - "*"
      Access-Control-Allow-Methods:
      - GET, POST, OPTIONS
      Access-Control-Allow-Headers:
      - DNT,Keep-Alive,User-Agent,X-Requested-With,If-Modified-Since,Cache-Control,Content-Type,Content-Range,Range
      Strict-Transport-Security:
      - max-age=31557600; includeSubDomains; preload
      Content-Security-Policy:
      - upgrade-insecure-requests
    body:
      encoding: ASCII-8BIT
      string: '{"jsonrpc":"2.0","result":{"id":0,"current_median_history":{"base":"2.834
        SBD","quote":"1.000 STEEM"},"price_history":[{"base":"3.513 SBD","quote":"1.000
        STEEM"},{"base":"3.491 SBD","quote":"1.000 STEEM"},{"base":"3.486 SBD","quote":"1.000
        STEEM"},{"base":"3.480 SBD","quote":"1.000 STEEM"},{"base":"3.479 SBD","quote":"1.000
        STEEM"},{"base":"3.465 SBD","quote":"1.000 STEEM"},{"base":"3.467 SBD","quote":"1.000
        STEEM"},{"base":"3.452 SBD","quote":"1.000 STEEM"},{"base":"3.387 SBD","quote":"1.000
        STEEM"},{"base":"3.381 SBD","quote":"1.000 STEEM"},{"base":"3.384 SBD","quote":"1.000
        STEEM"},{"base":"3.394 SBD","quote":"1.000 STEEM"},{"base":"3.398 SBD","quote":"1.000
        STEEM"},{"base":"3.388 SBD","quote":"1.000 STEEM"},{"base":"3.390 SBD","quote":"1.000
        STEEM"},{"base":"3.396 SBD","quote":"1.000 STEEM"},{"base":"3.384 SBD","quote":"1.000
        STEEM"},{"base":"3.384 SBD","quote":"1.000 STEEM"},{"base":"3.382 SBD","quote":"1.000
        STEEM"},{"base":"3.384 SBD","quote":"1.000 STEEM"},{"base":"3.398 SBD","quote":"1.000
        STEEM"},{"base":"3.399 SBD","quote":"1.000 STEEM"},{"base":"3.421 SBD","quote":"1.000
        STEEM"},{"base":"3.381 SBD","quote":"1.000 STEEM"},{"base":"3.342 SBD","quote":"1.000
        STEEM"},{"base":"3.341 SBD","quote":"1.000 STEEM"},{"base":"3.319 SBD","quote":"1.000
        STEEM"},{"base":"3.317 SBD","quote":"1.000 STEEM"},{"base":"3.288 SBD","quote":"1.000
        STEEM"},{"base":"3.264 SBD","quote":"1.000 STEEM"},{"base":"3.171 SBD","quote":"1.000
        STEEM"},{"base":"3.138 SBD","quote":"1.000 STEEM"},{"base":"3.097 SBD","quote":"1.000
        STEEM"},{"base":"3.098 SBD","quote":"1.000 STEEM"},{"base":"3.094 SBD","quote":"1.000
        STEEM"},{"base":"3.106 SBD","quote":"1.000 STEEM"},{"base":"3.098 SBD","quote":"1.000
        STEEM"},{"base":"2.834 SBD","quote":"1.000 STEEM"},{"base":"2.815 SBD","quote":"1.000
        STEEM"},{"base":"2.815 SBD","quote":"1.000 STEEM"},{"base":"2.773 SBD","quote":"1.000
        STEEM"},{"base":"2.751 SBD","quote":"1.000 STEEM"},{"base":"2.654 SBD","quote":"1.000
        STEEM"},{"base":"2.689 SBD","quote":"1.000 STEEM"},{"base":"2.737 SBD","quote":"1.000
        STEEM"},{"base":"2.766 SBD","quote":"1.000 STEEM"},{"base":"2.785 SBD","quote":"1.000
        STEEM"},{"base":"2.829 SBD","quote":"1.000 STEEM"},{"base":"2.829 SBD","quote":"1.000
        STEEM"},{"base":"2.848 SBD","quote":"1.000 STEEM"},{"base":"2.839 SBD","quote":"1.000
        STEEM"},{"base":"2.776 SBD","quote":"1.000 STEEM"},{"base":"2.759 SBD","quote":"1.000
        STEEM"},{"base":"2.824 SBD","quote":"1.000 STEEM"},{"base":"2.824 SBD","quote":"1.000
        STEEM"},{"base":"2.818 SBD","quote":"1.000 STEEM"},{"base":"2.807 SBD","quote":"1.000
        STEEM"},{"base":"2.792 SBD","quote":"1.000 STEEM"},{"base":"2.733 SBD","quote":"1.000
        STEEM"},{"base":"2.706 SBD","quote":"1.000 STEEM"},{"base":"2.571 SBD","quote":"1.000
        STEEM"},{"base":"2.594 SBD","quote":"1.000 STEEM"},{"base":"2.606 SBD","quote":"1.000
        STEEM"},{"base":"2.606 SBD","quote":"1.000 STEEM"},{"base":"2.715 SBD","quote":"1.000
        STEEM"},{"base":"2.738 SBD","quote":"1.000 STEEM"},{"base":"2.792 SBD","quote":"1.000
        STEEM"},{"base":"2.848 SBD","quote":"1.000 STEEM"},{"base":"2.796 SBD","quote":"1.000
        STEEM"},{"base":"2.732 SBD","quote":"1.000 STEEM"},{"base":"2.674 SBD","quote":"1.000
        STEEM"},{"base":"2.674 SBD","quote":"1.000 STEEM"},{"base":"2.685 SBD","quote":"1.000
        STEEM"},{"base":"2.694 SBD","quote":"1.000 STEEM"},{"base":"2.708 SBD","quote":"1.000
        STEEM"},{"base":"2.703 SBD","quote":"1.000 STEEM"},{"base":"2.712 SBD","quote":"1.000
        STEEM"},{"base":"2.769 SBD","quote":"1.000 STEEM"},{"base":"2.775 SBD","quote":"1.000
        STEEM"},{"base":"2.757 SBD","quote":"1.000 STEEM"},{"base":"2.723 SBD","quote":"1.000
        STEEM"},{"base":"2.818 SBD","quote":"1.000 STEEM"},{"base":"2.836 SBD","quote":"1.000
        STEEM"},{"base":"2.818 SBD","quote":"1.000 STEEM"}]},"id":1}'
    http_version: 
  recorded_at: Sun, 13 May 2018 05:52:31 GMT
- request:
    method: post
    uri: https://api.steemit.com/
    body:
      encoding: UTF-8
      string: '{"jsonrpc":"2.0","method":"condenser_api.get_dynamic_global_properties","params":[],"id":2}'
    headers:
      Content-Type:
      - application/json
      User-Agent:
      - radiator/0.4.1
      Accept-Encoding:
      - gzip;q=1.0,deflate;q=0.6,identity;q=0.3
      Accept:
      - "*/*"
      Connection:
      - keep-alive
      Keep-Alive:
      - '30'
  response:
    status:
      code: 200
      message: OK
    headers:
      Date:
      - Sun, 13 May 2018 05:52:32 GMT
      Content-Type:
      - application/json
      Transfer-Encoding:
      - chunked
      Connection:
      - keep-alive
      Server:
      - nginx
      X-Jussi-Cache-Hit:
      - appbase.condenser_api.get_dynamic_global_properties.params=[]
      X-Jussi-Request-Id:
      - '000231466293903170'
      X-Amzn-Trace-Id:
      - Root=1-5af7d2a0-ab9abb4275e41e3ac6830edc
      Access-Control-Allow-Origin:
      - "*"
      Access-Control-Allow-Methods:
      - GET, POST, OPTIONS
      Access-Control-Allow-Headers:
      - DNT,Keep-Alive,User-Agent,X-Requested-With,If-Modified-Since,Cache-Control,Content-Type,Content-Range,Range
      Strict-Transport-Security:
      - max-age=31557600; includeSubDomains; preload
      Content-Security-Policy:
      - upgrade-insecure-requests
    body:
      encoding: ASCII-8BIT
      string: '{"id":2,"jsonrpc":"2.0","result":{"head_block_number":22386162,"head_block_id":"015595f2939efdafd508e6f9d17b931affe3ec62","time":"2018-05-13T05:52:30","current_witness":"curie","total_pow":514415,"num_pow_witnesses":172,"virtual_supply":"273038769.187
        STEEM","current_supply":"268270712.261 STEEM","confidential_supply":"0.000
        STEEM","current_sbd_supply":"13512673.330 SBD","confidential_sbd_supply":"0.000
        SBD","total_vesting_fund_steem":"191177183.154 STEEM","total_vesting_shares":"389087706468.508138
        VESTS","total_reward_fund_steem":"0.000 STEEM","total_reward_shares2":"0","pending_rewarded_vesting_shares":"371438627.028833
        VESTS","pending_rewarded_vesting_steem":"181076.164 STEEM","sbd_interest_rate":0,"sbd_print_rate":10000,"maximum_block_size":65536,"current_aslot":22451850,"recent_slots_filled":"340282366920938463463374607431768211455","participation_count":128,"last_irreversible_block_num":22386147,"vote_power_reserve_rate":10,"average_block_size":11463,"current_reserve_ratio":200000000,"max_virtual_bandwidth":"264241152000000000000"}}'
    http_version: 
  recorded_at: Sun, 13 May 2018 05:52:32 GMT
- request:
    method: post
    uri: https://api.steemit.com/
    body:
      encoding: UTF-8
      string: '{"jsonrpc":"2.0","method":"condenser_api.get_dynamic_global_properties","params":[],"id":3}'
    headers:
      Content-Type:
      - application/json
      User-Agent:
      - radiator/0.4.1
      Accept-Encoding:
      - gzip;q=1.0,deflate;q=0.6,identity;q=0.3
      Accept:
      - "*/*"
      Connection:
      - keep-alive
      Keep-Alive:
      - '30'
  response:
    status:
      code: 200
      message: OK
    headers:
      Date:
      - Sun, 13 May 2018 05:52:32 GMT
      Content-Type:
      - application/json
      Transfer-Encoding:
      - chunked
      Connection:
      - keep-alive
      Server:
      - nginx
      X-Jussi-Request-Id:
      - '000271857932581306'
      X-Amzn-Trace-Id:
      - Root=1-5af7d2a0-cf8b1020672af4c05e988ae0
      Access-Control-Allow-Origin:
      - "*"
      Access-Control-Allow-Methods:
      - GET, POST, OPTIONS
      Access-Control-Allow-Headers:
      - DNT,Keep-Alive,User-Agent,X-Requested-With,If-Modified-Since,Cache-Control,Content-Type,Content-Range,Range
      Strict-Transport-Security:
      - max-age=31557600; includeSubDomains; preload
      Content-Security-Policy:
      - upgrade-insecure-requests
    body:
      encoding: ASCII-8BIT
      string: '{"jsonrpc":"2.0","result":{"head_block_number":22386162,"head_block_id":"015595f2939efdafd508e6f9d17b931affe3ec62","time":"2018-05-13T05:52:30","current_witness":"curie","total_pow":514415,"num_pow_witnesses":172,"virtual_supply":"273038769.187
        STEEM","current_supply":"268270712.261 STEEM","confidential_supply":"0.000
        STEEM","current_sbd_supply":"13512673.330 SBD","confidential_sbd_supply":"0.000
        SBD","total_vesting_fund_steem":"191177183.154 STEEM","total_vesting_shares":"389087706468.508138
        VESTS","total_reward_fund_steem":"0.000 STEEM","total_reward_shares2":"0","pending_rewarded_vesting_shares":"371438627.028833
        VESTS","pending_rewarded_vesting_steem":"181076.164 STEEM","sbd_interest_rate":0,"sbd_print_rate":10000,"maximum_block_size":65536,"current_aslot":22451850,"recent_slots_filled":"340282366920938463463374607431768211455","participation_count":128,"last_irreversible_block_num":22386147,"vote_power_reserve_rate":10,"average_block_size":11463,"current_reserve_ratio":200000000,"max_virtual_bandwidth":"264241152000000000000"},"id":3}'
    http_version: 
  recorded_at: Sun, 13 May 2018 05:52:32 GMT
- request:
    method: get
    uri: https://poloniex.com/public?command=returnOrderBook&currencyPair=BTC_STEEM&depth=10
    body:
      encoding: US-ASCII
      string: ''
    headers:
      Accept-Encoding:
      - gzip;q=1.0,deflate;q=0.6,identity;q=0.3
      Accept:
      - "*/*"
      User-Agent:
      - Ruby
  response:
    status:
      code: 200
      message: OK
    headers:
      Date:
      - Sun, 13 May 2018 05:52:35 GMT
      Content-Type:
      - application/json
      Transfer-Encoding:
      - chunked
      Connection:
      - keep-alive
      Set-Cookie:
      - __cfduid=df14de5b94545e44141028d3611b3480b1526190755; expires=Mon, 13-May-19
        05:52:35 GMT; path=/; domain=.poloniex.com; HttpOnly
      Access-Control-Allow-Origin:
      - "*"
      Access-Control-Allow-Methods:
      - GET
      Expect-Ct:
      - max-age=604800, report-uri="https://report-uri.cloudflare.com/cdn-cgi/beacon/expect-ct"
      Server:
      - cloudflare
      Cf-Ray:
      - 41a2dc1c08ef93d8-SJC
    body:
      encoding: ASCII-8BIT
      string: '{"asks":[["0.00030162",274.84398271],["0.00030280",2.34145779],["0.00030331",25.53611772],["0.00030399",0.40599058],["0.00030402",2.33205875],["0.00030433",0.35707392],["0.00030438",16.4653395],["0.00030500",0.36611667],["0.00030525",2.32265748],["0.00030535",42.52147675]],"bids":[["0.00030161",96.86869919],["0.00030144",13.51441283],["0.00030143",450.60784164],["0.00030127",2.4514389],["0.00030096",32.07661241],["0.00030050",0.9983361],["0.00029992",1],["0.00029935",12.68446632],["0.00029845",0.40170053],["0.00029665",168.79298377]],"isFrozen":"0","seq":83948548}'
    http_version: 
  recorded_at: Sun, 13 May 2018 05:52:35 GMT
- request:
    method: get
    uri: https://poloniex.com/public?command=returnOrderBook&currencyPair=BTC_SBD&depth=10
    body:
      encoding: US-ASCII
      string: ''
    headers:
      Accept-Encoding:
      - gzip;q=1.0,deflate;q=0.6,identity;q=0.3
      Accept:
      - "*/*"
      User-Agent:
      - Ruby
  response:
    status:
      code: 200
      message: OK
    headers:
      Date:
      - Sun, 13 May 2018 05:52:35 GMT
      Content-Type:
      - application/json
      Transfer-Encoding:
      - chunked
      Connection:
      - keep-alive
      Set-Cookie:
      - __cfduid=d76a4608f341c344e21bb78e3bc07ef3e1526190755; expires=Mon, 13-May-19
        05:52:35 GMT; path=/; domain=.poloniex.com; HttpOnly
      Access-Control-Allow-Origin:
      - "*"
      Access-Control-Allow-Methods:
      - GET
      Expect-Ct:
      - max-age=604800, report-uri="https://report-uri.cloudflare.com/cdn-cgi/beacon/expect-ct"
      Server:
      - cloudflare
      Cf-Ray:
      - 41a2dc1e2971936c-SJC
    body:
      encoding: ASCII-8BIT
      string: '{"asks":[["0.00028447",1.11067853],["0.00028539",3],["0.00028649",3],["0.00028672",140.97317347],["0.00028683",1.74990385],["0.00028686",0.86487234],["0.00028739",557.68905645],["0.00028785",1.0435],["0.00028898",6],["0.00028931",0.83202981]],"bids":[["0.00028001",173.89967564],["0.00028000",591.78036488],["0.00027650",0.76831826],["0.00027481",10],["0.00027480",473.0713246],["0.00027479",1473.85276029],["0.00027478",1869.19811664],["0.00027082",0.9152],["0.00027034",2.40421701],["0.00027012",1658.22275284]],"isFrozen":"0","seq":22880401}'
    http_version: 
  recorded_at: Sun, 13 May 2018 05:52:35 GMT
- request:
    method: get
    uri: https://poloniex.com/public?command=returnOrderBook&currencyPair=USDT_BTC&depth=10
    body:
      encoding: US-ASCII
      string: ''
    headers:
      Accept-Encoding:
      - gzip;q=1.0,deflate;q=0.6,identity;q=0.3
      Accept:
      - "*/*"
      User-Agent:
      - Ruby
  response:
    status:
      code: 200
      message: OK
    headers:
      Date:
      - Sun, 13 May 2018 05:52:35 GMT
      Content-Type:
      - application/json
      Transfer-Encoding:
      - chunked
      Connection:
      - keep-alive
      Set-Cookie:
      - __cfduid=df8913ef7cc891d0110710e7b95b62cf61526190755; expires=Mon, 13-May-19
        05:52:35 GMT; path=/; domain=.poloniex.com; HttpOnly
      Access-Control-Allow-Origin:
      - "*"
      Access-Control-Allow-Methods:
      - GET
      Expect-Ct:
      - max-age=604800, report-uri="https://report-uri.cloudflare.com/cdn-cgi/beacon/expect-ct"
      Server:
      - cloudflare
      Cf-Ray:
      - 41a2dc1f79f69378-SJC
    body:
      encoding: ASCII-8BIT
      string: '{"asks":[["8399.99999714",4.828382],["8399.99999979",0.5],["8400.00000000",0.53869528],["8401.65883948",0.00071556],["8407.36030747",0.00673712],["8408.99556380",0.00023844],["8413.90000000",1.5],["8414.03000000",0.003],["8414.31929840",0.03],["8416.38449000",0.00023823]],"bids":[["8399.00000000",0.58777001],["8380.41619672",0.4],["8380.32702653",0.01050555],["8380.00000000",0.02422588],["8379.05236560",0.0002381],["8374.30673520",0.24],["8374.28400937",0.4],["8374.21929840",0.03],["8369.48028997",0.0046837],["8369.16000000",0.003]],"isFrozen":"0","seq":239043743}'
    http_version: 
  recorded_at: Sun, 13 May 2018 05:52:35 GMT
- request:
    method: get
    uri: https://bittrex.com/api/v1.1/public/getmarketsummary?market=btc-golos
    body:
      encoding: US-ASCII
      string: ''
    headers:
      Accept-Encoding:
      - gzip;q=1.0,deflate;q=0.6,identity;q=0.3
      Accept:
      - "*/*"
      User-Agent:
      - Ruby
  response:
    status:
      code: 200
      message: OK
    headers:
      Date:
      - Sun, 13 May 2018 05:52:35 GMT
      Content-Type:
      - application/json; charset=utf-8
      Content-Length:
      - '248'
      Connection:
      - keep-alive
      Set-Cookie:
      - __cfduid=dece706bf286baad8cb973b78ed3162751526190755; expires=Mon, 13-May-19
        05:52:35 GMT; path=/; domain=.bittrex.com; HttpOnly
      Cache-Control:
      - public, max-age=1
      Expires:
      - Sun, 13 May 2018 05:52:36 GMT
      Last-Modified:
      - Sun, 13 May 2018 05:52:35 GMT
      Vary:
      - "*, Accept-Encoding"
      Strict-Transport-Security:
      - max-age=15768000
      X-Xss-Protection:
      - 1; mode=block
      X-Content-Type-Options:
      - nosniff
      X-Download-Options:
      - noopen
      Cf-Cache-Status:
      - EXPIRED
      Expect-Ct:
      - max-age=604800, report-uri="https://report-uri.cloudflare.com/cdn-cgi/beacon/expect-ct"
      Server:
      - cloudflare
      Cf-Ray:
      - 41a2dc20bc876d6c-SJC
    body:
      encoding: ASCII-8BIT
      string: '{"success":true,"message":"","result":[{"MarketName":"BTC-GOLOS","High":0.00000893,"Low":0.00000829,"Volume":120879.09545822,"Last":0.00000852,"BaseVolume":1.03918205,"TimeStamp":"2018-05-13T05:51:03.187","Bid":0.00000852,"Ask":0.00000868,"OpenBuyOrders":97,"OpenSellOrders":1988,"PrevDay":0.00000887,"Created":"2017-01-19T23:23:12.41"}]}'
    http_version: 
  recorded_at: Sun, 13 May 2018 05:52:35 GMT
- request:
    method: get
    uri: https://bittrex.com/api/v1.1/public/getmarketsummary?market=btc-gbg
    body:
      encoding: US-ASCII
      string: ''
    headers:
      Accept-Encoding:
      - gzip;q=1.0,deflate;q=0.6,identity;q=0.3
      Accept:
      - "*/*"
      User-Agent:
      - Ruby
  response:
    status:
      code: 200
      message: OK
    headers:
      Date:
      - Sun, 13 May 2018 05:52:36 GMT
      Content-Type:
      - application/json; charset=utf-8
      Content-Length:
      - '250'
      Connection:
      - keep-alive
      Set-Cookie:
      - __cfduid=dcd4940d30bb43c5cc40ddea36398da681526190756; expires=Mon, 13-May-19
        05:52:36 GMT; path=/; domain=.bittrex.com; HttpOnly
      Cache-Control:
      - public, max-age=1
      Expires:
      - Sun, 13 May 2018 05:52:37 GMT
      Last-Modified:
      - Sun, 13 May 2018 05:52:36 GMT
      Vary:
      - "*, Accept-Encoding"
      Strict-Transport-Security:
      - max-age=15768000
      X-Xss-Protection:
      - 1; mode=block
      X-Content-Type-Options:
      - nosniff
      X-Download-Options:
      - noopen
      Cf-Cache-Status:
      - EXPIRED
      Expect-Ct:
      - max-age=604800, report-uri="https://report-uri.cloudflare.com/cdn-cgi/beacon/expect-ct"
      Server:
      - cloudflare
      Cf-Ray:
      - 41a2dc2179ab6d5a-SJC
    body:
      encoding: ASCII-8BIT
      string: '{"success":true,"message":"","result":[{"MarketName":"BTC-GBG","High":0.00000899,"Low":0.00000797,"Volume":83567.78769618,"Last":0.00000841,"BaseVolume":0.71069668,"TimeStamp":"2018-05-13T05:52:28.58","Bid":0.00000815,"Ask":0.00000834,"OpenBuyOrders":67,"OpenSellOrders":1839,"PrevDay":0.00000803,"Created":"2017-02-12T00:38:21.023"}]}'
    http_version: 
  recorded_at: Sun, 13 May 2018 05:52:36 GMT
- request:
    method: get
    uri: https://bittrex.com/api/v1.1/public/getmarketsummary?market=usdt-btc
    body:
      encoding: US-ASCII
      string: ''
    headers:
      Accept-Encoding:
      - gzip;q=1.0,deflate;q=0.6,identity;q=0.3
      Accept:
      - "*/*"
      User-Agent:
      - Ruby
  response:
    status:
      code: 200
      message: OK
    headers:
      Date:
      - Sun, 13 May 2018 05:52:36 GMT
      Content-Type:
      - application/json; charset=utf-8
      Content-Length:
      - '266'
      Connection:
      - keep-alive
      Set-Cookie:
      - __cfduid=df7617bd86d77d5490f33ce245392b6d41526190756; expires=Mon, 13-May-19
        05:52:36 GMT; path=/; domain=.bittrex.com; HttpOnly
      Cache-Control:
      - public, max-age=1
      Expires:
      - Sun, 13 May 2018 05:52:37 GMT
      Last-Modified:
      - Sun, 13 May 2018 05:52:36 GMT
      Vary:
      - "*, Accept-Encoding"
      Strict-Transport-Security:
      - max-age=15768000
      X-Xss-Protection:
      - 1; mode=block
      X-Content-Type-Options:
      - nosniff
      X-Download-Options:
      - noopen
      Cf-Cache-Status:
      - EXPIRED
      Expect-Ct:
      - max-age=604800, report-uri="https://report-uri.cloudflare.com/cdn-cgi/beacon/expect-ct"
      Server:
      - cloudflare
      Cf-Ray:
      - 41a2dc221d5e6d48-SJC
    body:
      encoding: ASCII-8BIT
      string: '{"success":true,"message":"","result":[{"MarketName":"USDT-BTC","High":8649.33300003,"Low":8177.00000000,"Volume":2523.87087129,"Last":8418.90000000,"BaseVolume":21142883.29033077,"TimeStamp":"2018-05-13T05:52:34.163","Bid":8393.32000000,"Ask":8418.90000000,"OpenBuyOrders":2653,"OpenSellOrders":2700,"PrevDay":8310.00000000,"Created":"2015-12-11T06:31:40.633"}]}'
    http_version: 
  recorded_at: Sun, 13 May 2018 05:52:36 GMT
- request:
    method: get
    uri: https://bittrex.com/api/v1.1/public/getmarketsummary?market=btc-steem
    body:
      encoding: US-ASCII
      string: ''
    headers:
      Accept-Encoding:
      - gzip;q=1.0,deflate;q=0.6,identity;q=0.3
      Accept:
      - "*/*"
      User-Agent:
      - Ruby
  response:
    status:
      code: 200
      message: OK
    headers:
      Date:
      - Sun, 13 May 2018 05:52:36 GMT
      Content-Type:
      - application/json; charset=utf-8
      Content-Length:
      - '258'
      Connection:
      - keep-alive
      Set-Cookie:
      - __cfduid=d374a5b3f8b3bd20bbd3b4fc3738fcd821526190756; expires=Mon, 13-May-19
        05:52:36 GMT; path=/; domain=.bittrex.com; HttpOnly
      Cache-Control:
      - public, max-age=1
      Expires:
      - Sun, 13 May 2018 05:52:37 GMT
      Last-Modified:
      - Sun, 13 May 2018 05:52:36 GMT
      Vary:
      - "*, Accept-Encoding"
      Strict-Transport-Security:
      - max-age=15768000
      X-Xss-Protection:
      - 1; mode=block
      X-Content-Type-Options:
      - nosniff
      X-Download-Options:
      - noopen
      Cf-Cache-Status:
      - EXPIRED
      Expect-Ct:
      - max-age=604800, report-uri="https://report-uri.cloudflare.com/cdn-cgi/beacon/expect-ct"
      Server:
      - cloudflare
      Cf-Ray:
      - 41a2dc22cf736d78-SJC
    body:
      encoding: ASCII-8BIT
      string: '{"success":true,"message":"","result":[{"MarketName":"BTC-STEEM","High":0.00034566,"Low":0.00030500,"Volume":280331.67295351,"Last":0.00033810,"BaseVolume":90.79894175,"TimeStamp":"2018-05-13T05:52:35.663","Bid":0.00033631,"Ask":0.00033808,"OpenBuyOrders":430,"OpenSellOrders":3486,"PrevDay":0.00031373,"Created":"2016-04-17T01:22:13.35"}]}'
    http_version: 
  recorded_at: Sun, 13 May 2018 05:52:36 GMT
- request:
    method: get
    uri: https://bittrex.com/api/v1.1/public/getmarketsummary?market=btc-sbd
    body:
      encoding: US-ASCII
      string: ''
    headers:
      Accept-Encoding:
      - gzip;q=1.0,deflate;q=0.6,identity;q=0.3
      Accept:
      - "*/*"
      User-Agent:
      - Ruby
  response:
    status:
      code: 200
      message: OK
    headers:
      Date:
      - Sun, 13 May 2018 05:52:36 GMT
      Content-Type:
      - application/json; charset=utf-8
      Content-Length:
      - '254'
      Connection:
      - keep-alive
      Set-Cookie:
      - __cfduid=d8135f0f4e9e73365eaff67880b7789d81526190756; expires=Mon, 13-May-19
        05:52:36 GMT; path=/; domain=.bittrex.com; HttpOnly
      Cache-Control:
      - public, max-age=1
      Expires:
      - Sun, 13 May 2018 05:52:37 GMT
      Last-Modified:
      - Sun, 13 May 2018 05:52:36 GMT
      Vary:
      - "*, Accept-Encoding"
      Strict-Transport-Security:
      - max-age=15768000
      X-Xss-Protection:
      - 1; mode=block
      X-Content-Type-Options:
      - nosniff
      X-Download-Options:
      - noopen
      Cf-Cache-Status:
      - EXPIRED
      Expect-Ct:
      - max-age=604800, report-uri="https://report-uri.cloudflare.com/cdn-cgi/beacon/expect-ct"
      Server:
      - cloudflare
      Cf-Ray:
      - 41a2dc237c456d66-SJC
    body:
      encoding: ASCII-8BIT
      string: '{"success":true,"message":"","result":[{"MarketName":"BTC-SBD","High":0.00027685,"Low":0.00024074,"Volume":114354.36754885,"Last":0.00026503,"BaseVolume":29.28131559,"TimeStamp":"2018-05-13T05:52:34.68","Bid":0.00026388,"Ask":0.00026706,"OpenBuyOrders":144,"OpenSellOrders":1883,"PrevDay":0.00024801,"Created":"2016-07-09T19:02:08.943"}]}'
    http_version: 
  recorded_at: Sun, 13 May 2018 05:52:36 GMT
- request:
    method: post
    uri: https://api.steemit.com/
    body:
      encoding: UTF-8
      string: '{"jsonrpc":"2.0","method":"condenser_api.get_feed_history","params":[],"id":4}'
    headers:
      Content-Type:
      - application/json
      User-Agent:
      - radiator/0.4.1
      Accept-Encoding:
      - gzip;q=1.0,deflate;q=0.6,identity;q=0.3
      Accept:
      - "*/*"
      Connection:
      - keep-alive
      Keep-Alive:
      - '30'
  response:
    status:
      code: 200
      message: OK
    headers:
      Date:
      - Sun, 13 May 2018 05:52:36 GMT
      Content-Type:
      - application/json
      Transfer-Encoding:
      - chunked
      Connection:
      - keep-alive
      Server:
      - nginx
      X-Jussi-Request-Id:
      - '000857223926210831'
      X-Amzn-Trace-Id:
      - Root=1-5af7d2a4-164a82b0c3c134c899729860
      Access-Control-Allow-Origin:
      - "*"
      Access-Control-Allow-Methods:
      - GET, POST, OPTIONS
      Access-Control-Allow-Headers:
      - DNT,Keep-Alive,User-Agent,X-Requested-With,If-Modified-Since,Cache-Control,Content-Type,Content-Range,Range
      Strict-Transport-Security:
      - max-age=31557600; includeSubDomains; preload
      Content-Security-Policy:
      - upgrade-insecure-requests
    body:
      encoding: ASCII-8BIT
      string: '{"jsonrpc":"2.0","result":{"id":0,"current_median_history":{"base":"2.834
        SBD","quote":"1.000 STEEM"},"price_history":[{"base":"3.513 SBD","quote":"1.000
        STEEM"},{"base":"3.491 SBD","quote":"1.000 STEEM"},{"base":"3.486 SBD","quote":"1.000
        STEEM"},{"base":"3.480 SBD","quote":"1.000 STEEM"},{"base":"3.479 SBD","quote":"1.000
        STEEM"},{"base":"3.465 SBD","quote":"1.000 STEEM"},{"base":"3.467 SBD","quote":"1.000
        STEEM"},{"base":"3.452 SBD","quote":"1.000 STEEM"},{"base":"3.387 SBD","quote":"1.000
        STEEM"},{"base":"3.381 SBD","quote":"1.000 STEEM"},{"base":"3.384 SBD","quote":"1.000
        STEEM"},{"base":"3.394 SBD","quote":"1.000 STEEM"},{"base":"3.398 SBD","quote":"1.000
        STEEM"},{"base":"3.388 SBD","quote":"1.000 STEEM"},{"base":"3.390 SBD","quote":"1.000
        STEEM"},{"base":"3.396 SBD","quote":"1.000 STEEM"},{"base":"3.384 SBD","quote":"1.000
        STEEM"},{"base":"3.384 SBD","quote":"1.000 STEEM"},{"base":"3.382 SBD","quote":"1.000
        STEEM"},{"base":"3.384 SBD","quote":"1.000 STEEM"},{"base":"3.398 SBD","quote":"1.000
        STEEM"},{"base":"3.399 SBD","quote":"1.000 STEEM"},{"base":"3.421 SBD","quote":"1.000
        STEEM"},{"base":"3.381 SBD","quote":"1.000 STEEM"},{"base":"3.342 SBD","quote":"1.000
        STEEM"},{"base":"3.341 SBD","quote":"1.000 STEEM"},{"base":"3.319 SBD","quote":"1.000
        STEEM"},{"base":"3.317 SBD","quote":"1.000 STEEM"},{"base":"3.288 SBD","quote":"1.000
        STEEM"},{"base":"3.264 SBD","quote":"1.000 STEEM"},{"base":"3.171 SBD","quote":"1.000
        STEEM"},{"base":"3.138 SBD","quote":"1.000 STEEM"},{"base":"3.097 SBD","quote":"1.000
        STEEM"},{"base":"3.098 SBD","quote":"1.000 STEEM"},{"base":"3.094 SBD","quote":"1.000
        STEEM"},{"base":"3.106 SBD","quote":"1.000 STEEM"},{"base":"3.098 SBD","quote":"1.000
        STEEM"},{"base":"2.834 SBD","quote":"1.000 STEEM"},{"base":"2.815 SBD","quote":"1.000
        STEEM"},{"base":"2.815 SBD","quote":"1.000 STEEM"},{"base":"2.773 SBD","quote":"1.000
        STEEM"},{"base":"2.751 SBD","quote":"1.000 STEEM"},{"base":"2.654 SBD","quote":"1.000
        STEEM"},{"base":"2.689 SBD","quote":"1.000 STEEM"},{"base":"2.737 SBD","quote":"1.000
        STEEM"},{"base":"2.766 SBD","quote":"1.000 STEEM"},{"base":"2.785 SBD","quote":"1.000
        STEEM"},{"base":"2.829 SBD","quote":"1.000 STEEM"},{"base":"2.829 SBD","quote":"1.000
        STEEM"},{"base":"2.848 SBD","quote":"1.000 STEEM"},{"base":"2.839 SBD","quote":"1.000
        STEEM"},{"base":"2.776 SBD","quote":"1.000 STEEM"},{"base":"2.759 SBD","quote":"1.000
        STEEM"},{"base":"2.824 SBD","quote":"1.000 STEEM"},{"base":"2.824 SBD","quote":"1.000
        STEEM"},{"base":"2.818 SBD","quote":"1.000 STEEM"},{"base":"2.807 SBD","quote":"1.000
        STEEM"},{"base":"2.792 SBD","quote":"1.000 STEEM"},{"base":"2.733 SBD","quote":"1.000
        STEEM"},{"base":"2.706 SBD","quote":"1.000 STEEM"},{"base":"2.571 SBD","quote":"1.000
        STEEM"},{"base":"2.594 SBD","quote":"1.000 STEEM"},{"base":"2.606 SBD","quote":"1.000
        STEEM"},{"base":"2.606 SBD","quote":"1.000 STEEM"},{"base":"2.715 SBD","quote":"1.000
        STEEM"},{"base":"2.738 SBD","quote":"1.000 STEEM"},{"base":"2.792 SBD","quote":"1.000
        STEEM"},{"base":"2.848 SBD","quote":"1.000 STEEM"},{"base":"2.796 SBD","quote":"1.000
        STEEM"},{"base":"2.732 SBD","quote":"1.000 STEEM"},{"base":"2.674 SBD","quote":"1.000
        STEEM"},{"base":"2.674 SBD","quote":"1.000 STEEM"},{"base":"2.685 SBD","quote":"1.000
        STEEM"},{"base":"2.694 SBD","quote":"1.000 STEEM"},{"base":"2.708 SBD","quote":"1.000
        STEEM"},{"base":"2.703 SBD","quote":"1.000 STEEM"},{"base":"2.712 SBD","quote":"1.000
        STEEM"},{"base":"2.769 SBD","quote":"1.000 STEEM"},{"base":"2.775 SBD","quote":"1.000
        STEEM"},{"base":"2.757 SBD","quote":"1.000 STEEM"},{"base":"2.723 SBD","quote":"1.000
        STEEM"},{"base":"2.818 SBD","quote":"1.000 STEEM"},{"base":"2.836 SBD","quote":"1.000
        STEEM"},{"base":"2.818 SBD","quote":"1.000 STEEM"}]},"id":4}'
    http_version: 
  recorded_at: Sun, 13 May 2018 05:52:36 GMT
- request:
    method: post
    uri: https://api.steemit.com/
    body:
      encoding: UTF-8
      string: '{"jsonrpc":"2.0","method":"condenser_api.get_dynamic_global_properties","params":[],"id":5}'
    headers:
      Content-Type:
      - application/json
      User-Agent:
      - radiator/0.4.1
      Accept-Encoding:
      - gzip;q=1.0,deflate;q=0.6,identity;q=0.3
      Accept:
      - "*/*"
      Connection:
      - keep-alive
      Keep-Alive:
      - '30'
  response:
    status:
      code: 200
      message: OK
    headers:
      Date:
      - Sun, 13 May 2018 05:52:37 GMT
      Content-Type:
      - application/json
      Transfer-Encoding:
      - chunked
      Connection:
      - keep-alive
      Server:
      - nginx
      X-Jussi-Request-Id:
      - '000083334844239380'
      X-Amzn-Trace-Id:
      - Root=1-5af7d2a4-ba7cc27af8013bb8952bf334
      Access-Control-Allow-Origin:
      - "*"
      Access-Control-Allow-Methods:
      - GET, POST, OPTIONS
      Access-Control-Allow-Headers:
      - DNT,Keep-Alive,User-Agent,X-Requested-With,If-Modified-Since,Cache-Control,Content-Type,Content-Range,Range
      Strict-Transport-Security:
      - max-age=31557600; includeSubDomains; preload
      Content-Security-Policy:
      - upgrade-insecure-requests
    body:
      encoding: ASCII-8BIT
      string: '{"jsonrpc":"2.0","result":{"head_block_number":22386164,"head_block_id":"015595f4253e32e13dbe9d444da19745904f6a3c","time":"2018-05-13T05:52:36","current_witness":"pharesim","total_pow":514415,"num_pow_witnesses":172,"virtual_supply":"273038773.729
        STEEM","current_supply":"268270716.598 STEEM","confidential_supply":"0.000
        STEEM","current_sbd_supply":"13512673.910 SBD","confidential_sbd_supply":"0.000
        SBD","total_vesting_fund_steem":"191177184.234 STEEM","total_vesting_shares":"389087707258.173657
        VESTS","total_reward_fund_steem":"0.000 STEEM","total_reward_shares2":"0","pending_rewarded_vesting_shares":"371439316.973701
        VESTS","pending_rewarded_vesting_steem":"181076.503 STEEM","sbd_interest_rate":0,"sbd_print_rate":10000,"maximum_block_size":65536,"current_aslot":22451852,"recent_slots_filled":"340282366920938463463374607431768211455","participation_count":128,"last_irreversible_block_num":22386149,"vote_power_reserve_rate":10,"average_block_size":11424,"current_reserve_ratio":200000000,"max_virtual_bandwidth":"264241152000000000000"},"id":5}'
    http_version: 
  recorded_at: Sun, 13 May 2018 05:52:37 GMT
- request:
    method: post
    uri: https://api.steemit.com/
    body:
      encoding: UTF-8
      string: '{"jsonrpc":"2.0","method":"condenser_api.get_dynamic_global_properties","params":[],"id":6}'
    headers:
      Content-Type:
      - application/json
      User-Agent:
      - radiator/0.4.1
      Accept-Encoding:
      - gzip;q=1.0,deflate;q=0.6,identity;q=0.3
      Accept:
      - "*/*"
      Connection:
      - keep-alive
      Keep-Alive:
      - '30'
  response:
    status:
      code: 200
      message: OK
    headers:
      Date:
      - Sun, 13 May 2018 05:52:37 GMT
      Content-Type:
      - application/json
      Transfer-Encoding:
      - chunked
      Connection:
      - keep-alive
      Server:
      - nginx
      X-Jussi-Cache-Hit:
      - appbase.condenser_api.get_dynamic_global_properties.params=[]
      X-Jussi-Request-Id:
      - '000731943257782771'
      X-Amzn-Trace-Id:
      - Root=1-5af7d2a5-9270485267fdfece2b74abb4
      Access-Control-Allow-Origin:
      - "*"
      Access-Control-Allow-Methods:
      - GET, POST, OPTIONS
      Access-Control-Allow-Headers:
      - DNT,Keep-Alive,User-Agent,X-Requested-With,If-Modified-Since,Cache-Control,Content-Type,Content-Range,Range
      Strict-Transport-Security:
      - max-age=31557600; includeSubDomains; preload
      Content-Security-Policy:
      - upgrade-insecure-requests
    body:
      encoding: ASCII-8BIT
      string: '{"id":6,"jsonrpc":"2.0","result":{"head_block_number":22386164,"head_block_id":"015595f4253e32e13dbe9d444da19745904f6a3c","time":"2018-05-13T05:52:36","current_witness":"pharesim","total_pow":514415,"num_pow_witnesses":172,"virtual_supply":"273038773.729
        STEEM","current_supply":"268270716.598 STEEM","confidential_supply":"0.000
        STEEM","current_sbd_supply":"13512673.910 SBD","confidential_sbd_supply":"0.000
        SBD","total_vesting_fund_steem":"191177184.234 STEEM","total_vesting_shares":"389087707258.173657
        VESTS","total_reward_fund_steem":"0.000 STEEM","total_reward_shares2":"0","pending_rewarded_vesting_shares":"371439316.973701
        VESTS","pending_rewarded_vesting_steem":"181076.503 STEEM","sbd_interest_rate":0,"sbd_print_rate":10000,"maximum_block_size":65536,"current_aslot":22451852,"recent_slots_filled":"340282366920938463463374607431768211455","participation_count":128,"last_irreversible_block_num":22386149,"vote_power_reserve_rate":10,"average_block_size":11424,"current_reserve_ratio":200000000,"max_virtual_bandwidth":"264241152000000000000"}}'
    http_version: 
  recorded_at: Sun, 13 May 2018 05:52:37 GMT
- request:
    method: get
    uri: https://poloniex.com/public?command=returnOrderBook&currencyPair=BTC_STEEM&depth=10
    body:
      encoding: US-ASCII
      string: ''
    headers:
      Accept-Encoding:
      - gzip;q=1.0,deflate;q=0.6,identity;q=0.3
      Accept:
      - "*/*"
      User-Agent:
      - Ruby
  response:
    status:
      code: 200
      message: OK
    headers:
      Date:
      - Sun, 13 May 2018 05:52:39 GMT
      Content-Type:
      - application/json
      Transfer-Encoding:
      - chunked
      Connection:
      - keep-alive
      Set-Cookie:
      - __cfduid=dd70257f3c3bb28149aeb1e7eb2bb3e2e1526190759; expires=Mon, 13-May-19
        05:52:39 GMT; path=/; domain=.poloniex.com; HttpOnly
      Access-Control-Allow-Origin:
      - "*"
      Access-Control-Allow-Methods:
      - GET
      Expect-Ct:
      - max-age=604800, report-uri="https://report-uri.cloudflare.com/cdn-cgi/beacon/expect-ct"
      Server:
      - cloudflare
      Cf-Ray:
      - 41a2dc387a3f9390-SJC
    body:
      encoding: ASCII-8BIT
      string: '{"asks":[["0.00030162",274.84398271],["0.00030280",2.34145779],["0.00030331",25.53611772],["0.00030398",19.3],["0.00030399",0.40599058],["0.00030402",2.33205875],["0.00030433",0.35707392],["0.00030438",16.4653395],["0.00030500",0.36611667],["0.00030524",2.04999999]],"bids":[["0.00030161",96.86869919],["0.00030144",13.51441283],["0.00030143",450.60784164],["0.00030127",2.4514389],["0.00030096",32.07661241],["0.00030050",0.9983361],["0.00029992",1],["0.00029935",12.68446632],["0.00029845",0.40170053],["0.00029665",168.79298377]],"isFrozen":"0","seq":83948556}'
    http_version: 
  recorded_at: Sun, 13 May 2018 05:52:39 GMT
- request:
    method: get
    uri: https://poloniex.com/public?command=returnOrderBook&currencyPair=BTC_SBD&depth=10
    body:
      encoding: US-ASCII
      string: ''
    headers:
      Accept-Encoding:
      - gzip;q=1.0,deflate;q=0.6,identity;q=0.3
      Accept:
      - "*/*"
      User-Agent:
      - Ruby
  response:
    status:
      code: 200
      message: OK
    headers:
      Date:
      - Sun, 13 May 2018 05:52:40 GMT
      Content-Type:
      - application/json
      Transfer-Encoding:
      - chunked
      Connection:
      - keep-alive
      Set-Cookie:
      - __cfduid=d2438534d7958be6abd77da381a0b83791526190759; expires=Mon, 13-May-19
        05:52:39 GMT; path=/; domain=.poloniex.com; HttpOnly
      Access-Control-Allow-Origin:
      - "*"
      Access-Control-Allow-Methods:
      - GET
      Expect-Ct:
      - max-age=604800, report-uri="https://report-uri.cloudflare.com/cdn-cgi/beacon/expect-ct"
      Server:
      - cloudflare
      Cf-Ray:
      - 41a2dc399e479384-SJC
    body:
      encoding: ASCII-8BIT
      string: '{"asks":[["0.00028447",1.11067853],["0.00028539",3],["0.00028649",3],["0.00028672",140.97317347],["0.00028683",1.74990385],["0.00028686",0.86487234],["0.00028739",557.68905645],["0.00028785",1.0435],["0.00028898",6],["0.00028931",0.83202981]],"bids":[["0.00028001",173.89967564],["0.00028000",591.78036488],["0.00027650",0.76831826],["0.00027481",10],["0.00027480",473.0713246],["0.00027479",1473.85276029],["0.00027478",1869.19811664],["0.00027082",0.9152],["0.00027034",2.40421701],["0.00027012",1658.22275284]],"isFrozen":"0","seq":22880401}'
    http_version: 
  recorded_at: Sun, 13 May 2018 05:52:40 GMT
- request:
    method: get
    uri: https://poloniex.com/public?command=returnOrderBook&currencyPair=USDT_BTC&depth=10
    body:
      encoding: US-ASCII
      string: ''
    headers:
      Accept-Encoding:
      - gzip;q=1.0,deflate;q=0.6,identity;q=0.3
      Accept:
      - "*/*"
      User-Agent:
      - Ruby
  response:
    status:
      code: 200
      message: OK
    headers:
      Date:
      - Sun, 13 May 2018 05:52:41 GMT
      Content-Type:
      - application/json
      Transfer-Encoding:
      - chunked
      Connection:
      - keep-alive
      Set-Cookie:
      - __cfduid=d3b61690cf73fad655b489c1e4dcb93561526190760; expires=Mon, 13-May-19
        05:52:40 GMT; path=/; domain=.poloniex.com; HttpOnly
      Access-Control-Allow-Origin:
      - "*"
      Access-Control-Allow-Methods:
      - GET
      Expect-Ct:
      - max-age=604800, report-uri="https://report-uri.cloudflare.com/cdn-cgi/beacon/expect-ct"
      Server:
      - cloudflare
      Cf-Ray:
      - 41a2dc3babae9390-SJC
    body:
      encoding: ASCII-8BIT
      string: '{"asks":[["8399.99999659",0.5053],["8399.99999660",4.93623318],["8399.99999979",0.5],["8400.00000000",0.53869528],["8401.65883948",0.00071556],["8407.36030747",0.00673712],["8408.99556380",0.00023844],["8413.90000000",1.5],["8414.03000000",0.003],["8414.31929840",0.03]],"bids":[["8399.00000000",0.36639458],["8380.41619672",0.4],["8380.32702653",0.01050555],["8380.00000000",0.02422588],["8379.05236560",0.0002381],["8374.30673520",0.24],["8374.28400937",0.4],["8374.21929840",0.03],["8369.51145285",0.0046837],["8369.16000000",0.003]],"isFrozen":"0","seq":239043762}'
    http_version: 
  recorded_at: Sun, 13 May 2018 05:52:41 GMT
- request:
    method: get
    uri: https://bittrex.com/api/v1.1/public/getmarketsummary?market=btc-golos
    body:
      encoding: US-ASCII
      string: ''
    headers:
      Accept-Encoding:
      - gzip;q=1.0,deflate;q=0.6,identity;q=0.3
      Accept:
      - "*/*"
      User-Agent:
      - Ruby
  response:
    status:
      code: 200
      message: OK
    headers:
      Date:
      - Sun, 13 May 2018 05:52:41 GMT
      Content-Type:
      - application/json; charset=utf-8
      Content-Length:
      - '248'
      Connection:
      - keep-alive
      Set-Cookie:
      - __cfduid=d301caea7f21439ef6edfd233dcc949e11526190761; expires=Mon, 13-May-19
        05:52:41 GMT; path=/; domain=.bittrex.com; HttpOnly
      Cache-Control:
      - public, max-age=1
      Expires:
      - Sun, 13 May 2018 05:52:42 GMT
      Last-Modified:
      - Sun, 13 May 2018 05:52:41 GMT
      Vary:
      - "*, Accept-Encoding"
      Strict-Transport-Security:
      - max-age=15768000
      X-Xss-Protection:
      - 1; mode=block
      X-Content-Type-Options:
      - nosniff
      X-Download-Options:
      - noopen
      Cf-Cache-Status:
      - EXPIRED
      Expect-Ct:
      - max-age=604800, report-uri="https://report-uri.cloudflare.com/cdn-cgi/beacon/expect-ct"
      Server:
      - cloudflare
      Cf-Ray:
      - 41a2dc45dca16d48-SJC
    body:
      encoding: ASCII-8BIT
      string: '{"success":true,"message":"","result":[{"MarketName":"BTC-GOLOS","High":0.00000893,"Low":0.00000829,"Volume":120879.09545822,"Last":0.00000852,"BaseVolume":1.03918205,"TimeStamp":"2018-05-13T05:51:03.187","Bid":0.00000852,"Ask":0.00000868,"OpenBuyOrders":97,"OpenSellOrders":1988,"PrevDay":0.00000887,"Created":"2017-01-19T23:23:12.41"}]}'
    http_version: 
  recorded_at: Sun, 13 May 2018 05:52:41 GMT
- request:
    method: get
    uri: https://bittrex.com/api/v1.1/public/getmarketsummary?market=btc-gbg
    body:
      encoding: US-ASCII
      string: ''
    headers:
      Accept-Encoding:
      - gzip;q=1.0,deflate;q=0.6,identity;q=0.3
      Accept:
      - "*/*"
      User-Agent:
      - Ruby
  response:
    status:
      code: 200
      message: OK
    headers:
      Date:
      - Sun, 13 May 2018 05:52:42 GMT
      Content-Type:
      - application/json; charset=utf-8
      Content-Length:
      - '250'
      Connection:
      - keep-alive
      Set-Cookie:
      - __cfduid=dccfc0f1989800171256810237ec1264d1526190762; expires=Mon, 13-May-19
        05:52:42 GMT; path=/; domain=.bittrex.com; HttpOnly
      Cache-Control:
      - public, max-age=1
      Expires:
      - Sun, 13 May 2018 05:52:43 GMT
      Last-Modified:
      - Sun, 13 May 2018 05:52:42 GMT
      Vary:
      - "*, Accept-Encoding"
      Strict-Transport-Security:
      - max-age=15768000
      X-Xss-Protection:
      - 1; mode=block
      X-Content-Type-Options:
      - nosniff
      X-Download-Options:
      - noopen
      Cf-Cache-Status:
      - EXPIRED
      Expect-Ct:
      - max-age=604800, report-uri="https://report-uri.cloudflare.com/cdn-cgi/beacon/expect-ct"
      Server:
      - cloudflare
      Cf-Ray:
      - 41a2dc489c2d6d60-SJC
    body:
      encoding: ASCII-8BIT
      string: '{"success":true,"message":"","result":[{"MarketName":"BTC-GBG","High":0.00000899,"Low":0.00000797,"Volume":83567.78769618,"Last":0.00000841,"BaseVolume":0.71069668,"TimeStamp":"2018-05-13T05:52:28.58","Bid":0.00000815,"Ask":0.00000834,"OpenBuyOrders":67,"OpenSellOrders":1839,"PrevDay":0.00000803,"Created":"2017-02-12T00:38:21.023"}]}'
    http_version: 
  recorded_at: Sun, 13 May 2018 05:52:42 GMT
- request:
    method: get
    uri: https://bittrex.com/api/v1.1/public/getmarketsummary?market=usdt-btc
    body:
      encoding: US-ASCII
      string: ''
    headers:
      Accept-Encoding:
      - gzip;q=1.0,deflate;q=0.6,identity;q=0.3
      Accept:
      - "*/*"
      User-Agent:
      - Ruby
  response:
    status:
      code: 200
      message: OK
    headers:
      Date:
      - Sun, 13 May 2018 05:52:42 GMT
      Content-Type:
      - application/json; charset=utf-8
      Content-Length:
      - '269'
      Connection:
      - keep-alive
      Set-Cookie:
      - __cfduid=d911fab0acdd25e70ecbfe6a5db5d2c051526190762; expires=Mon, 13-May-19
        05:52:42 GMT; path=/; domain=.bittrex.com; HttpOnly
      Cache-Control:
      - public, max-age=1
      Expires:
      - Sun, 13 May 2018 05:52:43 GMT
      Last-Modified:
      - Sun, 13 May 2018 05:52:42 GMT
      Vary:
      - "*, Accept-Encoding"
      Strict-Transport-Security:
      - max-age=15768000
      X-Xss-Protection:
      - 1; mode=block
      X-Content-Type-Options:
      - nosniff
      X-Download-Options:
      - noopen
      Cf-Cache-Status:
      - HIT
      Expect-Ct:
      - max-age=604800, report-uri="https://report-uri.cloudflare.com/cdn-cgi/beacon/expect-ct"
      Server:
      - cloudflare
      Cf-Ray:
      - 41a2dc4b9ff66d42-SJC
    body:
      encoding: ASCII-8BIT
      string: '{"success":true,"message":"","result":[{"MarketName":"USDT-BTC","High":8649.33300003,"Low":8177.00000000,"Volume":2523.87087129,"Last":8418.90000000,"BaseVolume":21142883.29033077,"TimeStamp":"2018-05-13T05:52:42.39","Bid":8393.32000000,"Ask":8422.88000000,"OpenBuyOrders":2653,"OpenSellOrders":2700,"PrevDay":8310.00000000,"Created":"2015-12-11T06:31:40.633"}]}'
    http_version: 
  recorded_at: Sun, 13 May 2018 05:52:42 GMT
- request:
    method: get
    uri: https://bittrex.com/api/v1.1/public/getmarketsummary?market=btc-steem
    body:
      encoding: US-ASCII
      string: ''
    headers:
      Accept-Encoding:
      - gzip;q=1.0,deflate;q=0.6,identity;q=0.3
      Accept:
      - "*/*"
      User-Agent:
      - Ruby
  response:
    status:
      code: 200
      message: OK
    headers:
      Date:
      - Sun, 13 May 2018 05:52:43 GMT
      Content-Type:
      - application/json; charset=utf-8
      Content-Length:
      - '258'
      Connection:
      - keep-alive
      Set-Cookie:
      - __cfduid=dda1c788883bd1ba5e52d4a0c2c12af9d1526190763; expires=Mon, 13-May-19
        05:52:43 GMT; path=/; domain=.bittrex.com; HttpOnly
      Cache-Control:
      - public, max-age=1
      Expires:
      - Sun, 13 May 2018 05:52:44 GMT
      Last-Modified:
      - Sun, 13 May 2018 05:52:43 GMT
      Vary:
      - "*, Accept-Encoding"
      Strict-Transport-Security:
      - max-age=15768000
      X-Xss-Protection:
      - 1; mode=block
      X-Content-Type-Options:
      - nosniff
      X-Download-Options:
      - noopen
      Cf-Cache-Status:
      - EXPIRED
      Expect-Ct:
      - max-age=604800, report-uri="https://report-uri.cloudflare.com/cdn-cgi/beacon/expect-ct"
      Server:
      - cloudflare
      Cf-Ray:
      - 41a2dc4dbfa26d54-SJC
    body:
      encoding: ASCII-8BIT
      string: '{"success":true,"message":"","result":[{"MarketName":"BTC-STEEM","High":0.00034566,"Low":0.00030500,"Volume":280331.67295351,"Last":0.00033810,"BaseVolume":90.79894175,"TimeStamp":"2018-05-13T05:52:41.903","Bid":0.00033631,"Ask":0.00033804,"OpenBuyOrders":430,"OpenSellOrders":3486,"PrevDay":0.00031373,"Created":"2016-04-17T01:22:13.35"}]}'
    http_version: 
  recorded_at: Sun, 13 May 2018 05:52:43 GMT
- request:
    method: get
    uri: https://bittrex.com/api/v1.1/public/getmarketsummary?market=btc-sbd
    body:
      encoding: US-ASCII
      string: ''
    headers:
      Accept-Encoding:
      - gzip;q=1.0,deflate;q=0.6,identity;q=0.3
      Accept:
      - "*/*"
      User-Agent:
      - Ruby
  response:
    status:
      code: 200
      message: OK
    headers:
      Date:
      - Sun, 13 May 2018 05:52:43 GMT
      Content-Type:
      - application/json; charset=utf-8
      Content-Length:
      - '255'
      Connection:
      - keep-alive
      Set-Cookie:
      - __cfduid=d0212420ebbdf0ea1dfdbc06ffa2ebd811526190763; expires=Mon, 13-May-19
        05:52:43 GMT; path=/; domain=.bittrex.com; HttpOnly
      Cache-Control:
      - public, max-age=1
      Expires:
      - Sun, 13 May 2018 05:52:44 GMT
      Last-Modified:
      - Sun, 13 May 2018 05:52:43 GMT
      Vary:
      - "*, Accept-Encoding"
      Strict-Transport-Security:
      - max-age=15768000
      X-Xss-Protection:
      - 1; mode=block
      X-Content-Type-Options:
      - nosniff
      X-Download-Options:
      - noopen
      Cf-Cache-Status:
      - EXPIRED
      Expect-Ct:
      - max-age=604800, report-uri="https://report-uri.cloudflare.com/cdn-cgi/beacon/expect-ct"
      Server:
      - cloudflare
      Cf-Ray:
      - 41a2dc50be326d60-SJC
    body:
      encoding: ASCII-8BIT
      string: '{"success":true,"message":"","result":[{"MarketName":"BTC-SBD","High":0.00027685,"Low":0.00024074,"Volume":114354.36754885,"Last":0.00026503,"BaseVolume":29.28131559,"TimeStamp":"2018-05-13T05:52:42.373","Bid":0.00026388,"Ask":0.00026706,"OpenBuyOrders":144,"OpenSellOrders":1883,"PrevDay":0.00024801,"Created":"2016-07-09T19:02:08.943"}]}'
    http_version: 
  recorded_at: Sun, 13 May 2018 05:52:43 GMT
- request:
    method: post
    uri: https://api.steemit.com/
    body:
      encoding: UTF-8
      string: '{"jsonrpc":"2.0","method":"condenser_api.get_feed_history","params":[],"id":7}'
    headers:
      Content-Type:
      - application/json
      User-Agent:
      - radiator/0.4.1
      Accept-Encoding:
      - gzip;q=1.0,deflate;q=0.6,identity;q=0.3
      Accept:
      - "*/*"
      Connection:
      - keep-alive
      Keep-Alive:
      - '30'
  response:
    status:
      code: 200
      message: OK
    headers:
      Date:
      - Sun, 13 May 2018 05:52:44 GMT
      Content-Type:
      - application/json
      Transfer-Encoding:
      - chunked
      Connection:
      - keep-alive
      Server:
      - nginx
      X-Jussi-Request-Id:
      - '000967003900018898'
      X-Amzn-Trace-Id:
      - Root=1-5af7d2ac-179e6ee0d823a89afdc6e708
      Access-Control-Allow-Origin:
      - "*"
      Access-Control-Allow-Methods:
      - GET, POST, OPTIONS
      Access-Control-Allow-Headers:
      - DNT,Keep-Alive,User-Agent,X-Requested-With,If-Modified-Since,Cache-Control,Content-Type,Content-Range,Range
      Strict-Transport-Security:
      - max-age=31557600; includeSubDomains; preload
      Content-Security-Policy:
      - upgrade-insecure-requests
    body:
      encoding: ASCII-8BIT
      string: '{"jsonrpc":"2.0","result":{"id":0,"current_median_history":{"base":"2.834
        SBD","quote":"1.000 STEEM"},"price_history":[{"base":"3.513 SBD","quote":"1.000
        STEEM"},{"base":"3.491 SBD","quote":"1.000 STEEM"},{"base":"3.486 SBD","quote":"1.000
        STEEM"},{"base":"3.480 SBD","quote":"1.000 STEEM"},{"base":"3.479 SBD","quote":"1.000
        STEEM"},{"base":"3.465 SBD","quote":"1.000 STEEM"},{"base":"3.467 SBD","quote":"1.000
        STEEM"},{"base":"3.452 SBD","quote":"1.000 STEEM"},{"base":"3.387 SBD","quote":"1.000
        STEEM"},{"base":"3.381 SBD","quote":"1.000 STEEM"},{"base":"3.384 SBD","quote":"1.000
        STEEM"},{"base":"3.394 SBD","quote":"1.000 STEEM"},{"base":"3.398 SBD","quote":"1.000
        STEEM"},{"base":"3.388 SBD","quote":"1.000 STEEM"},{"base":"3.390 SBD","quote":"1.000
        STEEM"},{"base":"3.396 SBD","quote":"1.000 STEEM"},{"base":"3.384 SBD","quote":"1.000
        STEEM"},{"base":"3.384 SBD","quote":"1.000 STEEM"},{"base":"3.382 SBD","quote":"1.000
        STEEM"},{"base":"3.384 SBD","quote":"1.000 STEEM"},{"base":"3.398 SBD","quote":"1.000
        STEEM"},{"base":"3.399 SBD","quote":"1.000 STEEM"},{"base":"3.421 SBD","quote":"1.000
        STEEM"},{"base":"3.381 SBD","quote":"1.000 STEEM"},{"base":"3.342 SBD","quote":"1.000
        STEEM"},{"base":"3.341 SBD","quote":"1.000 STEEM"},{"base":"3.319 SBD","quote":"1.000
        STEEM"},{"base":"3.317 SBD","quote":"1.000 STEEM"},{"base":"3.288 SBD","quote":"1.000
        STEEM"},{"base":"3.264 SBD","quote":"1.000 STEEM"},{"base":"3.171 SBD","quote":"1.000
        STEEM"},{"base":"3.138 SBD","quote":"1.000 STEEM"},{"base":"3.097 SBD","quote":"1.000
        STEEM"},{"base":"3.098 SBD","quote":"1.000 STEEM"},{"base":"3.094 SBD","quote":"1.000
        STEEM"},{"base":"3.106 SBD","quote":"1.000 STEEM"},{"base":"3.098 SBD","quote":"1.000
        STEEM"},{"base":"2.834 SBD","quote":"1.000 STEEM"},{"base":"2.815 SBD","quote":"1.000
        STEEM"},{"base":"2.815 SBD","quote":"1.000 STEEM"},{"base":"2.773 SBD","quote":"1.000
        STEEM"},{"base":"2.751 SBD","quote":"1.000 STEEM"},{"base":"2.654 SBD","quote":"1.000
        STEEM"},{"base":"2.689 SBD","quote":"1.000 STEEM"},{"base":"2.737 SBD","quote":"1.000
        STEEM"},{"base":"2.766 SBD","quote":"1.000 STEEM"},{"base":"2.785 SBD","quote":"1.000
        STEEM"},{"base":"2.829 SBD","quote":"1.000 STEEM"},{"base":"2.829 SBD","quote":"1.000
        STEEM"},{"base":"2.848 SBD","quote":"1.000 STEEM"},{"base":"2.839 SBD","quote":"1.000
        STEEM"},{"base":"2.776 SBD","quote":"1.000 STEEM"},{"base":"2.759 SBD","quote":"1.000
        STEEM"},{"base":"2.824 SBD","quote":"1.000 STEEM"},{"base":"2.824 SBD","quote":"1.000
        STEEM"},{"base":"2.818 SBD","quote":"1.000 STEEM"},{"base":"2.807 SBD","quote":"1.000
        STEEM"},{"base":"2.792 SBD","quote":"1.000 STEEM"},{"base":"2.733 SBD","quote":"1.000
        STEEM"},{"base":"2.706 SBD","quote":"1.000 STEEM"},{"base":"2.571 SBD","quote":"1.000
        STEEM"},{"base":"2.594 SBD","quote":"1.000 STEEM"},{"base":"2.606 SBD","quote":"1.000
        STEEM"},{"base":"2.606 SBD","quote":"1.000 STEEM"},{"base":"2.715 SBD","quote":"1.000
        STEEM"},{"base":"2.738 SBD","quote":"1.000 STEEM"},{"base":"2.792 SBD","quote":"1.000
        STEEM"},{"base":"2.848 SBD","quote":"1.000 STEEM"},{"base":"2.796 SBD","quote":"1.000
        STEEM"},{"base":"2.732 SBD","quote":"1.000 STEEM"},{"base":"2.674 SBD","quote":"1.000
        STEEM"},{"base":"2.674 SBD","quote":"1.000 STEEM"},{"base":"2.685 SBD","quote":"1.000
        STEEM"},{"base":"2.694 SBD","quote":"1.000 STEEM"},{"base":"2.708 SBD","quote":"1.000
        STEEM"},{"base":"2.703 SBD","quote":"1.000 STEEM"},{"base":"2.712 SBD","quote":"1.000
        STEEM"},{"base":"2.769 SBD","quote":"1.000 STEEM"},{"base":"2.775 SBD","quote":"1.000
        STEEM"},{"base":"2.757 SBD","quote":"1.000 STEEM"},{"base":"2.723 SBD","quote":"1.000
        STEEM"},{"base":"2.818 SBD","quote":"1.000 STEEM"},{"base":"2.836 SBD","quote":"1.000
        STEEM"},{"base":"2.818 SBD","quote":"1.000 STEEM"}]},"id":7}'
    http_version: 
  recorded_at: Sun, 13 May 2018 05:52:44 GMT
- request:
    method: post
    uri: https://api.steemit.com/
    body:
      encoding: UTF-8
      string: '{"jsonrpc":"2.0","method":"condenser_api.get_dynamic_global_properties","params":[],"id":8}'
    headers:
      Content-Type:
      - application/json
      User-Agent:
      - radiator/0.4.1
      Accept-Encoding:
      - gzip;q=1.0,deflate;q=0.6,identity;q=0.3
      Accept:
      - "*/*"
      Connection:
      - keep-alive
      Keep-Alive:
      - '30'
  response:
    status:
      code: 200
      message: OK
    headers:
      Date:
      - Sun, 13 May 2018 05:52:44 GMT
      Content-Type:
      - application/json
      Transfer-Encoding:
      - chunked
      Connection:
      - keep-alive
      Server:
      - nginx
      X-Jussi-Cache-Hit:
      - appbase.condenser_api.get_dynamic_global_properties.params=[]
      X-Jussi-Request-Id:
      - '000361604530786363'
      X-Amzn-Trace-Id:
      - Root=1-5af7d2ac-361b4ff65833c7157a335883
      Access-Control-Allow-Origin:
      - "*"
      Access-Control-Allow-Methods:
      - GET, POST, OPTIONS
      Access-Control-Allow-Headers:
      - DNT,Keep-Alive,User-Agent,X-Requested-With,If-Modified-Since,Cache-Control,Content-Type,Content-Range,Range
      Strict-Transport-Security:
      - max-age=31557600; includeSubDomains; preload
      Content-Security-Policy:
      - upgrade-insecure-requests
    body:
      encoding: ASCII-8BIT
      string: '{"id":8,"jsonrpc":"2.0","result":{"head_block_number":22386166,"head_block_id":"015595f6e1916ed8ef4cbf02d7e791c90d942276","time":"2018-05-13T05:52:42","current_witness":"good-karma","total_pow":514415,"num_pow_witnesses":172,"virtual_supply":"273038779.050
        STEEM","current_supply":"268270721.427 STEEM","confidential_supply":"0.000
        STEEM","current_sbd_supply":"13512675.305 SBD","confidential_sbd_supply":"0.000
        SBD","total_vesting_fund_steem":"191177188.968 STEEM","total_vesting_shares":"389087715485.918724
        VESTS","total_reward_fund_steem":"0.000 STEEM","total_reward_shares2":"0","pending_rewarded_vesting_shares":"371435039.603180
        VESTS","pending_rewarded_vesting_steem":"181074.402 STEEM","sbd_interest_rate":0,"sbd_print_rate":10000,"maximum_block_size":65536,"current_aslot":22451854,"recent_slots_filled":"340282366920938463463374607431768211455","participation_count":128,"last_irreversible_block_num":22386151,"vote_power_reserve_rate":10,"average_block_size":11372,"current_reserve_ratio":200000000,"max_virtual_bandwidth":"264241152000000000000"}}'
    http_version: 
  recorded_at: Sun, 13 May 2018 05:52:44 GMT
- request:
    method: post
    uri: https://api.steemit.com/
    body:
      encoding: UTF-8
      string: '{"jsonrpc":"2.0","method":"condenser_api.get_dynamic_global_properties","params":[],"id":9}'
    headers:
      Content-Type:
      - application/json
      User-Agent:
      - radiator/0.4.1
      Accept-Encoding:
      - gzip;q=1.0,deflate;q=0.6,identity;q=0.3
      Accept:
      - "*/*"
      Connection:
      - keep-alive
      Keep-Alive:
      - '30'
  response:
    status:
      code: 200
      message: OK
    headers:
      Date:
      - Sun, 13 May 2018 05:52:45 GMT
      Content-Type:
      - application/json
      Transfer-Encoding:
      - chunked
      Connection:
      - keep-alive
      Server:
      - nginx
      X-Jussi-Cache-Hit:
      - appbase.condenser_api.get_dynamic_global_properties.params=[]
      X-Jussi-Request-Id:
      - '001024215199905575'
      X-Amzn-Trace-Id:
      - Root=1-5af7d2ad-cb938c036823e1083cf698ed
      Access-Control-Allow-Origin:
      - "*"
      Access-Control-Allow-Methods:
      - GET, POST, OPTIONS
      Access-Control-Allow-Headers:
      - DNT,Keep-Alive,User-Agent,X-Requested-With,If-Modified-Since,Cache-Control,Content-Type,Content-Range,Range
      Strict-Transport-Security:
      - max-age=31557600; includeSubDomains; preload
      Content-Security-Policy:
      - upgrade-insecure-requests
    body:
      encoding: ASCII-8BIT
      string: '{"id":9,"jsonrpc":"2.0","result":{"head_block_number":22386166,"head_block_id":"015595f6e1916ed8ef4cbf02d7e791c90d942276","time":"2018-05-13T05:52:42","current_witness":"good-karma","total_pow":514415,"num_pow_witnesses":172,"virtual_supply":"273038779.050
        STEEM","current_supply":"268270721.427 STEEM","confidential_supply":"0.000
        STEEM","current_sbd_supply":"13512675.305 SBD","confidential_sbd_supply":"0.000
        SBD","total_vesting_fund_steem":"191177188.968 STEEM","total_vesting_shares":"389087715485.918724
        VESTS","total_reward_fund_steem":"0.000 STEEM","total_reward_shares2":"0","pending_rewarded_vesting_shares":"371435039.603180
        VESTS","pending_rewarded_vesting_steem":"181074.402 STEEM","sbd_interest_rate":0,"sbd_print_rate":10000,"maximum_block_size":65536,"current_aslot":22451854,"recent_slots_filled":"340282366920938463463374607431768211455","participation_count":128,"last_irreversible_block_num":22386151,"vote_power_reserve_rate":10,"average_block_size":11372,"current_reserve_ratio":200000000,"max_virtual_bandwidth":"264241152000000000000"}}'
    http_version: 
  recorded_at: Sun, 13 May 2018 05:52:45 GMT
- request:
    method: post
    uri: https://api.steemit.com/
    body:
      encoding: UTF-8
      string: '{"jsonrpc":"2.0","method":"condenser_api.get_accounts","params":[["a-a"]],"id":10}'
    headers:
      Content-Type:
      - application/json
      User-Agent:
      - radiator/0.4.1
      Accept-Encoding:
      - gzip;q=1.0,deflate;q=0.6,identity;q=0.3
      Accept:
      - "*/*"
      Connection:
      - keep-alive
      Keep-Alive:
      - '30'
  response:
    status:
      code: 200
      message: OK
    headers:
      Date:
      - Sun, 13 May 2018 05:52:47 GMT
      Content-Type:
      - application/json
      Transfer-Encoding:
      - chunked
      Connection:
      - keep-alive
      Server:
      - nginx
      X-Jussi-Request-Id:
      - '000905410866094141'
      X-Amzn-Trace-Id:
      - Root=1-5af7d2ae-ffa897027262a3cac48e3174
      Access-Control-Allow-Origin:
      - "*"
      Access-Control-Allow-Methods:
      - GET, POST, OPTIONS
      Access-Control-Allow-Headers:
      - DNT,Keep-Alive,User-Agent,X-Requested-With,If-Modified-Since,Cache-Control,Content-Type,Content-Range,Range
      Strict-Transport-Security:
      - max-age=31557600; includeSubDomains; preload
      Content-Security-Policy:
      - upgrade-insecure-requests
    body:
      encoding: ASCII-8BIT
      string: '{"jsonrpc":"2.0","result":[{"id":31109,"name":"a-a","owner":{"weight_threshold":1,"account_auths":[],"key_auths":[["STM8C7vsYRn7mYUNtA9AYh2Gd4Lxuo6v1mosJVBLrmP6Zkk3Wg5D2",1]]},"active":{"weight_threshold":1,"account_auths":[],"key_auths":[["STM6tKzhUpVoxw6cvruAurJ5Y6fPK3o7HwvCYngpVLDKs6yf9zokc",1]]},"posting":{"weight_threshold":1,"account_auths":[],"key_auths":[["STM7Nc2WMp3SUVA2oxp6VQWLtGN7riKRB7dy9bkiRyruMkxM3v5hh",1]]},"memo_key":"STM5hHTcQepM8myWGyEdzTvWCBJEyxTSYjQLSHUbDbPQ9h9HX5haC","json_metadata":"","proxy":"","last_owner_update":"1970-01-01T00:00:00","last_account_update":"1970-01-01T00:00:00","created":"2016-07-23T10:55:54","mined":false,"recovery_account":"steem","last_account_recovery":"1970-01-01T00:00:00","reset_account":"null","comment_count":0,"lifetime_vote_count":0,"post_count":0,"can_vote":true,"voting_power":10000,"last_vote_time":"2016-07-23T10:55:54","balance":"6.154
        STEEM","savings_balance":"0.000 STEEM","sbd_balance":"0.000 SBD","sbd_seconds":"0","sbd_seconds_last_update":"1970-01-01T00:00:00","sbd_last_interest_payment":"1970-01-01T00:00:00","savings_sbd_balance":"0.000
        SBD","savings_sbd_seconds":"0","savings_sbd_seconds_last_update":"1970-01-01T00:00:00","savings_sbd_last_interest_payment":"1970-01-01T00:00:00","savings_withdraw_requests":0,"reward_sbd_balance":"0.000
        SBD","reward_steem_balance":"0.000 STEEM","reward_vesting_balance":"0.000000
        VESTS","reward_vesting_steem":"0.000 STEEM","vesting_shares":"0.000000 VESTS","delegated_vesting_shares":"0.000000
        VESTS","received_vesting_shares":"0.000000 VESTS","vesting_withdraw_rate":"0.000000
        VESTS","next_vesting_withdrawal":"1969-12-31T23:59:59","withdrawn":"12723594621","to_withdraw":"12723594621","withdraw_routes":0,"curation_rewards":0,"posting_rewards":0,"proxied_vsf_votes":[0,0,0,0],"witnesses_voted_for":0,"last_post":"1970-01-01T00:00:00","last_root_post":"1970-01-01T00:00:00","average_bandwidth":99000000,"lifetime_bandwidth":99000000,"last_bandwidth_update":"2017-06-13T07:49:21","average_market_bandwidth":0,"lifetime_market_bandwidth":0,"last_market_bandwidth_update":"1970-01-01T00:00:00","vesting_balance":"0.000
        STEEM","reputation":0,"transfer_history":[],"market_history":[],"post_history":[],"vote_history":[],"other_history":[],"witness_votes":[],"tags_usage":[],"guest_bloggers":[]}],"id":10}'
    http_version: 
  recorded_at: Sun, 13 May 2018 05:52:47 GMT
- request:
    method: get
    uri: https://poloniex.com/public?command=returnOrderBook&currencyPair=BTC_STEEM&depth=10
    body:
      encoding: US-ASCII
      string: ''
    headers:
      Accept-Encoding:
      - gzip;q=1.0,deflate;q=0.6,identity;q=0.3
      Accept:
      - "*/*"
      User-Agent:
      - Ruby
  response:
    status:
      code: 200
      message: OK
    headers:
      Date:
      - Sun, 13 May 2018 05:52:47 GMT
      Content-Type:
      - application/json
      Transfer-Encoding:
      - chunked
      Connection:
      - keep-alive
      Set-Cookie:
      - __cfduid=d93bd4e84c6dde92a0cdfab82e7dc14871526190767; expires=Mon, 13-May-19
        05:52:47 GMT; path=/; domain=.poloniex.com; HttpOnly
      Access-Control-Allow-Origin:
      - "*"
      Access-Control-Allow-Methods:
      - GET
      Expect-Ct:
      - max-age=604800, report-uri="https://report-uri.cloudflare.com/cdn-cgi/beacon/expect-ct"
      Server:
      - cloudflare
      Cf-Ray:
      - 41a2dc68889f93ba-SJC
    body:
      encoding: ASCII-8BIT
      string: '{"asks":[["0.00030162",274.84398271],["0.00030280",2.34145779],["0.00030331",25.53611772],["0.00030398",19.3],["0.00030399",0.40599058],["0.00030402",2.33205875],["0.00030433",0.35707392],["0.00030438",16.4653395],["0.00030500",0.36611667],["0.00030524",2.04999999]],"bids":[["0.00030161",96.86869919],["0.00030144",13.51441283],["0.00030143",450.60784164],["0.00030127",2.4514389],["0.00030096",32.07661241],["0.00030050",0.9983361],["0.00029992",1],["0.00029935",12.68446632],["0.00029845",0.40170053],["0.00029665",168.79298377]],"isFrozen":"0","seq":83948561}'
    http_version: 
  recorded_at: Sun, 13 May 2018 05:52:47 GMT
- request:
    method: get
    uri: https://poloniex.com/public?command=returnOrderBook&currencyPair=BTC_SBD&depth=10
    body:
      encoding: US-ASCII
      string: ''
    headers:
      Accept-Encoding:
      - gzip;q=1.0,deflate;q=0.6,identity;q=0.3
      Accept:
      - "*/*"
      User-Agent:
      - Ruby
  response:
    status:
      code: 200
      message: OK
    headers:
      Date:
      - Sun, 13 May 2018 05:52:47 GMT
      Content-Type:
      - application/json
      Transfer-Encoding:
      - chunked
      Connection:
      - keep-alive
      Set-Cookie:
      - __cfduid=d650f8541d3b2b8342c35ba12ed8f71e61526190767; expires=Mon, 13-May-19
        05:52:47 GMT; path=/; domain=.poloniex.com; HttpOnly
      Access-Control-Allow-Origin:
      - "*"
      Access-Control-Allow-Methods:
      - GET
      Expect-Ct:
      - max-age=604800, report-uri="https://report-uri.cloudflare.com/cdn-cgi/beacon/expect-ct"
      Server:
      - cloudflare
      Cf-Ray:
      - 41a2dc69bff6936c-SJC
    body:
      encoding: ASCII-8BIT
      string: '{"asks":[["0.00028447",1.11067853],["0.00028539",3],["0.00028649",3],["0.00028672",140.97317347],["0.00028683",1.74990385],["0.00028686",0.86487234],["0.00028739",557.68905645],["0.00028785",1.0435],["0.00028898",6],["0.00028931",0.83202981]],"bids":[["0.00028001",173.89967564],["0.00028000",591.78036488],["0.00027650",0.76831826],["0.00027481",10],["0.00027480",473.0713246],["0.00027479",1473.85276029],["0.00027478",1869.19811664],["0.00027082",0.9152],["0.00027034",2.40421701],["0.00027012",1658.22275284]],"isFrozen":"0","seq":22880401}'
    http_version: 
  recorded_at: Sun, 13 May 2018 05:52:47 GMT
- request:
    method: get
    uri: https://poloniex.com/public?command=returnOrderBook&currencyPair=USDT_BTC&depth=10
    body:
      encoding: US-ASCII
      string: ''
    headers:
      Accept-Encoding:
      - gzip;q=1.0,deflate;q=0.6,identity;q=0.3
      Accept:
      - "*/*"
      User-Agent:
      - Ruby
  response:
    status:
      code: 200
      message: OK
    headers:
      Date:
      - Sun, 13 May 2018 05:52:47 GMT
      Content-Type:
      - application/json
      Transfer-Encoding:
      - chunked
      Connection:
      - keep-alive
      Set-Cookie:
      - __cfduid=d93bd4e84c6dde92a0cdfab82e7dc14871526190767; expires=Mon, 13-May-19
        05:52:47 GMT; path=/; domain=.poloniex.com; HttpOnly
      Access-Control-Allow-Origin:
      - "*"
      Access-Control-Allow-Methods:
      - GET
      Expect-Ct:
      - max-age=604800, report-uri="https://report-uri.cloudflare.com/cdn-cgi/beacon/expect-ct"
      Server:
      - cloudflare
      Cf-Ray:
      - 41a2dc6ad9e893ba-SJC
    body:
      encoding: ASCII-8BIT
      string: '{"asks":[["8399.99999608",4.787711],["8399.99999622",0.6487],["8399.99999645",0.65852632],["8400.00000000",0.53869528],["8401.65883948",0.00071556],["8407.36030747",0.00673712],["8408.99556380",0.00023844],["8410.04282790",0.00845709],["8413.90000000",1.5],["8414.03000000",0.003]],"bids":[["8399.00000000",0.35419197],["8380.41619672",0.4],["8380.32702653",0.01050555],["8380.00000000",0.02422588],["8379.05236560",0.0002381],["8374.21929840",0.03],["8369.55517125",0.24],["8369.54242141",0.0046837],["8369.53244542",0.4],["8358.60000101",0.01670709]],"isFrozen":"0","seq":239043795}'
    http_version: 
  recorded_at: Sun, 13 May 2018 05:52:47 GMT
- request:
    method: get
    uri: https://bittrex.com/api/v1.1/public/getmarketsummary?market=btc-golos
    body:
      encoding: US-ASCII
      string: ''
    headers:
      Accept-Encoding:
      - gzip;q=1.0,deflate;q=0.6,identity;q=0.3
      Accept:
      - "*/*"
      User-Agent:
      - Ruby
  response:
    status:
      code: 200
      message: OK
    headers:
      Date:
      - Sun, 13 May 2018 05:52:47 GMT
      Content-Type:
      - application/json; charset=utf-8
      Content-Length:
      - '248'
      Connection:
      - keep-alive
      Set-Cookie:
      - __cfduid=d65d58163b4a169b34ea6402aa6f1c4621526190767; expires=Mon, 13-May-19
        05:52:47 GMT; path=/; domain=.bittrex.com; HttpOnly
      Cache-Control:
      - public, max-age=1
      Expires:
      - Sun, 13 May 2018 05:52:48 GMT
      Last-Modified:
      - Sun, 13 May 2018 05:52:47 GMT
      Vary:
      - "*, Accept-Encoding"
      Strict-Transport-Security:
      - max-age=15768000
      X-Xss-Protection:
      - 1; mode=block
      X-Content-Type-Options:
      - nosniff
      X-Download-Options:
      - noopen
      Cf-Cache-Status:
      - EXPIRED
      Expect-Ct:
      - max-age=604800, report-uri="https://report-uri.cloudflare.com/cdn-cgi/beacon/expect-ct"
      Server:
      - cloudflare
      Cf-Ray:
      - 41a2dc6becd46d54-SJC
    body:
      encoding: ASCII-8BIT
      string: '{"success":true,"message":"","result":[{"MarketName":"BTC-GOLOS","High":0.00000893,"Low":0.00000829,"Volume":120879.09545822,"Last":0.00000852,"BaseVolume":1.03918205,"TimeStamp":"2018-05-13T05:51:03.187","Bid":0.00000852,"Ask":0.00000868,"OpenBuyOrders":97,"OpenSellOrders":1988,"PrevDay":0.00000887,"Created":"2017-01-19T23:23:12.41"}]}'
    http_version: 
  recorded_at: Sun, 13 May 2018 05:52:48 GMT
- request:
    method: get
    uri: https://bittrex.com/api/v1.1/public/getmarketsummary?market=btc-gbg
    body:
      encoding: US-ASCII
      string: ''
    headers:
      Accept-Encoding:
      - gzip;q=1.0,deflate;q=0.6,identity;q=0.3
      Accept:
      - "*/*"
      User-Agent:
      - Ruby
  response:
    status:
      code: 200
      message: OK
    headers:
      Date:
      - Sun, 13 May 2018 05:52:48 GMT
      Content-Type:
      - application/json; charset=utf-8
      Content-Length:
      - '250'
      Connection:
      - keep-alive
      Set-Cookie:
      - __cfduid=db95b6721f77e92398217236bc03e3e9a1526190768; expires=Mon, 13-May-19
        05:52:48 GMT; path=/; domain=.bittrex.com; HttpOnly
      Cache-Control:
      - public, max-age=1
      Expires:
      - Sun, 13 May 2018 05:52:49 GMT
      Last-Modified:
      - Sun, 13 May 2018 05:52:48 GMT
      Vary:
      - "*, Accept-Encoding"
      Strict-Transport-Security:
      - max-age=15768000
      X-Xss-Protection:
      - 1; mode=block
      X-Content-Type-Options:
      - nosniff
      X-Download-Options:
      - noopen
      Cf-Cache-Status:
      - EXPIRED
      Expect-Ct:
      - max-age=604800, report-uri="https://report-uri.cloudflare.com/cdn-cgi/beacon/expect-ct"
      Server:
      - cloudflare
      Cf-Ray:
      - 41a2dc6cae2f6d5a-SJC
    body:
      encoding: ASCII-8BIT
      string: '{"success":true,"message":"","result":[{"MarketName":"BTC-GBG","High":0.00000899,"Low":0.00000797,"Volume":83567.78769618,"Last":0.00000841,"BaseVolume":0.71069668,"TimeStamp":"2018-05-13T05:52:28.58","Bid":0.00000815,"Ask":0.00000834,"OpenBuyOrders":67,"OpenSellOrders":1839,"PrevDay":0.00000803,"Created":"2017-02-12T00:38:21.023"}]}'
    http_version: 
  recorded_at: Sun, 13 May 2018 05:52:48 GMT
- request:
    method: get
    uri: https://bittrex.com/api/v1.1/public/getmarketsummary?market=usdt-btc
    body:
      encoding: US-ASCII
      string: ''
    headers:
      Accept-Encoding:
      - gzip;q=1.0,deflate;q=0.6,identity;q=0.3
      Accept:
      - "*/*"
      User-Agent:
      - Ruby
  response:
    status:
      code: 200
      message: OK
    headers:
      Date:
      - Sun, 13 May 2018 05:52:48 GMT
      Content-Type:
      - application/json; charset=utf-8
      Content-Length:
      - '265'
      Connection:
      - keep-alive
      Set-Cookie:
      - __cfduid=de1de6342eced149883e5218036a18c791526190768; expires=Mon, 13-May-19
        05:52:48 GMT; path=/; domain=.bittrex.com; HttpOnly
      Cache-Control:
      - public, max-age=1
      Expires:
      - Sun, 13 May 2018 05:52:49 GMT
      Last-Modified:
      - Sun, 13 May 2018 05:52:48 GMT
      Vary:
      - "*, Accept-Encoding"
      Strict-Transport-Security:
      - max-age=15768000
      X-Xss-Protection:
      - 1; mode=block
      X-Content-Type-Options:
      - nosniff
      X-Download-Options:
      - noopen
      Cf-Cache-Status:
      - EXPIRED
      Expect-Ct:
      - max-age=604800, report-uri="https://report-uri.cloudflare.com/cdn-cgi/beacon/expect-ct"
      Server:
      - cloudflare
      Cf-Ray:
      - 41a2dc6d5d906d54-SJC
    body:
      encoding: ASCII-8BIT
      string: '{"success":true,"message":"","result":[{"MarketName":"USDT-BTC","High":8649.33300003,"Low":8177.00000000,"Volume":2523.40705368,"Last":8393.32000000,"BaseVolume":21139028.68190359,"TimeStamp":"2018-05-13T05:52:48.2","Bid":8393.32000000,"Ask":8422.88000000,"OpenBuyOrders":2652,"OpenSellOrders":2700,"PrevDay":8311.00000000,"Created":"2015-12-11T06:31:40.633"}]}'
    http_version: 
  recorded_at: Sun, 13 May 2018 05:52:48 GMT
- request:
    method: get
    uri: https://bittrex.com/api/v1.1/public/getmarketsummary?market=btc-steem
    body:
      encoding: US-ASCII
      string: ''
    headers:
      Accept-Encoding:
      - gzip;q=1.0,deflate;q=0.6,identity;q=0.3
      Accept:
      - "*/*"
      User-Agent:
      - Ruby
  response:
    status:
      code: 200
      message: OK
    headers:
      Date:
      - Sun, 13 May 2018 05:52:48 GMT
      Content-Type:
      - application/json; charset=utf-8
      Content-Length:
      - '258'
      Connection:
      - keep-alive
      Set-Cookie:
      - __cfduid=dc037f2d60f87342b1f890a5096f2639f1526190768; expires=Mon, 13-May-19
        05:52:48 GMT; path=/; domain=.bittrex.com; HttpOnly
      Cache-Control:
      - public, max-age=1
      Expires:
      - Sun, 13 May 2018 05:52:49 GMT
      Last-Modified:
      - Sun, 13 May 2018 05:52:48 GMT
      Vary:
      - "*, Accept-Encoding"
      Strict-Transport-Security:
      - max-age=15768000
      X-Xss-Protection:
      - 1; mode=block
      X-Content-Type-Options:
      - nosniff
      X-Download-Options:
      - noopen
      Cf-Cache-Status:
      - EXPIRED
      Expect-Ct:
      - max-age=604800, report-uri="https://report-uri.cloudflare.com/cdn-cgi/beacon/expect-ct"
      Server:
      - cloudflare
      Cf-Ray:
      - 41a2dc704e076d78-SJC
    body:
      encoding: ASCII-8BIT
      string: '{"success":true,"message":"","result":[{"MarketName":"BTC-STEEM","High":0.00034566,"Low":0.00030500,"Volume":280331.67295351,"Last":0.00033810,"BaseVolume":90.79894175,"TimeStamp":"2018-05-13T05:52:44.577","Bid":0.00033631,"Ask":0.00033803,"OpenBuyOrders":430,"OpenSellOrders":3486,"PrevDay":0.00031373,"Created":"2016-04-17T01:22:13.35"}]}'
    http_version: 
  recorded_at: Sun, 13 May 2018 05:52:48 GMT
- request:
    method: get
    uri: https://bittrex.com/api/v1.1/public/getmarketsummary?market=btc-sbd
    body:
      encoding: US-ASCII
      string: ''
    headers:
      Accept-Encoding:
      - gzip;q=1.0,deflate;q=0.6,identity;q=0.3
      Accept:
      - "*/*"
      User-Agent:
      - Ruby
  response:
    status:
      code: 200
      message: OK
    headers:
      Date:
      - Sun, 13 May 2018 05:52:48 GMT
      Content-Type:
      - application/json; charset=utf-8
      Content-Length:
      - '255'
      Connection:
      - keep-alive
      Set-Cookie:
      - __cfduid=de1de6342eced149883e5218036a18c791526190768; expires=Mon, 13-May-19
        05:52:48 GMT; path=/; domain=.bittrex.com; HttpOnly
      Cache-Control:
      - public, max-age=1
      Expires:
      - Sun, 13 May 2018 05:52:49 GMT
      Last-Modified:
      - Sun, 13 May 2018 05:52:48 GMT
      Vary:
      - "*, Accept-Encoding"
      Strict-Transport-Security:
      - max-age=15768000
      X-Xss-Protection:
      - 1; mode=block
      X-Content-Type-Options:
      - nosniff
      X-Download-Options:
      - noopen
      Cf-Cache-Status:
      - EXPIRED
      Expect-Ct:
      - max-age=604800, report-uri="https://report-uri.cloudflare.com/cdn-cgi/beacon/expect-ct"
      Server:
      - cloudflare
      Cf-Ray:
      - 41a2dc710f2b6d54-SJC
    body:
      encoding: ASCII-8BIT
      string: '{"success":true,"message":"","result":[{"MarketName":"BTC-SBD","High":0.00027685,"Low":0.00024074,"Volume":114354.36754885,"Last":0.00026503,"BaseVolume":29.28131559,"TimeStamp":"2018-05-13T05:52:46.59","Bid":0.00026388,"Ask":0.00026706,"OpenBuyOrders":144,"OpenSellOrders":1883,"PrevDay":0.00024801,"Created":"2016-07-09T19:02:08.943"}]}'
    http_version: 
  recorded_at: Sun, 13 May 2018 05:52:48 GMT
- request:
    method: post
    uri: https://api.steemit.com/
    body:
      encoding: UTF-8
      string: '{"jsonrpc":"2.0","method":"condenser_api.get_feed_history","params":[],"id":11}'
    headers:
      Content-Type:
      - application/json
      User-Agent:
      - radiator/0.4.1
      Accept-Encoding:
      - gzip;q=1.0,deflate;q=0.6,identity;q=0.3
      Accept:
      - "*/*"
      Connection:
      - keep-alive
      Keep-Alive:
      - '30'
  response:
    status:
      code: 200
      message: OK
    headers:
      Date:
      - Sun, 13 May 2018 05:52:49 GMT
      Content-Type:
      - application/json
      Transfer-Encoding:
      - chunked
      Connection:
      - keep-alive
      Server:
      - nginx
      X-Jussi-Request-Id:
      - '000273857805146213'
      X-Amzn-Trace-Id:
      - Root=1-5af7d2b1-6458cb48783c221cfe6eccfa
      Access-Control-Allow-Origin:
      - "*"
      Access-Control-Allow-Methods:
      - GET, POST, OPTIONS
      Access-Control-Allow-Headers:
      - DNT,Keep-Alive,User-Agent,X-Requested-With,If-Modified-Since,Cache-Control,Content-Type,Content-Range,Range
      Strict-Transport-Security:
      - max-age=31557600; includeSubDomains; preload
      Content-Security-Policy:
      - upgrade-insecure-requests
    body:
      encoding: ASCII-8BIT
      string: '{"jsonrpc":"2.0","result":{"id":0,"current_median_history":{"base":"2.834
        SBD","quote":"1.000 STEEM"},"price_history":[{"base":"3.513 SBD","quote":"1.000
        STEEM"},{"base":"3.491 SBD","quote":"1.000 STEEM"},{"base":"3.486 SBD","quote":"1.000
        STEEM"},{"base":"3.480 SBD","quote":"1.000 STEEM"},{"base":"3.479 SBD","quote":"1.000
        STEEM"},{"base":"3.465 SBD","quote":"1.000 STEEM"},{"base":"3.467 SBD","quote":"1.000
        STEEM"},{"base":"3.452 SBD","quote":"1.000 STEEM"},{"base":"3.387 SBD","quote":"1.000
        STEEM"},{"base":"3.381 SBD","quote":"1.000 STEEM"},{"base":"3.384 SBD","quote":"1.000
        STEEM"},{"base":"3.394 SBD","quote":"1.000 STEEM"},{"base":"3.398 SBD","quote":"1.000
        STEEM"},{"base":"3.388 SBD","quote":"1.000 STEEM"},{"base":"3.390 SBD","quote":"1.000
        STEEM"},{"base":"3.396 SBD","quote":"1.000 STEEM"},{"base":"3.384 SBD","quote":"1.000
        STEEM"},{"base":"3.384 SBD","quote":"1.000 STEEM"},{"base":"3.382 SBD","quote":"1.000
        STEEM"},{"base":"3.384 SBD","quote":"1.000 STEEM"},{"base":"3.398 SBD","quote":"1.000
        STEEM"},{"base":"3.399 SBD","quote":"1.000 STEEM"},{"base":"3.421 SBD","quote":"1.000
        STEEM"},{"base":"3.381 SBD","quote":"1.000 STEEM"},{"base":"3.342 SBD","quote":"1.000
        STEEM"},{"base":"3.341 SBD","quote":"1.000 STEEM"},{"base":"3.319 SBD","quote":"1.000
        STEEM"},{"base":"3.317 SBD","quote":"1.000 STEEM"},{"base":"3.288 SBD","quote":"1.000
        STEEM"},{"base":"3.264 SBD","quote":"1.000 STEEM"},{"base":"3.171 SBD","quote":"1.000
        STEEM"},{"base":"3.138 SBD","quote":"1.000 STEEM"},{"base":"3.097 SBD","quote":"1.000
        STEEM"},{"base":"3.098 SBD","quote":"1.000 STEEM"},{"base":"3.094 SBD","quote":"1.000
        STEEM"},{"base":"3.106 SBD","quote":"1.000 STEEM"},{"base":"3.098 SBD","quote":"1.000
        STEEM"},{"base":"2.834 SBD","quote":"1.000 STEEM"},{"base":"2.815 SBD","quote":"1.000
        STEEM"},{"base":"2.815 SBD","quote":"1.000 STEEM"},{"base":"2.773 SBD","quote":"1.000
        STEEM"},{"base":"2.751 SBD","quote":"1.000 STEEM"},{"base":"2.654 SBD","quote":"1.000
        STEEM"},{"base":"2.689 SBD","quote":"1.000 STEEM"},{"base":"2.737 SBD","quote":"1.000
        STEEM"},{"base":"2.766 SBD","quote":"1.000 STEEM"},{"base":"2.785 SBD","quote":"1.000
        STEEM"},{"base":"2.829 SBD","quote":"1.000 STEEM"},{"base":"2.829 SBD","quote":"1.000
        STEEM"},{"base":"2.848 SBD","quote":"1.000 STEEM"},{"base":"2.839 SBD","quote":"1.000
        STEEM"},{"base":"2.776 SBD","quote":"1.000 STEEM"},{"base":"2.759 SBD","quote":"1.000
        STEEM"},{"base":"2.824 SBD","quote":"1.000 STEEM"},{"base":"2.824 SBD","quote":"1.000
        STEEM"},{"base":"2.818 SBD","quote":"1.000 STEEM"},{"base":"2.807 SBD","quote":"1.000
        STEEM"},{"base":"2.792 SBD","quote":"1.000 STEEM"},{"base":"2.733 SBD","quote":"1.000
        STEEM"},{"base":"2.706 SBD","quote":"1.000 STEEM"},{"base":"2.571 SBD","quote":"1.000
        STEEM"},{"base":"2.594 SBD","quote":"1.000 STEEM"},{"base":"2.606 SBD","quote":"1.000
        STEEM"},{"base":"2.606 SBD","quote":"1.000 STEEM"},{"base":"2.715 SBD","quote":"1.000
        STEEM"},{"base":"2.738 SBD","quote":"1.000 STEEM"},{"base":"2.792 SBD","quote":"1.000
        STEEM"},{"base":"2.848 SBD","quote":"1.000 STEEM"},{"base":"2.796 SBD","quote":"1.000
        STEEM"},{"base":"2.732 SBD","quote":"1.000 STEEM"},{"base":"2.674 SBD","quote":"1.000
        STEEM"},{"base":"2.674 SBD","quote":"1.000 STEEM"},{"base":"2.685 SBD","quote":"1.000
        STEEM"},{"base":"2.694 SBD","quote":"1.000 STEEM"},{"base":"2.708 SBD","quote":"1.000
        STEEM"},{"base":"2.703 SBD","quote":"1.000 STEEM"},{"base":"2.712 SBD","quote":"1.000
        STEEM"},{"base":"2.769 SBD","quote":"1.000 STEEM"},{"base":"2.775 SBD","quote":"1.000
        STEEM"},{"base":"2.757 SBD","quote":"1.000 STEEM"},{"base":"2.723 SBD","quote":"1.000
        STEEM"},{"base":"2.818 SBD","quote":"1.000 STEEM"},{"base":"2.836 SBD","quote":"1.000
        STEEM"},{"base":"2.818 SBD","quote":"1.000 STEEM"}]},"id":11}'
    http_version: 
  recorded_at: Sun, 13 May 2018 05:52:49 GMT
- request:
    method: post
    uri: https://api.steemit.com/
    body:
      encoding: UTF-8
      string: '{"jsonrpc":"2.0","method":"condenser_api.get_dynamic_global_properties","params":[],"id":12}'
    headers:
      Content-Type:
      - application/json
      User-Agent:
      - radiator/0.4.1
      Accept-Encoding:
      - gzip;q=1.0,deflate;q=0.6,identity;q=0.3
      Accept:
      - "*/*"
      Connection:
      - keep-alive
      Keep-Alive:
      - '30'
  response:
    status:
      code: 200
      message: OK
    headers:
      Date:
      - Sun, 13 May 2018 05:52:49 GMT
      Content-Type:
      - application/json
      Transfer-Encoding:
      - chunked
      Connection:
      - keep-alive
      Server:
      - nginx
      X-Jussi-Cache-Hit:
      - appbase.condenser_api.get_dynamic_global_properties.params=[]
      X-Jussi-Request-Id:
      - '000587016456007763'
      X-Amzn-Trace-Id:
      - Root=1-5af7d2b1-3a95c366b2c128f8e5406466
      Access-Control-Allow-Origin:
      - "*"
      Access-Control-Allow-Methods:
      - GET, POST, OPTIONS
      Access-Control-Allow-Headers:
      - DNT,Keep-Alive,User-Agent,X-Requested-With,If-Modified-Since,Cache-Control,Content-Type,Content-Range,Range
      Strict-Transport-Security:
      - max-age=31557600; includeSubDomains; preload
      Content-Security-Policy:
      - upgrade-insecure-requests
    body:
      encoding: ASCII-8BIT
      string: '{"id":12,"jsonrpc":"2.0","result":{"head_block_number":22386168,"head_block_id":"015595f8862313e4b57b73db31a9ed25ce87ac84","time":"2018-05-13T05:52:48","current_witness":"jerrybanfield","total_pow":514415,"num_pow_witnesses":172,"virtual_supply":"273038783.591
        STEEM","current_supply":"268270723.882 STEEM","confidential_supply":"0.000
        STEEM","current_sbd_supply":"13512681.218 SBD","confidential_sbd_supply":"0.000
        SBD","total_vesting_fund_steem":"191177191.272 STEEM","total_vesting_shares":"389087718766.729448
        VESTS","total_reward_fund_steem":"0.000 STEEM","total_reward_shares2":"0","pending_rewarded_vesting_shares":"371439278.982062
        VESTS","pending_rewarded_vesting_steem":"181076.485 STEEM","sbd_interest_rate":0,"sbd_print_rate":10000,"maximum_block_size":65536,"current_aslot":22451856,"recent_slots_filled":"340282366920938463463374607431768211455","participation_count":128,"last_irreversible_block_num":22386153,"vote_power_reserve_rate":10,"average_block_size":11283,"current_reserve_ratio":200000000,"max_virtual_bandwidth":"264241152000000000000"}}'
    http_version: 
  recorded_at: Sun, 13 May 2018 05:52:49 GMT
- request:
    method: post
    uri: https://api.steemit.com/
    body:
      encoding: UTF-8
      string: '{"jsonrpc":"2.0","method":"condenser_api.get_dynamic_global_properties","params":[],"id":13}'
    headers:
      Content-Type:
      - application/json
      User-Agent:
      - radiator/0.4.1
      Accept-Encoding:
      - gzip;q=1.0,deflate;q=0.6,identity;q=0.3
      Accept:
      - "*/*"
      Connection:
      - keep-alive
      Keep-Alive:
      - '30'
  response:
    status:
      code: 200
      message: OK
    headers:
      Date:
      - Sun, 13 May 2018 05:52:50 GMT
      Content-Type:
      - application/json
      Transfer-Encoding:
      - chunked
      Connection:
      - keep-alive
      Server:
      - nginx
      X-Jussi-Cache-Hit:
      - appbase.condenser_api.get_dynamic_global_properties.params=[]
      X-Jussi-Request-Id:
      - '000594406730724181'
      X-Amzn-Trace-Id:
      - Root=1-5af7d2b2-211457e64beb687e2f58e010
      Access-Control-Allow-Origin:
      - "*"
      Access-Control-Allow-Methods:
      - GET, POST, OPTIONS
      Access-Control-Allow-Headers:
      - DNT,Keep-Alive,User-Agent,X-Requested-With,If-Modified-Since,Cache-Control,Content-Type,Content-Range,Range
      Strict-Transport-Security:
      - max-age=31557600; includeSubDomains; preload
      Content-Security-Policy:
      - upgrade-insecure-requests
    body:
      encoding: ASCII-8BIT
      string: '{"id":13,"jsonrpc":"2.0","result":{"head_block_number":22386168,"head_block_id":"015595f8862313e4b57b73db31a9ed25ce87ac84","time":"2018-05-13T05:52:48","current_witness":"jerrybanfield","total_pow":514415,"num_pow_witnesses":172,"virtual_supply":"273038783.591
        STEEM","current_supply":"268270723.882 STEEM","confidential_supply":"0.000
        STEEM","current_sbd_supply":"13512681.218 SBD","confidential_sbd_supply":"0.000
        SBD","total_vesting_fund_steem":"191177191.272 STEEM","total_vesting_shares":"389087718766.729448
        VESTS","total_reward_fund_steem":"0.000 STEEM","total_reward_shares2":"0","pending_rewarded_vesting_shares":"371439278.982062
        VESTS","pending_rewarded_vesting_steem":"181076.485 STEEM","sbd_interest_rate":0,"sbd_print_rate":10000,"maximum_block_size":65536,"current_aslot":22451856,"recent_slots_filled":"340282366920938463463374607431768211455","participation_count":128,"last_irreversible_block_num":22386153,"vote_power_reserve_rate":10,"average_block_size":11283,"current_reserve_ratio":200000000,"max_virtual_bandwidth":"264241152000000000000"}}'
    http_version: 
  recorded_at: Sun, 13 May 2018 05:52:50 GMT
recorded_with: VCR 3.0.3
